{0: 'ReplicaExchange_SwapSuccessRatio', 1: 'ReplicaExchange_MinTempFrequency', 2: 'MonteCarlo_Nframe', 3: 'MonteCarlo_Acceptance_BallMover2_3', 4: 'Total_Score', 5: 'rmf_frame_index', 6: 'ReplicaExchange_MaxTempFrequency', 7: 'rmf_file', 8: 'MonteCarlo_Temperature', 'STAT2HEADER_IMP_VERSIONS': "{'PMI_VERSION': 'develop-e47fec9', 'ISD_EMXL_VERSION': 'master-43788b2', 'IMP_VERSION': 'develop-1f6d8c0'}", 10: 'MonteCarlo_Acceptance_BallMover0_1', 11: 'Stopwatch_None_delta_seconds', 12: 'MonteCarlo_Acceptance_created rigid body mover_0', 13: 'ReplicaExchange_CurrentTemp', 14: 'MonteCarlo_Acceptance_created rigid body mover_4', 15: 'MonteCarlo_Acceptance_BallMover1_2', 9: 'DistanceRestraint_None', 'STAT2HEADER': 'STAT2HEADER', 'STAT2HEADER_ENVIRON': "{'SECURITYSESSIONID': '186a9', 'TERM_PROGRAM_VERSION': '361.1', 'GMXDATA': '/usr/local/gromacs/share/gromacs', 'LOGNAME': 'cgreen', 'USER': 'cgreen', 'IMP_BIN_DIR': '/Users/cgreen/imp_debug/bin', 'PATH': '/Users/cgreen/imp_debug/bin:/Users/cgreen/imp_debug/module_bin/algebra:/Users/cgreen/imp_debug/module_bin/atom:/Users/cgreen/imp_debug/module_bin/benchmark:/Users/cgreen/imp_debug/module_bin/cgal:/Users/cgreen/imp_debug/module_bin/cnmultifit:/Users/cgreen/imp_debug/module_bin/container:/Users/cgreen/imp_debug/module_bin/core:/Users/cgreen/imp_debug/module_bin/display:/Users/cgreen/imp_debug/module_bin/domino:/Users/cgreen/imp_debug/module_bin/em:/Users/cgreen/imp_debug/module_bin/example:/Users/cgreen/imp_debug/module_bin/foxs:/Users/cgreen/imp_debug/module_bin/gsl:/Users/cgreen/imp_debug/module_bin/isd:/Users/cgreen/imp_debug/module_bin/isd_emxl:/Users/cgreen/imp_debug/module_bin/kernel:/Users/cgreen/imp_debug/module_bin/kinematics:/Users/cgreen/imp_debug/module_bin/kmeans:/Users/cgreen/imp_debug/module_bin/misc:/Users/cgreen/imp_debug/module_bin/modeller:/Users/cgreen/imp_debug/module_bin/mpi:/Users/cgreen/imp_debug/module_bin/multi_state:/Users/cgreen/imp_debug/module_bin/multifit:/Users/cgreen/imp_debug/module_bin/multifit2:/Users/cgreen/imp_debug/module_bin/parallel:/Users/cgreen/imp_debug/module_bin/pepdock:/Users/cgreen/imp_debug/module_bin/pmi:/Users/cgreen/imp_debug/module_bin/rmf:/Users/cgreen/imp_debug/module_bin/rotamer:/Users/cgreen/imp_debug/module_bin/saxs:/Users/cgreen/imp_debug/module_bin/saxs_merge:/Users/cgreen/imp_debug/module_bin/score_functor:/Users/cgreen/imp_debug/module_bin/scratch:/Users/cgreen/imp_debug/module_bin/statistics:/Users/cgreen/imp_debug/module_bin/symmetry:/Users/cgreen/imp_debug/module_bin/test:/Users/cgreen/imp_debug/bin:/Users/cgreen/imp_debug/bin:/usr/local/sbin:/Users/cgreen/imp/modules/pmi/pyext/src:/Users/cgreen/software/Situs_2.6.3/bin:/Users/cgreen/software/namd/bin:/Users/cgreen/software/bin:/usr/local/gromacs/bin:/usr/local/bin:/usr/bin:/bin:/usr/sbin:/sbin:/opt/X11/bin:/Library/TeX/texbin:/Users/cgreen/software/frealign_v9.09/bin_OSX', 'DISPLAY': '/private/tmp/com.apple.launchd.fmq4ibe4EE/org.macosforge.xquartz:0', 'FRAMEWORK_SEARCH_PATH': '/usr/local/Cellar/python/2.7.5/Frameworks/', 'TERM_PROGRAM': 'Apple_Terminal', 'LANG': 'en_US.UTF-8', 'TERM': 'xterm-256color', 'SHELL': '/bin/bash', 'SHLVL': '1', 'IMP_DATA': '/Users/cgreen/imp_debug/data', 'IMP_EXAMPLE_DATA': '/Users/cgreen/imp_debug/doc/examples', 'XPC_FLAGS': '0x0', 'IMP_TMP_DIR': '/Users/cgreen/imp_debug/tmp', 'EDITOR': 'emacs', 'MANPATH': '/usr/local/gromacs/share/man:', 'ARDMK_DIR': '/opt/local/share/Arduino-Makefile', 'HOME': '/Users/cgreen', 'PYOPENCL_CTX': '1', 'LSCOLORS': 'dxfxcxdxbxegedabagacad', 'MKL_NUM_THREADS': '1', 'TERM_SESSION_ID': 'FE2FA25F-8BCE-4B53-8EBA-E3B2DE9FFAA8', 'XPC_SERVICE_NAME': '0', 'PYTHONPATH': '/Users/cgreen/imp_debug/lib:/Users/cgreen/imp_debug/lib::/Library/modeller-9.12/modlib/:/Library/modeller-9.12/lib/mac10v4/:/usr/local/Cellar/mdt/5.2/lib/python2.7/site-packages/', 'SSH_AUTH_SOCK': '/private/tmp/com.apple.launchd.Ig6qN9tMOw/Listeners', 'DYLD_LIBRARY_PATH': '/Users/cgreen/imp_debug/lib:/Users/cgreen/imp_debug/lib:', 'IMP': '/Users/cgreen/imp', 'VISUAL': 'emacs', 'Apple_PubSub_Socket_Render': '/private/tmp/com.apple.launchd.Ly1GeWsGSm/Render', 'PKG_CONFIG_PATH': '/usr/local/gromacs/lib/pkgconfig', 'GMXLDLIB': '/usr/local/gromacs/lib', 'TMPDIR': '/var/folders/tb/b1_3lfh50d9f68c7h72hhnl80000gn/T/', 'ARDUINO_DIR': '/Applications/Arduino.app/Contents/Resources/Java', 'IMPDEBUG': '/Users/cgreen/imp_debug/setup_environment.sh', 'GMXMAN': '/usr/local/gromacs/share/man', '__CF_USER_TEXT_ENCODING': '0x1F5:0x0:0x0', 'PWD': '/Users/cgreen/imp/modules/pmi/test', 'IMPFAST': '/Users/cgreen/imp_fast/setup_environment.sh', 'GMXBIN': '/usr/local/gromacs/bin'}"} 
{0: '0', 1: '0', 2: '0', 3: '1.0', 4: '3.02551394654', 5: 0, 6: '0', 7: 'pmi2_sample_0//rmfs//0.rmf3', 8: '1.0', 9: '3.02551394654', 10: '1.0', 11: '0.199773', 12: '0.9', 13: '1.0', 14: '0.9', 15: '1.0'} 
{0: '0.0', 1: '1.0', 2: '1', 3: '1.0', 4: '1.19072715916', 5: 1, 6: '0.0', 7: 'pmi2_sample_0//rmfs//0.rmf3', 8: '1.0', 9: '1.19072715916', 10: '1.0', 11: '0.114681', 12: '0.9', 13: '1.0', 14: '0.9', 15: '1.0'} 
{0: '0.0', 1: '1.0', 2: '2', 3: '1.0', 4: '0.0', 5: 2, 6: '0.0', 7: 'pmi2_sample_0//rmfs//0.rmf3', 8: '1.0', 9: '0.0', 10: '1.0', 11: '0.122792', 12: '0.933333333333', 13: '1.0', 14: '0.9', 15: '1.0'} 
{0: '0.0', 1: '1.0', 2: '3', 3: '1.0', 4: '0.0', 5: 3, 6: '0.0', 7: 'pmi2_sample_0//rmfs//0.rmf3', 8: '1.0', 9: '0.0', 10: '1.0', 11: '0.12747', 12: '0.95', 13: '1.0', 14: '0.925', 15: '1.0'} 
{0: '0.0', 1: '1.0', 2: '4', 3: '1.0', 4: '0.0', 5: 4, 6: '0.0', 7: 'pmi2_sample_0//rmfs//0.rmf3', 8: '1.0', 9: '0.0', 10: '1.0', 11: '0.112534', 12: '0.96', 13: '1.0', 14: '0.94', 15: '1.0'} 
{0: '0.0', 1: '1.0', 2: '5', 3: '1.0', 4: '0.0', 5: 5, 6: '0.0', 7: 'pmi2_sample_0//rmfs//0.rmf3', 8: '1.0', 9: '0.0', 10: '1.0', 11: '0.115734', 12: '0.966666666667', 13: '1.0', 14: '0.95', 15: '1.0'} 
{0: '0.0', 1: '1.0', 2: '6', 3: '1.0', 4: '0.0', 5: 6, 6: '0.0', 7: 'pmi2_sample_0//rmfs//0.rmf3', 8: '1.0', 9: '0.0', 10: '1.0', 11: '0.107068', 12: '0.971428571429', 13: '1.0', 14: '0.957142857143', 15: '1.0'} 
{0: '0.0', 1: '1.0', 2: '7', 3: '1.0', 4: '0.0202709657741', 5: 7, 6: '0.0', 7: 'pmi2_sample_0//rmfs//0.rmf3', 8: '1.0', 9: '0.0202709657741', 10: '1.0', 11: '0.11479', 12: '0.975', 13: '1.0', 14: '0.9625', 15: '1.0'} 
{0: '0.0', 1: '1.0', 2: '8', 3: '1.0', 4: '0.595735983125', 5: 8, 6: '0.0', 7: 'pmi2_sample_0//rmfs//0.rmf3', 8: '1.0', 9: '0.595735983125', 10: '1.0', 11: '0.116613', 12: '0.966666666667', 13: '1.0', 14: '0.955555555556', 15: '1.0'} 
{0: '0.0', 1: '1.0', 2: '9', 3: '1.0', 4: '0.319881420818', 5: 9, 6: '0.0', 7: 'pmi2_sample_0//rmfs//0.rmf3', 8: '1.0', 9: '0.319881420818', 10: '1.0', 11: '0.120491', 12: '0.95', 13: '1.0', 14: '0.95', 15: '1.0'} 
