{0: 'AtomicXLRestraint_1_Sig1', 1: 'ReplicaExchange_MinTempFrequency', 2: 'AtomicXLRestraint_1_Sig2', 3: 'CHARMM_BONDS_2', 4: 'ReplicaExchange_CurrentTemp', 5: 'rmf_frame_index', 6: 'ReplicaExchange_MaxTempFrequency', 7: 'AtomicXLRestraint_0_Prob', 8: 'MolecularDynamics_KineticEnergy', 9: 'AtomicXLRestraint_0_Sig2', 10: 'AtomicXLRestraint_0_Sig1', 11: 'AtomicXLRestraint_NumViol', 12: 'AtomicXLRestraint_sig_high', 13: 'CHARMM_NONBONDED', 14: 'ReplicaExchange_SwapSuccessRatio', 15: 'AtomicXLRestraint_1_BestDist', 16: 'AtomicXLRestraint', 17: 'AtomicXLRestraint_sig_low', 18: 'CHARMM_BONDS', 19: 'rmf_file', 20: 'SimplifiedModel_Total_Score', 21: 'Stopwatch_None_delta_seconds', 22: 'AtomicXLRestraint_1_Prob', 23: 'AtomicXLRestraint_0_BestDist', 24: 'CHARMM_NONBONDED_2', 'STAT2HEADER': 'STAT2HEADER', 'STAT2HEADER_IMP_VERSIONS': "{'PMI_VERSION': 'develop-be4e9ca', 'ISD_EMXL_VERSION': 'develop-be4e9ca', 'IMP_VERSION': 'develop-be4e9ca'}", 'STAT2HEADER_ENVIRON': "{'IMPDEBUG': '/Users/cgreen/imp_debug/setup_environment.sh', 'OMPI_FIRST_RANKS': '0', 'ROOTSYS': '/Users/cgreen/software/root', 'OMPI_MCA_orte_num_restarts': '0', 'IMPRUN': '/Users/cgreen/imp_fast/', 'TERM_PROGRAM_VERSION': '326', 'GMXDATA': '/usr/local/gromacs/share/gromacs', 'LOGNAME': 'cgreen', 'USER': 'cgreen', 'IMP_BIN_DIR': '/Users/cgreen/imp_fast/bin', 'PATH': '/Users/cgreen/imp_fast/bin:/Users/cgreen/imp_fast/module_bin/algebra:/Users/cgreen/imp_fast/module_bin/atom:/Users/cgreen/imp_fast/module_bin/base:/Users/cgreen/imp_fast/module_bin/benchmark:/Users/cgreen/imp_fast/module_bin/cgal:/Users/cgreen/imp_fast/module_bin/cnmultifit:/Users/cgreen/imp_fast/module_bin/container:/Users/cgreen/imp_fast/module_bin/core:/Users/cgreen/imp_fast/module_bin/display:/Users/cgreen/imp_fast/module_bin/domino:/Users/cgreen/imp_fast/module_bin/em:/Users/cgreen/imp_fast/module_bin/example:/Users/cgreen/imp_fast/module_bin/gsl:/Users/cgreen/imp_fast/module_bin/isd:/Users/cgreen/imp_fast/module_bin/isd_deer:/Users/cgreen/imp_fast/module_bin/isd_emxl:/Users/cgreen/imp_fast/module_bin/kernel:/Users/cgreen/imp_fast/module_bin/kinematics:/Users/cgreen/imp_fast/module_bin/kmeans:/Users/cgreen/imp_fast/module_bin/misc:/Users/cgreen/imp_fast/module_bin/modeller:/Users/cgreen/imp_fast/module_bin/module_template:/Users/cgreen/imp_fast/module_bin/mpi:/Users/cgreen/imp_fast/module_bin/multifit:/Users/cgreen/imp_fast/module_bin/multifit2:/Users/cgreen/imp_fast/module_bin/parallel:/Users/cgreen/imp_fast/module_bin/pepdock:/Users/cgreen/imp_fast/module_bin/pmi:/Users/cgreen/imp_fast/module_bin/rmf:/Users/cgreen/imp_fast/module_bin/rotamer:/Users/cgreen/imp_fast/module_bin/saxs:/Users/cgreen/imp_fast/module_bin/score_functor:/Users/cgreen/imp_fast/module_bin/scratch:/Users/cgreen/imp_fast/module_bin/statistics:/Users/cgreen/imp_fast/module_bin/symmetry:/Users/cgreen/imp_fast/module_bin/test:/Users/cgreen/imp_fast/bin:/Users/cgreen/imp_fast/bin:/Users/cgreen/imp/modules/pmi/pyext/src:/Users/cgreen/software/Situs_2.6.3/bin:/Users/cgreen/software/namd/bin:/Users/cgreen/software/bin:/usr/local/gromacs/bin:/usr/local/share/python:/usr/local/sbin:/usr/local/bin:/usr/bin:/bin:/usr/sbin:/sbin:/usr/local/bin:/opt/X11/bin:/usr/texbin', 'OMPI_MCA_orte_num_nodes': '1', 'OMPI_COMMAND': 'setup_environment.sh', 'OMPI_MCA_orte_ess_jobid': '1384513537', 'LD_LIBRARY_PATH': '/Users/cgreen/software/root/lib:/usr/local/gromacs/lib', 'OMPI_APP_CTX_NUM_PROCS': '2', 'TERM_PROGRAM': 'Apple_Terminal', 'LANG': 'en_US.UTF-8', 'TERM': 'xterm-256color', 'SHELL': '/bin/bash', 'OMPI_NUM_APP_CTX': '1', 'OPAL_OUTPUT_STDERR_FD': '24', 'SHLVL': '1', 'IMP_DATA': '/Users/cgreen/imp_fast/data', 'OMPI_MCA_initial_wdir': '/Users/cgreen/imp/modules/pmi/examples/crosslinking', 'IMP_EXAMPLE_DATA': '/Users/cgreen/imp_fast/doc/examples', 'OMPI_MCA_orte_peer_init_barrier_id': '1', 'IMP_TMP_DIR': '/Users/cgreen/imp_fast/tmp', 'OMPI_MCA_orte_local_daemon_uri': '1384513536.0;tcp://169.230.90.192:53220;tcp://10.60.96.149:53220', 'EDITOR': 'emacs', 'MANPATH': '/usr/local/gromacs/share/man:', 'OMPI_MCA_orte_precondition_transports': 'f166afad88201e2b-98c8b13a069eca5f', 'ARDMK_DIR': '/opt/local/share/Arduino-Makefile', 'HOME': '/Users/cgreen', 'PYOPENCL_CTX': '1', 'MKL_NUM_THREADS': '1', 'HDIR': '/Users/cgreen/hthread/benchmark/proteasome2/targets/', 'TERM_SESSION_ID': 'B21B08B1-46F1-4CF6-AA5B-D4D5AB2A4AD9', 'OMPI_MCA_orte_ess_node_rank': '1', 'MDIR': '/Users/cgreen/imp/modules/multifit2/bin', 'OMPI_MCA_orte_tmpdir_base': '/var/folders/tb/b1_3lfh50d9f68c7h72hhnl80000gn/T', 'OMPI_MCA_orte_ess_vpid': '1', 'PYTHONPATH': '/Users/cgreen/imp_fast/lib:/Users/cgreen/imp_fast/lib:/Users/cgreen/software/libsvm-3.1/python:/usr/local/lib/python2.7/site-packages::/Library/modeller-9.12/modlib/:/Library/modeller-9.12/lib/mac10v4/:/usr/local/Cellar/mdt/5.2/lib/python2.7/site-packages/', 'SSH_AUTH_SOCK': '/tmp/launch-8EqWJQ/Listeners', 'OMPI_MCA_mpi_yield_when_idle': '1', 'SECURITYSESSIONID': '186a6', 'DYLD_LIBRARY_PATH': '/Users/cgreen/imp_fast/lib:/Users/cgreen/imp_fast/lib:', 'IMP': '/Users/cgreen/imp', 'OMPI_MCA_orte_peer_modex_id': '0', 'Apple_PubSub_Socket_Render': '/tmp/launch-Tbb1ju/Render', 'OMPI_COMM_WORLD_LOCAL_RANK': '1', 'OMPI_COMM_WORLD_LOCAL_SIZE': '2', 'PKG_CONFIG_PATH': '/usr/local/gromacs/lib/pkgconfig', 'FRAMEWORK_SEARCH_PATH': '/usr/local/Cellar/python/2.7.5/Frameworks/', 'OMPI_MCA_orte_app_num': '0', 'GMXLDLIB': '/usr/local/gromacs/lib', 'TMPDIR': '/var/folders/tb/b1_3lfh50d9f68c7h72hhnl80000gn/T/', 'ARDUINO_DIR': '/Applications/Arduino.app/Contents/Resources/Java', 'OMPI_UNIVERSE_SIZE': '1', 'LSCOLORS': 'dxfxcxdxbxegedabagacad', 'DISPLAY': '/tmp/launch-iaphvV/org.macosforge.xquartz:0', 'OMPI_COMM_WORLD_RANK': '1', 'OMPI_ARGV': 'python atomic_xl.py', 'OMPI_COMM_WORLD_NODE_RANK': '1', 'PDIR': '/Users/cgreen/imp/modules/multifit2/pyext/src', 'IDIR': '/Users/cgreen/imp/modules/isd2/examples/anchor_points/groel', 'OMPI_MCA_orte_hnp_uri': '1384513536.0;tcp://169.230.90.192:53220;tcp://10.60.96.149:53220', 'OMPI_MCA_orte_ess_num_procs': '2', 'VISUAL': 'emacs', 'OMPI_MCA_ess': 'env', '__CF_USER_TEXT_ENCODING': '0x1F5:0:0', 'PWD': '/Users/cgreen/imp/modules/pmi/examples/crosslinking', 'IMPFAST': '/Users/cgreen/imp_fast/setup_environment.sh', 'OMPI_MCA_shmem_RUNTIME_QUERY_hint': 'mmap', 'OMPI_COMM_WORLD_SIZE': '2', 'OMPI_MCA_orte_peer_fini_barrier_id': '2', '__CHECKFIX1436934': '1', 'GMXMAN': '/usr/local/gromacs/share/man', 'GMXBIN': '/usr/local/gromacs/bin'}"} 
{0: '2.0', 1: '0.0', 2: '2.0', 3: '113.393331177', 4: '1.0', 5: 0, 6: '0.0', 7: '0.00100450853696', 8: '43.9797202115', 9: '2.0', 10: '2.0', 11: '2', 12: 2.0, 13: '6.65990356766', 14: '1.0', 15: '9.84717082977', 16: '10.4084923194', 17: 2.0, 18: '112.89265116', 19: 'output2//rmfs//1.rmf3', 20: '250.056283293', 21: '3.540172', 22: '0.0300396998333', 23: '12.8834762573', 24: '6.70190506895'} 
{0: '2.0', 1: '0.25', 2: '2.0', 3: '111.774386146', 4: '1.0', 5: 1, 6: '0.0', 7: '0.000343169433312', 8: '52.8159513692', 9: '2.0', 10: '2.0', 11: '2', 12: 2.0, 13: '6.90570620938', 14: '0.75', 15: '9.75530529022', 16: '11.425911482', 17: 2.0, 18: '113.934179897', 19: 'output2//rmfs//1.rmf3', 20: '250.674335155', 21: '5.639494', 22: '0.0317893095331', 23: '13.9231233597', 24: '6.63415142098'} 
{0: '2.0', 1: '0.333333333333', 2: '2.0', 3: '114.46544093', 4: '1.0', 5: 2, 6: '0.0', 7: '0.000666910485877', 8: '55.6401398789', 9: '2.0', 10: '2.0', 11: '2', 12: 2.0, 13: '6.77631886349', 14: '0.833333333333', 15: '9.69771099091', 16: '10.9401590082', 17: 2.0, 18: '104.077390754', 19: 'output2//rmfs//1.rmf3', 20: '242.95981294', 21: '3.768662', 22: '0.0265877609673', 23: '13.2998714447', 24: '6.70050338449'} 
{0: '2.0', 1: '0.428571428571', 2: '2.0', 3: '117.529111783', 4: '1.0', 5: 3, 6: '0.0', 7: '0.000873411674694', 8: '54.2761110869', 9: '2.0', 10: '2.0', 11: '2', 12: 2.0, 13: '6.8321444529', 14: '0.714285714286', 15: '9.73826313019', 16: '10.7544328417', 17: 2.0, 18: '108.555151581', 19: 'output2//rmfs//1.rmf3', 20: '250.420530503', 21: '1.821073', 22: '0.024445007121', 23: '13.1327114105', 24: '6.74968984489'} 
{0: '2.0', 1: '0.4', 2: '2.0', 3: '106.239930457', 4: '1.0', 5: 4, 6: '0.0', 7: '0.00131504383314', 8: '63.2770158205', 9: '2.0', 10: '2.0', 11: '2', 12: 2.0, 13: '7.00112323673', 14: '0.7', 15: '9.53196525574', 16: '10.0616957315', 17: 2.0, 18: '115.72317009', 19: 'output2//rmfs//1.rmf3', 20: '245.788038386', 21: '5.710747', 22: '0.0324579312645', 23: '12.8049058914', 24: '6.76211887071'} 
{0: '2.0', 1: '0.416666666667', 2: '2.0', 3: '116.345218956', 4: '1.0', 5: 5, 6: '0.0', 7: '0.000937463582783', 8: '60.5104346102', 9: '2.0', 10: '2.0', 11: '2', 12: 2.0, 13: '7.09533281477', 14: '0.75', 15: '9.49903869629', 16: '10.2784916221', 17: 2.0, 18: '107.778167003', 19: 'output2//rmfs//1.rmf3', 20: '248.317543147', 21: '3.888761', 22: '0.036656702963', 23: '12.9635219574', 24: '6.82033275167'} 
{0: '2.0', 1: '0.461538461538', 2: '2.0', 3: '108.124593558', 4: '1.0', 5: 6, 6: '0.0', 7: '0.000731703219189', 8: '53.2886282731', 9: '2.0', 10: '2.0', 11: '2', 12: 2.0, 13: '7.21687856137', 14: '0.692307692308', 15: '9.4818315506', 16: '10.5339474389', 17: 2.0, 18: '115.839347448', 19: 'output2//rmfs//1.rmf3', 20: '248.500305035', 21: '2.013291', 22: '0.0363772436461', 23: '13.1311817169', 24: '6.78553802854'} 
{0: '2.0', 1: '0.5', 2: '2.0', 3: '114.534841956', 4: '1.0', 5: 7, 6: '0.0', 7: '0.00108003667308', 8: '46.3448335732', 9: '2.0', 10: '2.0', 11: '2', 12: 2.0, 13: '7.24326917357', 14: '0.642857142857', 15: '9.45467281342', 16: '10.1352640899', 17: 2.0, 18: '115.435469441', 19: 'output2//rmfs//1.rmf3', 20: '254.237854304', 21: '1.244283', 22: '0.0367174262073', 23: '12.7023992538', 24: '6.88900964295'} 
{0: '2.0', 1: '0.5', 2: '2.0', 3: '115.2712719', 4: '1.0', 5: 8, 6: '0.0', 7: '0.000986148521726', 8: '50.072693467', 9: '2.0', 10: '2.0', 11: '2', 12: 2.0, 13: '7.25209297559', 14: '0.6875', 15: '8.88370132446', 16: '10.0353022691', 17: 2.0, 18: '117.620657475', 19: 'output2//rmfs//1.rmf3', 20: '257.136728086', 21: '2.544103', 22: '0.044440739009', 23: '12.7350959778', 24: '6.95740346628'} 
{0: '2.0', 1: '0.45', 2: '2.0', 3: '116.595596067', 4: '1.0', 5: 9, 6: '0.0', 7: '0.00137850188525', 8: '53.3452924856', 9: '2.0', 10: '2.0', 11: '2', 12: 2.0, 13: '8.17271983641', 14: '0.65', 15: '9.15490531921', 16: '9.83497770137', 17: 2.0, 18: '109.693325082', 19: 'output2//rmfs//1.rmf3', 20: '251.230277637', 21: '6.39068', 22: '0.0388432974262', 23: '12.4736013412', 24: '6.93365894936'} 
