{0: 'AtomicXLRestraint_1_Sig1', 1: 'ReplicaExchange_MinTempFrequency', 2: 'AtomicXLRestraint_1_Sig2', 3: 'CHARMM_BONDS_2', 4: 'ReplicaExchange_CurrentTemp', 5: 'rmf_frame_index', 6: 'ReplicaExchange_MaxTempFrequency', 7: 'AtomicXLRestraint_0_Prob', 8: 'MolecularDynamics_KineticEnergy', 9: 'AtomicXLRestraint_0_Sig2', 10: 'AtomicXLRestraint_0_Sig1', 11: 'AtomicXLRestraint_NumViol', 12: 'AtomicXLRestraint_sig_high', 13: 'CHARMM_NONBONDED', 14: 'ReplicaExchange_SwapSuccessRatio', 15: 'AtomicXLRestraint_1_BestDist', 16: 'AtomicXLRestraint', 17: 'AtomicXLRestraint_sig_low', 18: 'CHARMM_BONDS', 19: 'rmf_file', 20: 'SimplifiedModel_Total_Score', 21: 'Stopwatch_None_delta_seconds', 22: 'AtomicXLRestraint_1_Prob', 23: 'AtomicXLRestraint_0_BestDist', 24: 'CHARMM_NONBONDED_2', 'STAT2HEADER': 'STAT2HEADER', 'STAT2HEADER_IMP_VERSIONS': "{'PMI_VERSION': 'develop-be4e9ca', 'ISD_EMXL_VERSION': 'develop-be4e9ca', 'IMP_VERSION': 'develop-be4e9ca'}", 'STAT2HEADER_ENVIRON': "{'IMPDEBUG': '/Users/cgreen/imp_debug/setup_environment.sh', 'OMPI_FIRST_RANKS': '0', 'ROOTSYS': '/Users/cgreen/software/root', 'OMPI_MCA_orte_num_restarts': '0', 'IMPRUN': '/Users/cgreen/imp_fast/', 'TERM_PROGRAM_VERSION': '326', 'GMXDATA': '/usr/local/gromacs/share/gromacs', 'LOGNAME': 'cgreen', 'USER': 'cgreen', 'IMP_BIN_DIR': '/Users/cgreen/imp_fast/bin', 'PATH': '/Users/cgreen/imp_fast/bin:/Users/cgreen/imp_fast/module_bin/algebra:/Users/cgreen/imp_fast/module_bin/atom:/Users/cgreen/imp_fast/module_bin/base:/Users/cgreen/imp_fast/module_bin/benchmark:/Users/cgreen/imp_fast/module_bin/cgal:/Users/cgreen/imp_fast/module_bin/cnmultifit:/Users/cgreen/imp_fast/module_bin/container:/Users/cgreen/imp_fast/module_bin/core:/Users/cgreen/imp_fast/module_bin/display:/Users/cgreen/imp_fast/module_bin/domino:/Users/cgreen/imp_fast/module_bin/em:/Users/cgreen/imp_fast/module_bin/example:/Users/cgreen/imp_fast/module_bin/gsl:/Users/cgreen/imp_fast/module_bin/isd:/Users/cgreen/imp_fast/module_bin/isd_deer:/Users/cgreen/imp_fast/module_bin/isd_emxl:/Users/cgreen/imp_fast/module_bin/kernel:/Users/cgreen/imp_fast/module_bin/kinematics:/Users/cgreen/imp_fast/module_bin/kmeans:/Users/cgreen/imp_fast/module_bin/misc:/Users/cgreen/imp_fast/module_bin/modeller:/Users/cgreen/imp_fast/module_bin/module_template:/Users/cgreen/imp_fast/module_bin/mpi:/Users/cgreen/imp_fast/module_bin/multifit:/Users/cgreen/imp_fast/module_bin/multifit2:/Users/cgreen/imp_fast/module_bin/parallel:/Users/cgreen/imp_fast/module_bin/pepdock:/Users/cgreen/imp_fast/module_bin/pmi:/Users/cgreen/imp_fast/module_bin/rmf:/Users/cgreen/imp_fast/module_bin/rotamer:/Users/cgreen/imp_fast/module_bin/saxs:/Users/cgreen/imp_fast/module_bin/score_functor:/Users/cgreen/imp_fast/module_bin/scratch:/Users/cgreen/imp_fast/module_bin/statistics:/Users/cgreen/imp_fast/module_bin/symmetry:/Users/cgreen/imp_fast/module_bin/test:/Users/cgreen/imp_fast/bin:/Users/cgreen/imp_fast/bin:/Users/cgreen/imp/modules/pmi/pyext/src:/Users/cgreen/software/Situs_2.6.3/bin:/Users/cgreen/software/namd/bin:/Users/cgreen/software/bin:/usr/local/gromacs/bin:/usr/local/share/python:/usr/local/sbin:/usr/local/bin:/usr/bin:/bin:/usr/sbin:/sbin:/usr/local/bin:/opt/X11/bin:/usr/texbin', 'OMPI_MCA_orte_num_nodes': '1', 'OMPI_COMMAND': 'setup_environment.sh', 'OMPI_MCA_orte_ess_jobid': '1384513537', 'LD_LIBRARY_PATH': '/Users/cgreen/software/root/lib:/usr/local/gromacs/lib', 'OMPI_APP_CTX_NUM_PROCS': '2', 'TERM_PROGRAM': 'Apple_Terminal', 'LANG': 'en_US.UTF-8', 'TERM': 'xterm-256color', 'SHELL': '/bin/bash', 'OMPI_NUM_APP_CTX': '1', 'OPAL_OUTPUT_STDERR_FD': '20', 'SHLVL': '1', 'IMP_DATA': '/Users/cgreen/imp_fast/data', 'OMPI_MCA_initial_wdir': '/Users/cgreen/imp/modules/pmi/examples/crosslinking', 'IMP_EXAMPLE_DATA': '/Users/cgreen/imp_fast/doc/examples', 'OMPI_MCA_orte_peer_init_barrier_id': '1', 'IMP_TMP_DIR': '/Users/cgreen/imp_fast/tmp', 'OMPI_MCA_orte_local_daemon_uri': '1384513536.0;tcp://169.230.90.192:53220;tcp://10.60.96.149:53220', 'EDITOR': 'emacs', 'MANPATH': '/usr/local/gromacs/share/man:', 'OMPI_MCA_orte_precondition_transports': 'f166afad88201e2b-98c8b13a069eca5f', 'ARDMK_DIR': '/opt/local/share/Arduino-Makefile', 'HOME': '/Users/cgreen', 'PYOPENCL_CTX': '1', 'MKL_NUM_THREADS': '1', 'HDIR': '/Users/cgreen/hthread/benchmark/proteasome2/targets/', 'TERM_SESSION_ID': 'B21B08B1-46F1-4CF6-AA5B-D4D5AB2A4AD9', 'OMPI_MCA_orte_ess_node_rank': '0', 'MDIR': '/Users/cgreen/imp/modules/multifit2/bin', 'OMPI_MCA_orte_tmpdir_base': '/var/folders/tb/b1_3lfh50d9f68c7h72hhnl80000gn/T', 'OMPI_MCA_orte_ess_vpid': '0', 'PYTHONPATH': '/Users/cgreen/imp_fast/lib:/Users/cgreen/imp_fast/lib:/Users/cgreen/software/libsvm-3.1/python:/usr/local/lib/python2.7/site-packages::/Library/modeller-9.12/modlib/:/Library/modeller-9.12/lib/mac10v4/:/usr/local/Cellar/mdt/5.2/lib/python2.7/site-packages/', 'SSH_AUTH_SOCK': '/tmp/launch-8EqWJQ/Listeners', 'OMPI_MCA_mpi_yield_when_idle': '1', 'SECURITYSESSIONID': '186a6', 'DYLD_LIBRARY_PATH': '/Users/cgreen/imp_fast/lib:/Users/cgreen/imp_fast/lib:', 'IMP': '/Users/cgreen/imp', 'OMPI_MCA_orte_peer_modex_id': '0', 'Apple_PubSub_Socket_Render': '/tmp/launch-Tbb1ju/Render', 'OMPI_COMM_WORLD_LOCAL_RANK': '0', 'OMPI_COMM_WORLD_LOCAL_SIZE': '2', 'PKG_CONFIG_PATH': '/usr/local/gromacs/lib/pkgconfig', 'FRAMEWORK_SEARCH_PATH': '/usr/local/Cellar/python/2.7.5/Frameworks/', 'OMPI_MCA_orte_app_num': '0', 'GMXLDLIB': '/usr/local/gromacs/lib', 'TMPDIR': '/var/folders/tb/b1_3lfh50d9f68c7h72hhnl80000gn/T/', 'ARDUINO_DIR': '/Applications/Arduino.app/Contents/Resources/Java', 'OMPI_UNIVERSE_SIZE': '1', 'LSCOLORS': 'dxfxcxdxbxegedabagacad', 'DISPLAY': '/tmp/launch-iaphvV/org.macosforge.xquartz:0', 'OMPI_COMM_WORLD_RANK': '0', 'OMPI_ARGV': 'python atomic_xl.py', 'OMPI_COMM_WORLD_NODE_RANK': '0', 'PDIR': '/Users/cgreen/imp/modules/multifit2/pyext/src', 'IDIR': '/Users/cgreen/imp/modules/isd2/examples/anchor_points/groel', 'OMPI_MCA_orte_hnp_uri': '1384513536.0;tcp://169.230.90.192:53220;tcp://10.60.96.149:53220', 'OMPI_MCA_orte_ess_num_procs': '2', 'VISUAL': 'emacs', 'OMPI_MCA_ess': 'env', '__CF_USER_TEXT_ENCODING': '0x1F5:0:0', 'PWD': '/Users/cgreen/imp/modules/pmi/examples/crosslinking', 'IMPFAST': '/Users/cgreen/imp_fast/setup_environment.sh', 'OMPI_MCA_shmem_RUNTIME_QUERY_hint': 'mmap', 'OMPI_COMM_WORLD_SIZE': '2', 'OMPI_MCA_orte_peer_fini_barrier_id': '2', '__CHECKFIX1436934': '1', 'GMXMAN': '/usr/local/gromacs/share/man', 'GMXBIN': '/usr/local/gromacs/bin'}"} 
{0: '2.0', 1: '0', 2: '2.0', 3: '105.455879415', 4: '1.0', 5: 0, 6: '0', 7: '0.00168519524124', 8: '33.4298257847', 9: '2.0', 10: '2.0', 11: '2', 12: 2.0, 13: '6.6300311302', 14: '0', 15: '9.78657531738', 16: '9.89502359091', 17: 2.0, 18: '104.740176659', 19: 'output2//rmfs//0.rmf3', 20: '233.377063356', 21: '1.799545', 22: '0.0299223454215', 23: '12.6022033691', 24: '6.6559525606'} 
{0: '2.0', 1: '0.5', 2: '2.0', 3: '106.484129822', 4: '1.0', 5: 1, 6: '0.0', 7: '0.00211828126871', 8: '43.8030588612', 9: '2.0', 10: '2.0', 11: '2', 12: 2.0, 13: '6.62578753638', 14: '1.0', 15: '9.8931646347', 16: '9.70155078608', 17: 2.0, 18: '103.409892574', 19: 'output2//rmfs//0.rmf3', 20: '232.841717296', 21: '3.736116', 22: '0.0288859331475', 23: '12.5732440948', 24: '6.6203565785'} 
{0: '2.0', 1: '0.666666666667', 2: '2.0', 3: '111.213466163', 4: '1.0', 5: 2, 6: '0.0', 7: '0.00238148459637', 8: '55.0578257458', 9: '2.0', 10: '2.0', 11: '2', 12: 2.0, 13: '6.71779675146', 14: '0.666666666667', 15: '9.52489852905', 16: '9.54848011073', 17: 2.0, 18: '105.766210434', 19: 'output2//rmfs//0.rmf3', 20: '239.863834038', 21: '1.822568', 22: '0.0299433233761', 23: '12.2404127121', 24: '6.6178805783'} 
{0: '2.0', 1: '0.6', 2: '2.0', 3: '113.465395328', 4: '1.0', 5: 3, 6: '0.0', 7: '0.00274257904318', 8: '40.242441066', 9: '2.0', 10: '2.0', 11: '2', 12: 2.0, 13: '6.76748107497', 14: '0.8', 15: '9.67609119415', 16: '9.27994196974', 17: 2.0, 18: '111.465690333', 19: 'output2//rmfs//0.rmf3', 20: '247.604045246', 21: '3.724166', 22: '0.0340105188223', 23: '12.2287130356', 24: '6.62553653926'} 
{0: '2.0', 1: '0.5', 2: '2.0', 3: '111.705942431', 4: '1.0', 5: 4, 6: '0.0', 7: '0.00198552012205', 8: '47.0898640951', 9: '2.0', 10: '2.0', 11: '2', 12: 2.0, 13: '6.63393056078', 14: '0.75', 15: '9.01773738861', 16: '9.3701656377', 17: 2.0, 18: '115.598677302', 19: 'output2//rmfs//0.rmf3', 20: '250.078202668', 21: '5.591603', 22: '0.0429254124012', 23: '12.4801044464', 24: '6.76948673714'} 
{0: '2.0', 1: '0.555555555556', 2: '2.0', 3: '110.66653676', 4: '1.0', 5: 5, 6: '0.0', 7: '0.00215841539325', 8: '42.6120938419', 9: '2.0', 10: '2.0', 11: '2', 12: 2.0, 13: '6.68458925014', 14: '0.666666666667', 15: '8.87618350983', 16: '9.23190047871', 17: 2.0, 18: '118.36944567', 19: 'output2//rmfs//0.rmf3', 20: '251.702955188', 21: '1.94264', 22: '0.045342090038', 23: '12.187171936', 24: '6.75048302905'} 
{0: '2.0', 1: '0.545454545455', 2: '2.0', 3: '108.40387184', 4: '1.0', 5: 6, 6: '0.0', 7: '0.0025274712082', 8: '51.9171080652', 9: '2.0', 10: '2.0', 11: '2', 12: 2.0, 13: '6.74991270852', 14: '0.727272727273', 15: '9.08698272705', 16: '9.05615693058', 17: 2.0, 18: '111.281193323', 19: 'output2//rmfs//0.rmf3', 20: '242.249535691', 21: '3.845342', 22: '0.0461609566646', 23: '12.2035732269', 24: '6.75840088918'} 
{0: '2.0', 1: '0.466666666667', 2: '2.0', 3: '112.355602561', 4: '1.0', 5: 7, 6: '0.0', 7: '0.00460841837092', 8: '56.212762886', 9: '2.0', 10: '2.0', 11: '2', 12: 2.0, 13: '7.00322230096', 14: '0.666666666667', 15: '9.53385829926', 16: '8.82032056411', 17: 2.0, 18: '116.034543145', 19: 'output2//rmfs//0.rmf3', 20: '250.82756697', 21: '6.446219', 22: '0.0320502595713', 23: '11.3246946335', 24: '6.613878398'} 
{0: '2.0', 1: '0.470588235294', 2: '2.0', 3: '115.196275007', 4: '1.0', 5: 8, 6: '0.0', 7: '0.00584661101796', 8: '56.2915962777', 9: '2.0', 10: '2.0', 11: '2', 12: 2.0, 13: '6.88138779918', 14: '0.705882352941', 15: '9.55174636841', 16: '8.6084499067', 17: 2.0, 18: '112.227552334', 19: 'output2//rmfs//0.rmf3', 20: '249.541643133', 21: '3.230912', 22: '0.0312243572415', 23: '11.0567502975', 24: '6.62797808641'} 
{0: '2.0', 1: '0.5', 2: '2.0', 3: '117.140057075', 4: '1.0', 5: 9, 6: '0.0', 7: '0.00552001166532', 8: '47.2509670879', 9: '2.0', 10: '2.0', 11: '2', 12: 2.0, 13: '6.95363015898', 14: '0.666666666667', 15: '9.43965911865', 16: '8.64193508359', 17: 2.0, 18: '114.548658378', 19: 'output2//rmfs//0.rmf3', 20: '253.890977727', 21: '1.265614', 22: '0.0319827118077', 23: '11.155585289', 24: '6.6066970314'} 
{0: '2.0', 1: '0.526315789474', 2: '2.0', 3: '116.552945918', 4: '1.0', 5: 10, 6: '0.0', 7: '0.00646559700323', 8: '56.8662704686', 9: '2.0', 10: '2.0', 11: '2', 12: 2.0, 13: '7.12465276342', 14: '0.631578947368', 15: '9.49999141693', 16: '8.41340772112', 17: 2.0, 18: '108.799518331', 19: 'output2//rmfs//0.rmf3', 20: '247.520327182', 21: '1.871207', 22: '0.0343158547505', 23: '11.0046901703', 24: '6.62980244952'} 
