{0: 'ReplicaExchange_SwapSuccessRatio', 1: 'ReplicaExchange_MinTempFrequency', 2: 'MonteCarlo_Nframe', 3: 'ReplicaExchange_CurrentTemp', 4: 'Total_Score', 5: 'rmf_frame_index', 6: 'ReplicaExchange_MaxTempFrequency', 7: 'rmf_file', 8: 'MonteCarlo_Temperature', 'STAT2HEADER_IMP_VERSIONS': "{'PMI_VERSION': 'develop-e47fec9', 'ISD_EMXL_VERSION': 'master-43788b2', 'IMP_VERSION': 'develop-1f6d8c0'}", 10: 'MonteCarlo_Acceptance_BallMover0_1', 11: 'Stopwatch_None_delta_seconds', 12: 'MonteCarlo_Acceptance_created rigid body mover_0', 13: 'MonteCarlo_Acceptance_created rigid body mover_3', 14: 'MonteCarlo_Acceptance_BallMover1_2', 9: 'DistanceRestraint_None', 'STAT2HEADER': 'STAT2HEADER', 'STAT2HEADER_ENVIRON': "{'TERM_PROGRAM_VERSION': '361.1', 'GMXDATA': '/usr/local/gromacs/share/gromacs', 'LOGNAME': 'cgreen', 'USER': 'cgreen', 'IMP_BIN_DIR': '/Users/cgreen/imp_debug/bin', 'PATH': '/Users/cgreen/imp_debug/bin:/Users/cgreen/imp_debug/module_bin/algebra:/Users/cgreen/imp_debug/module_bin/atom:/Users/cgreen/imp_debug/module_bin/benchmark:/Users/cgreen/imp_debug/module_bin/cgal:/Users/cgreen/imp_debug/module_bin/cnmultifit:/Users/cgreen/imp_debug/module_bin/container:/Users/cgreen/imp_debug/module_bin/core:/Users/cgreen/imp_debug/module_bin/display:/Users/cgreen/imp_debug/module_bin/domino:/Users/cgreen/imp_debug/module_bin/em:/Users/cgreen/imp_debug/module_bin/example:/Users/cgreen/imp_debug/module_bin/foxs:/Users/cgreen/imp_debug/module_bin/gsl:/Users/cgreen/imp_debug/module_bin/isd:/Users/cgreen/imp_debug/module_bin/isd_emxl:/Users/cgreen/imp_debug/module_bin/kernel:/Users/cgreen/imp_debug/module_bin/kinematics:/Users/cgreen/imp_debug/module_bin/kmeans:/Users/cgreen/imp_debug/module_bin/misc:/Users/cgreen/imp_debug/module_bin/modeller:/Users/cgreen/imp_debug/module_bin/mpi:/Users/cgreen/imp_debug/module_bin/multi_state:/Users/cgreen/imp_debug/module_bin/multifit:/Users/cgreen/imp_debug/module_bin/multifit2:/Users/cgreen/imp_debug/module_bin/parallel:/Users/cgreen/imp_debug/module_bin/pepdock:/Users/cgreen/imp_debug/module_bin/pmi:/Users/cgreen/imp_debug/module_bin/rmf:/Users/cgreen/imp_debug/module_bin/rotamer:/Users/cgreen/imp_debug/module_bin/saxs:/Users/cgreen/imp_debug/module_bin/saxs_merge:/Users/cgreen/imp_debug/module_bin/score_functor:/Users/cgreen/imp_debug/module_bin/scratch:/Users/cgreen/imp_debug/module_bin/statistics:/Users/cgreen/imp_debug/module_bin/symmetry:/Users/cgreen/imp_debug/module_bin/test:/Users/cgreen/imp_debug/bin:/Users/cgreen/imp_debug/bin:/usr/local/sbin:/Users/cgreen/imp/modules/pmi/pyext/src:/Users/cgreen/software/Situs_2.6.3/bin:/Users/cgreen/software/namd/bin:/Users/cgreen/software/bin:/usr/local/gromacs/bin:/usr/local/bin:/usr/bin:/bin:/usr/sbin:/sbin:/opt/X11/bin:/Library/TeX/texbin:/Users/cgreen/software/frealign_v9.09/bin_OSX', 'DISPLAY': '/private/tmp/com.apple.launchd.8fAfUw1jnZ/org.macosforge.xquartz:0', 'FRAMEWORK_SEARCH_PATH': '/usr/local/Cellar/python/2.7.5/Frameworks/', 'TERM_PROGRAM': 'Apple_Terminal', 'LANG': 'en_US.UTF-8', 'TERM': 'xterm-256color', 'SHELL': '/bin/bash', 'SHLVL': '1', 'IMP_DATA': '/Users/cgreen/imp_debug/data', 'IMP_EXAMPLE_DATA': '/Users/cgreen/imp_debug/doc/examples', 'XPC_FLAGS': '0x0', 'IMP_TMP_DIR': '/Users/cgreen/imp_debug/tmp', 'EDITOR': 'emacs', 'MANPATH': '/usr/local/gromacs/share/man:', 'ARDMK_DIR': '/opt/local/share/Arduino-Makefile', 'HOME': '/Users/cgreen', 'PYOPENCL_CTX': '1', 'LSCOLORS': 'dxfxcxdxbxegedabagacad', 'MKL_NUM_THREADS': '1', 'TERM_SESSION_ID': '354605C9-38BB-4671-B74F-E05341D929EC', 'XPC_SERVICE_NAME': '0', 'PYTHONPATH': '/Users/cgreen/imp_debug/lib:/Users/cgreen/imp_debug/lib::/Library/modeller-9.12/modlib/:/Library/modeller-9.12/lib/mac10v4/:/usr/local/Cellar/mdt/5.2/lib/python2.7/site-packages/', 'SSH_AUTH_SOCK': '/private/tmp/com.apple.launchd.kFOQdvqdmN/Listeners', 'DYLD_LIBRARY_PATH': '/Users/cgreen/imp_debug/lib:/Users/cgreen/imp_debug/lib:', 'IMP': '/Users/cgreen/imp', 'VISUAL': 'emacs', 'Apple_PubSub_Socket_Render': '/private/tmp/com.apple.launchd.XuxZsPUOoM/Render', 'PKG_CONFIG_PATH': '/usr/local/gromacs/lib/pkgconfig', 'GMXLDLIB': '/usr/local/gromacs/lib', 'TMPDIR': '/var/folders/tb/b1_3lfh50d9f68c7h72hhnl80000gn/T/', 'ARDUINO_DIR': '/Applications/Arduino.app/Contents/Resources/Java', 'IMPDEBUG': '/Users/cgreen/imp_debug/setup_environment.sh', 'GMXMAN': '/usr/local/gromacs/share/man', '__CF_USER_TEXT_ENCODING': '0x1F5:0x0:0x0', 'PWD': '/Users/cgreen/imp/modules/pmi/test', 'IMPFAST': '/Users/cgreen/imp_fast/setup_environment.sh', 'GMXBIN': '/usr/local/gromacs/bin'}"} 
{0: '0', 1: '0', 2: '0', 3: '1.0', 4: '31.7564387561', 5: 0, 6: '0', 7: '/Users/cgreen/imp/modules/pmi/test/input/pmi2_sample_res5//rmfs//0.rmf3', 8: '1.0', 9: '31.7564387561', 10: '1.0', 11: '0.063035', 12: '0.7', 13: '0.4', 14: '1.0'} 
{0: '0.0', 1: '1.0', 2: '1', 3: '1.0', 4: '25.551735536', 5: 1, 6: '0.0', 7: '/Users/cgreen/imp/modules/pmi/test/input/pmi2_sample_res5//rmfs//0.rmf3', 8: '1.0', 9: '25.551735536', 10: '1.0', 11: '0.027214', 12: '0.8', 13: '0.65', 14: '1.0'} 
{0: '0.0', 1: '1.0', 2: '2', 3: '1.0', 4: '23.0889909689', 5: 2, 6: '0.0', 7: '/Users/cgreen/imp/modules/pmi/test/input/pmi2_sample_res5//rmfs//0.rmf3', 8: '1.0', 9: '23.0889909689', 10: '1.0', 11: '0.025086', 12: '0.833333333333', 13: '0.733333333333', 14: '1.0'} 
{0: '0.0', 1: '1.0', 2: '3', 3: '1.0', 4: '17.1481978189', 5: 3, 6: '0.0', 7: '/Users/cgreen/imp/modules/pmi/test/input/pmi2_sample_res5//rmfs//0.rmf3', 8: '1.0', 9: '17.1481978189', 10: '1.0', 11: '0.026246', 12: '0.8', 13: '0.775', 14: '1.0'} 
{0: '0.0', 1: '1.0', 2: '4', 3: '1.0', 4: '11.4635288805', 5: 4, 6: '0.0', 7: '/Users/cgreen/imp/modules/pmi/test/input/pmi2_sample_res5//rmfs//0.rmf3', 8: '1.0', 9: '11.4635288805', 10: '1.0', 11: '0.023552', 12: '0.82', 13: '0.8', 14: '1.0'} 
{0: '0.0', 1: '1.0', 2: '5', 3: '1.0', 4: '11.1622918905', 5: 5, 6: '0.0', 7: '/Users/cgreen/imp/modules/pmi/test/input/pmi2_sample_res5//rmfs//0.rmf3', 8: '1.0', 9: '11.1622918905', 10: '1.0', 11: '0.028554', 12: '0.816666666667', 13: '0.816666666667', 14: '1.0'} 
{0: '0.0', 1: '1.0', 2: '6', 3: '1.0', 4: '10.1807615298', 5: 6, 6: '0.0', 7: '/Users/cgreen/imp/modules/pmi/test/input/pmi2_sample_res5//rmfs//0.rmf3', 8: '1.0', 9: '10.1807615298', 10: '1.0', 11: '0.027727', 12: '0.814285714286', 13: '0.842857142857', 14: '1.0'} 
{0: '0.0', 1: '1.0', 2: '7', 3: '1.0', 4: '10.7024858646', 5: 7, 6: '0.0', 7: '/Users/cgreen/imp/modules/pmi/test/input/pmi2_sample_res5//rmfs//0.rmf3', 8: '1.0', 9: '10.7024858646', 10: '1.0', 11: '0.026656', 12: '0.7875', 13: '0.85', 14: '1.0'} 
{0: '0.0', 1: '1.0', 2: '8', 3: '1.0', 4: '11.3719442622', 5: 8, 6: '0.0', 7: '/Users/cgreen/imp/modules/pmi/test/input/pmi2_sample_res5//rmfs//0.rmf3', 8: '1.0', 9: '11.3719442622', 10: '1.0', 11: '0.024973', 12: '0.8', 13: '0.866666666667', 14: '1.0'} 
{0: '0.0', 1: '1.0', 2: '9', 3: '1.0', 4: '9.19398736794', 5: 9, 6: '0.0', 7: '/Users/cgreen/imp/modules/pmi/test/input/pmi2_sample_res5//rmfs//0.rmf3', 8: '1.0', 9: '9.19398736794', 10: '1.0', 11: '0.026552', 12: '0.81', 13: '0.88', 14: '1.0'} 
