{0: 'AtomicXLRestraint_1_Sig1', 1: 'ReplicaExchange_MinTempFrequency', 2: 'AtomicXLRestraint_1_Sig2', 3: 'CHARMM_BONDS_2', 4: 'ReplicaExchange_CurrentTemp', 5: 'rmf_frame_index', 6: 'ReplicaExchange_MaxTempFrequency', 7: 'AtomicXLRestraint_0_Prob', 8: 'MolecularDynamics_KineticEnergy', 9: 'AtomicXLRestraint_0_Sig2', 10: 'AtomicXLRestraint_0_Sig1', 11: 'AtomicXLRestraint_NumViol', 12: 'AtomicXLRestraint_sig_high', 13: 'CHARMM_NONBONDED', 14: 'ReplicaExchange_SwapSuccessRatio', 15: 'AtomicXLRestraint_1_BestDist', 16: 'AtomicXLRestraint', 17: 'AtomicXLRestraint_sig_low', 18: 'CHARMM_BONDS', 19: 'rmf_file', 20: 'SimplifiedModel_Total_Score', 21: 'Stopwatch_None_delta_seconds', 22: 'AtomicXLRestraint_1_Prob', 23: 'AtomicXLRestraint_0_BestDist', 24: 'CHARMM_NONBONDED_2', 'STAT2HEADER': 'STAT2HEADER', 'STAT2HEADER_IMP_VERSIONS': "{'PMI_VERSION': 'develop-be4e9ca', 'ISD_EMXL_VERSION': 'develop-be4e9ca', 'IMP_VERSION': 'develop-be4e9ca'}", 'STAT2HEADER_ENVIRON': "{'IMPDEBUG': '/Users/cgreen/imp_debug/setup_environment.sh', 'OMPI_FIRST_RANKS': '0', 'ROOTSYS': '/Users/cgreen/software/root', 'OMPI_MCA_orte_num_restarts': '0', 'IMPRUN': '/Users/cgreen/imp_fast/', 'TERM_PROGRAM_VERSION': '326', 'GMXDATA': '/usr/local/gromacs/share/gromacs', 'LOGNAME': 'cgreen', 'USER': 'cgreen', 'IMP_BIN_DIR': '/Users/cgreen/imp_fast/bin', 'PATH': '/Users/cgreen/imp_fast/bin:/Users/cgreen/imp_fast/module_bin/algebra:/Users/cgreen/imp_fast/module_bin/atom:/Users/cgreen/imp_fast/module_bin/base:/Users/cgreen/imp_fast/module_bin/benchmark:/Users/cgreen/imp_fast/module_bin/cgal:/Users/cgreen/imp_fast/module_bin/cnmultifit:/Users/cgreen/imp_fast/module_bin/container:/Users/cgreen/imp_fast/module_bin/core:/Users/cgreen/imp_fast/module_bin/display:/Users/cgreen/imp_fast/module_bin/domino:/Users/cgreen/imp_fast/module_bin/em:/Users/cgreen/imp_fast/module_bin/example:/Users/cgreen/imp_fast/module_bin/gsl:/Users/cgreen/imp_fast/module_bin/isd:/Users/cgreen/imp_fast/module_bin/isd_deer:/Users/cgreen/imp_fast/module_bin/isd_emxl:/Users/cgreen/imp_fast/module_bin/kernel:/Users/cgreen/imp_fast/module_bin/kinematics:/Users/cgreen/imp_fast/module_bin/kmeans:/Users/cgreen/imp_fast/module_bin/misc:/Users/cgreen/imp_fast/module_bin/modeller:/Users/cgreen/imp_fast/module_bin/module_template:/Users/cgreen/imp_fast/module_bin/mpi:/Users/cgreen/imp_fast/module_bin/multifit:/Users/cgreen/imp_fast/module_bin/multifit2:/Users/cgreen/imp_fast/module_bin/parallel:/Users/cgreen/imp_fast/module_bin/pepdock:/Users/cgreen/imp_fast/module_bin/pmi:/Users/cgreen/imp_fast/module_bin/rmf:/Users/cgreen/imp_fast/module_bin/rotamer:/Users/cgreen/imp_fast/module_bin/saxs:/Users/cgreen/imp_fast/module_bin/score_functor:/Users/cgreen/imp_fast/module_bin/scratch:/Users/cgreen/imp_fast/module_bin/statistics:/Users/cgreen/imp_fast/module_bin/symmetry:/Users/cgreen/imp_fast/module_bin/test:/Users/cgreen/imp_fast/bin:/Users/cgreen/imp_fast/bin:/Users/cgreen/imp/modules/pmi/pyext/src:/Users/cgreen/software/Situs_2.6.3/bin:/Users/cgreen/software/namd/bin:/Users/cgreen/software/bin:/usr/local/gromacs/bin:/usr/local/share/python:/usr/local/sbin:/usr/local/bin:/usr/bin:/bin:/usr/sbin:/sbin:/usr/local/bin:/opt/X11/bin:/usr/texbin', 'OMPI_MCA_orte_num_nodes': '1', 'OMPI_COMMAND': 'setup_environment.sh', 'OMPI_MCA_orte_ess_jobid': '1386741761', 'LD_LIBRARY_PATH': '/Users/cgreen/software/root/lib:/usr/local/gromacs/lib', 'OMPI_APP_CTX_NUM_PROCS': '2', 'TERM_PROGRAM': 'Apple_Terminal', 'LANG': 'en_US.UTF-8', 'TERM': 'xterm-256color', 'SHELL': '/bin/bash', 'OMPI_NUM_APP_CTX': '1', 'OPAL_OUTPUT_STDERR_FD': '24', 'SHLVL': '1', 'IMP_DATA': '/Users/cgreen/imp_fast/data', 'OMPI_MCA_initial_wdir': '/Users/cgreen/imp/modules/pmi/examples/crosslinking', 'IMP_EXAMPLE_DATA': '/Users/cgreen/imp_fast/doc/examples', 'OMPI_MCA_orte_peer_init_barrier_id': '1', 'IMP_TMP_DIR': '/Users/cgreen/imp_fast/tmp', 'OMPI_MCA_orte_local_daemon_uri': '1386741760.0;tcp://169.230.90.192:53167;tcp://10.60.96.149:53167', 'EDITOR': 'emacs', 'MANPATH': '/usr/local/gromacs/share/man:', 'OMPI_MCA_orte_precondition_transports': 'd241f442abb20856-54187bdb5339003d', 'ARDMK_DIR': '/opt/local/share/Arduino-Makefile', 'HOME': '/Users/cgreen', 'PYOPENCL_CTX': '1', 'MKL_NUM_THREADS': '1', 'HDIR': '/Users/cgreen/hthread/benchmark/proteasome2/targets/', 'TERM_SESSION_ID': 'B21B08B1-46F1-4CF6-AA5B-D4D5AB2A4AD9', 'OMPI_MCA_orte_ess_node_rank': '1', 'MDIR': '/Users/cgreen/imp/modules/multifit2/bin', 'OMPI_MCA_orte_tmpdir_base': '/var/folders/tb/b1_3lfh50d9f68c7h72hhnl80000gn/T', 'OMPI_MCA_orte_ess_vpid': '1', 'PYTHONPATH': '/Users/cgreen/imp_fast/lib:/Users/cgreen/imp_fast/lib:/Users/cgreen/software/libsvm-3.1/python:/usr/local/lib/python2.7/site-packages::/Library/modeller-9.12/modlib/:/Library/modeller-9.12/lib/mac10v4/:/usr/local/Cellar/mdt/5.2/lib/python2.7/site-packages/', 'SSH_AUTH_SOCK': '/tmp/launch-8EqWJQ/Listeners', 'OMPI_MCA_mpi_yield_when_idle': '1', 'SECURITYSESSIONID': '186a6', 'DYLD_LIBRARY_PATH': '/Users/cgreen/imp_fast/lib:/Users/cgreen/imp_fast/lib:', 'IMP': '/Users/cgreen/imp', 'OMPI_MCA_orte_peer_modex_id': '0', 'Apple_PubSub_Socket_Render': '/tmp/launch-Tbb1ju/Render', 'OMPI_COMM_WORLD_LOCAL_RANK': '1', 'OMPI_COMM_WORLD_LOCAL_SIZE': '2', 'PKG_CONFIG_PATH': '/usr/local/gromacs/lib/pkgconfig', 'FRAMEWORK_SEARCH_PATH': '/usr/local/Cellar/python/2.7.5/Frameworks/', 'OMPI_MCA_orte_app_num': '0', 'GMXLDLIB': '/usr/local/gromacs/lib', 'TMPDIR': '/var/folders/tb/b1_3lfh50d9f68c7h72hhnl80000gn/T/', 'ARDUINO_DIR': '/Applications/Arduino.app/Contents/Resources/Java', 'OMPI_UNIVERSE_SIZE': '1', 'LSCOLORS': 'dxfxcxdxbxegedabagacad', 'DISPLAY': '/tmp/launch-iaphvV/org.macosforge.xquartz:0', 'OMPI_COMM_WORLD_RANK': '1', 'OMPI_ARGV': 'python atomic_xl.py', 'OMPI_COMM_WORLD_NODE_RANK': '1', 'PDIR': '/Users/cgreen/imp/modules/multifit2/pyext/src', 'IDIR': '/Users/cgreen/imp/modules/isd2/examples/anchor_points/groel', 'OMPI_MCA_orte_hnp_uri': '1386741760.0;tcp://169.230.90.192:53167;tcp://10.60.96.149:53167', 'OMPI_MCA_orte_ess_num_procs': '2', 'VISUAL': 'emacs', 'OMPI_MCA_ess': 'env', '__CF_USER_TEXT_ENCODING': '0x1F5:0:0', 'PWD': '/Users/cgreen/imp/modules/pmi/examples/crosslinking', 'IMPFAST': '/Users/cgreen/imp_fast/setup_environment.sh', 'OMPI_MCA_shmem_RUNTIME_QUERY_hint': 'mmap', 'OMPI_COMM_WORLD_SIZE': '2', 'OMPI_MCA_orte_peer_fini_barrier_id': '2', '__CHECKFIX1436934': '1', 'GMXMAN': '/usr/local/gromacs/share/man', 'GMXBIN': '/usr/local/gromacs/bin'}"} 
{0: '2.0', 1: '0.0', 2: '2.0', 3: '99.7055664814', 4: '1.0', 5: 0, 6: '0.0', 7: '0.00130738615899', 8: '49.607037323', 9: '2.0', 10: '2.0', 11: '2', 12: 2.0, 13: '6.63533091525', 14: '1.0', 15: '9.58904647827', 16: '10.1988979913', 17: 2.0, 18: '104.156738768', 19: 'output1//rmfs//1.rmf3', 20: '227.521644086', 21: '4.116131', 22: '0.0284623659356', 23: '12.9240989685', 24: '6.82510992935'} 
{0: '2.0', 1: '0.333333333333', 2: '2.0', 3: '109.938360629', 4: '1.0', 5: 1, 6: '0.0', 7: '0.00166399596729', 8: '57.8658196895', 9: '2.0', 10: '2.0', 11: '2', 12: 2.0, 13: '6.59527990712', 14: '1.0', 15: '9.09989070892', 16: '9.69651695273', 17: 2.0, 18: '106.405391318', 19: 'output1//rmfs//1.rmf3', 20: '239.368523394', 21: '3.964572', 22: '0.0369576139236', 23: '12.6295614243', 24: '6.73297458658'} 
{0: '2.0', 1: '0.5', 2: '2.0', 3: '113.998586477', 4: '1.0', 5: 2, 6: '0.0', 7: '0.00199862767829', 8: '42.5801709992', 9: '2.0', 10: '2.0', 11: '2', 12: 2.0, 13: '6.59424550893', 14: '0.75', 15: '9.01900672913', 16: '9.45604802487', 17: 2.0, 18: '102.475386723', 19: 'output1//rmfs//1.rmf3', 20: '239.285873106', 21: '1.797284', 22: '0.0391343950421', 23: '12.3097600937', 24: '6.76160637176'} 
{0: '2.0', 1: '0.6', 2: '2.0', 3: '113.562146905', 4: '1.0', 5: 3, 6: '0.0', 7: '0.00298918398412', 8: '50.4145239852', 9: '2.0', 10: '2.0', 11: '2', 12: 2.0, 13: '6.60570917625', 14: '0.6', 15: '8.73648357391', 16: '8.87850967682', 17: 2.0, 18: '106.658423865', 19: 'output1//rmfs//1.rmf3', 20: '242.514588624', 21: '1.927149', 22: '0.0466186392935', 23: '11.9374275208', 24: '6.80979900007'} 
{0: '2.0', 1: '0.666666666667', 2: '2.0', 3: '105.197816135', 4: '1.0', 5: 4, 6: '0.0', 7: '0.0040300568641', 8: '45.5765721466', 9: '2.0', 10: '2.0', 11: '2', 12: 2.0, 13: '6.60984502229', 14: '0.5', 15: '8.51828384399', 16: '8.46151058794', 17: 2.0, 18: '112.212038578', 19: 'output1//rmfs//1.rmf3', 20: '239.202675074', 21: '1.91127', 22: '0.0524688407546', 23: '11.6599559784', 24: '6.72146475119'} 
{0: '2.0', 1: '0.625', 2: '2.0', 3: '113.083032434', 4: '1.0', 5: 5, 6: '0.0', 7: '0.00385607071888', 8: '62.3508101604', 9: '2.0', 10: '2.0', 11: '2', 12: 2.0, 13: '6.62266664016', 14: '0.625', 15: '8.58054637909', 16: '8.59723605459', 17: 2.0, 18: '109.132609528', 19: 'output1//rmfs//1.rmf3', 20: '244.537079249', 21: '3.82633', 22: '0.0478765482705', 23: '11.6685409546', 24: '7.10153459218'} 
{0: '2.0', 1: '0.666666666667', 2: '2.0', 3: '113.869585078', 4: '1.0', 5: 6, 6: '0.0', 7: '0.00433640885746', 8: '57.7982332592', 9: '2.0', 10: '2.0', 11: '2', 12: 2.0, 13: '6.61729577491', 14: '0.555555555556', 15: '8.69285678864', 16: '8.57732945036', 17: 2.0, 18: '111.485836296', 19: 'output1//rmfs//1.rmf3', 20: '247.546276724', 21: '1.89919', 22: '0.0434293098018', 23: '11.4234762192', 24: '6.99623012445'} 
{0: '2.0', 1: '0.7', 2: '2.0', 3: '117.974430697', 4: '1.0', 5: 7, 6: '0.0', 7: '0.00487152417521', 8: '73.1431221188', 9: '2.0', 10: '2.0', 11: '2', 12: 2.0, 13: '6.64047677944', 14: '0.5', 15: '8.51477241516', 16: '8.38024402926', 17: 2.0, 18: '108.335713694', 19: 'output1//rmfs//1.rmf3', 20: '248.544933221', 21: '1.300676', 22: '0.0470805360494', 23: '11.2357473373', 24: '7.21406802083'} 
{0: '2.0', 1: '0.615384615385', 2: '2.0', 3: '111.292750683', 4: '1.0', 5: 8, 6: '0.0', 7: '0.00746716356424', 8: '79.7751560913', 9: '2.0', 10: '2.0', 11: '2', 12: 2.0, 13: '6.88476489605', 14: '0.538461538462', 15: '8.48190975189', 16: '7.81999299941', 17: 2.0, 18: '113.489346316', 19: 'output1//rmfs//1.rmf3', 20: '246.715606655', 21: '5.122703', 22: '0.0537854154322', 23: '10.7150211334', 24: '7.2287517604'} 
{0: '2.0', 1: '0.6', 2: '2.0', 3: '114.033570962', 4: '1.0', 5: 9, 6: '0.0', 7: '0.00420419029866', 8: '63.8836061265', 9: '2.0', 10: '2.0', 11: '2', 12: 2.0, 13: '7.33090878375', 14: '0.6', 15: '8.99842262268', 16: '8.72891371695', 17: 2.0, 18: '103.492948315', 19: 'output1//rmfs//1.rmf3', 20: '240.781191223', 21: '3.855458', 22: '0.0384944903373', 23: '11.3546524048', 24: '7.19484944444'} 
{0: '2.0', 1: '0.625', 2: '2.0', 3: '113.558911274', 4: '1.0', 5: 10, 6: '0.0', 7: '0.00507205267743', 8: '35.3431049236', 9: '2.0', 10: '2.0', 11: '2', 12: 2.0, 13: '8.01712675021', 14: '0.5625', 15: '9.73653888702', 16: '9.06467930036', 17: 2.0, 18: '113.54108409', 19: 'output1//rmfs//1.rmf3', 20: '251.662484676', 21: '1.227558', 22: '0.02280741391', 23: '11.1553916931', 24: '7.48068326146'} 
{0: '2.0', 1: '0.647058823529', 2: '2.0', 3: '106.407935764', 4: '1.0', 5: 11, 6: '0.0', 7: '0.00412741855146', 8: '44.8281970135', 9: '2.0', 10: '2.0', 11: '2', 12: 2.0, 13: '7.60824796643', 14: '0.529411764706', 15: '9.56901168823', 16: '9.20480146786', 17: 2.0, 18: '110.246302693', 19: 'output1//rmfs//1.rmf3', 20: '241.026294396', 21: '1.807062', 22: '0.0243627889846', 23: '11.3793821335', 24: '7.55900650475'} 
{0: '2.0', 1: '0.666666666667', 2: '2.0', 3: '113.860817995', 4: '1.0', 5: 12, 6: '0.0', 7: '0.00375841474754', 8: '48.7865710418', 9: '2.0', 10: '2.0', 11: '2', 12: 2.0, 13: '7.26771946341', 14: '0.5', 15: '9.41154766083', 16: '9.20834933343', 17: 2.0, 18: '113.413587237', 19: 'output1//rmfs//1.rmf3', 20: '251.077391376', 21: '1.373595', 22: '0.0266599906951', 23: '11.4673109055', 24: '7.32691734728'} 
{0: '2.0', 1: '0.65', 2: '2.0', 3: '115.223395666', 4: '1.0', 5: 13, 6: '0.0', 7: '0.00410356490046', 8: '50.6055772497', 9: '2.0', 10: '2.0', 11: '2', 12: 2.0, 13: '7.08934725266', 14: '0.55', 15: '9.33803939819', 16: '9.08636636487', 17: 2.0, 18: '105.548489909', 19: 'output1//rmfs//1.rmf3', 20: '244.00964182', 21: '3.297689', 22: '0.0275854403298', 23: '11.488038063', 24: '7.06204262711'} 
{0: '2.0', 1: '0.583333333333', 2: '2.0', 3: '109.16872414', 4: '1.0', 5: 14, 6: '0.0', 7: '0.00549266620983', 8: '53.6060009295', 9: '2.0', 10: '2.0', 11: '2', 12: 2.0, 13: '7.61068161032', 14: '0.541666666667', 15: '8.74059772491', 16: '8.36424595336', 17: 2.0, 18: '119.969061175', 19: 'output1//rmfs//1.rmf3', 20: '251.94269055', 21: '6.572831', 22: '0.0424297946111', 23: '11.3038949966', 24: '6.82997767195'} 
{0: '2.0', 1: '0.51724137931', 2: '2.0', 3: '118.257279642', 4: '1.0', 5: 15, 6: '0.0', 7: '0.00638020697831', 8: '53.2037172294', 9: '2.0', 10: '2.0', 11: '2', 12: 2.0, 13: '7.70474651897', 14: '0.51724137931', 15: '8.76318264008', 16: '8.218838892', 17: 2.0, 18: '111.08550296', 19: 'output1//rmfs//1.rmf3', 20: '252.183823638', 21: '6.371566', 22: '0.0422443715593', 23: '11.0502958298', 24: '6.91745562527'} 
{0: '2.0', 1: '0.5', 2: '2.0', 3: '109.430563393', 4: '1.0', 5: 16, 6: '0.0', 7: '0.00549780719858', 8: '51.4559109382', 9: '2.0', 10: '2.0', 11: '2', 12: 2.0, 13: '6.8523159982', 14: '0.53125', 15: '9.93084716797', 16: '9.00781325777', 17: 2.0, 18: '112.361121962', 19: 'output1//rmfs//1.rmf3', 20: '244.589972936', 21: '4.535742', 22: '0.0222723940947', 23: '11.1286878586', 24: '6.9381583251'} 
