{0: 'AtomicXLRestraint_1_Sig1', 1: 'ReplicaExchange_MinTempFrequency', 2: 'AtomicXLRestraint_1_Sig2', 3: 'CHARMM_BONDS_2', 4: 'ReplicaExchange_CurrentTemp', 5: 'rmf_frame_index', 6: 'ReplicaExchange_MaxTempFrequency', 7: 'AtomicXLRestraint_0_Prob', 8: 'MolecularDynamics_KineticEnergy', 9: 'AtomicXLRestraint_0_Sig2', 10: 'AtomicXLRestraint_0_Sig1', 11: 'AtomicXLRestraint_NumViol', 12: 'AtomicXLRestraint_sig_high', 13: 'CHARMM_NONBONDED', 14: 'ReplicaExchange_SwapSuccessRatio', 15: 'AtomicXLRestraint_1_BestDist', 16: 'AtomicXLRestraint', 17: 'AtomicXLRestraint_sig_low', 18: 'CHARMM_BONDS', 19: 'rmf_file', 20: 'SimplifiedModel_Total_Score', 21: 'Stopwatch_None_delta_seconds', 22: 'AtomicXLRestraint_1_Prob', 23: 'AtomicXLRestraint_0_BestDist', 24: 'CHARMM_NONBONDED_2', 'STAT2HEADER': 'STAT2HEADER', 'STAT2HEADER_IMP_VERSIONS': "{'PMI_VERSION': 'develop-be4e9ca', 'ISD_EMXL_VERSION': 'develop-be4e9ca', 'IMP_VERSION': 'develop-be4e9ca'}", 'STAT2HEADER_ENVIRON': "{'IMPDEBUG': '/Users/cgreen/imp_debug/setup_environment.sh', 'OMPI_FIRST_RANKS': '0', 'ROOTSYS': '/Users/cgreen/software/root', 'OMPI_MCA_orte_num_restarts': '0', 'IMPRUN': '/Users/cgreen/imp_fast/', 'TERM_PROGRAM_VERSION': '326', 'GMXDATA': '/usr/local/gromacs/share/gromacs', 'LOGNAME': 'cgreen', 'USER': 'cgreen', 'IMP_BIN_DIR': '/Users/cgreen/imp_fast/bin', 'PATH': '/Users/cgreen/imp_fast/bin:/Users/cgreen/imp_fast/module_bin/algebra:/Users/cgreen/imp_fast/module_bin/atom:/Users/cgreen/imp_fast/module_bin/base:/Users/cgreen/imp_fast/module_bin/benchmark:/Users/cgreen/imp_fast/module_bin/cgal:/Users/cgreen/imp_fast/module_bin/cnmultifit:/Users/cgreen/imp_fast/module_bin/container:/Users/cgreen/imp_fast/module_bin/core:/Users/cgreen/imp_fast/module_bin/display:/Users/cgreen/imp_fast/module_bin/domino:/Users/cgreen/imp_fast/module_bin/em:/Users/cgreen/imp_fast/module_bin/example:/Users/cgreen/imp_fast/module_bin/gsl:/Users/cgreen/imp_fast/module_bin/isd:/Users/cgreen/imp_fast/module_bin/isd_deer:/Users/cgreen/imp_fast/module_bin/isd_emxl:/Users/cgreen/imp_fast/module_bin/kernel:/Users/cgreen/imp_fast/module_bin/kinematics:/Users/cgreen/imp_fast/module_bin/kmeans:/Users/cgreen/imp_fast/module_bin/misc:/Users/cgreen/imp_fast/module_bin/modeller:/Users/cgreen/imp_fast/module_bin/module_template:/Users/cgreen/imp_fast/module_bin/mpi:/Users/cgreen/imp_fast/module_bin/multifit:/Users/cgreen/imp_fast/module_bin/multifit2:/Users/cgreen/imp_fast/module_bin/parallel:/Users/cgreen/imp_fast/module_bin/pepdock:/Users/cgreen/imp_fast/module_bin/pmi:/Users/cgreen/imp_fast/module_bin/rmf:/Users/cgreen/imp_fast/module_bin/rotamer:/Users/cgreen/imp_fast/module_bin/saxs:/Users/cgreen/imp_fast/module_bin/score_functor:/Users/cgreen/imp_fast/module_bin/scratch:/Users/cgreen/imp_fast/module_bin/statistics:/Users/cgreen/imp_fast/module_bin/symmetry:/Users/cgreen/imp_fast/module_bin/test:/Users/cgreen/imp_fast/bin:/Users/cgreen/imp_fast/bin:/Users/cgreen/imp/modules/pmi/pyext/src:/Users/cgreen/software/Situs_2.6.3/bin:/Users/cgreen/software/namd/bin:/Users/cgreen/software/bin:/usr/local/gromacs/bin:/usr/local/share/python:/usr/local/sbin:/usr/local/bin:/usr/bin:/bin:/usr/sbin:/sbin:/usr/local/bin:/opt/X11/bin:/usr/texbin', 'OMPI_MCA_orte_num_nodes': '1', 'OMPI_COMMAND': 'setup_environment.sh', 'OMPI_MCA_orte_ess_jobid': '1386741761', 'LD_LIBRARY_PATH': '/Users/cgreen/software/root/lib:/usr/local/gromacs/lib', 'OMPI_APP_CTX_NUM_PROCS': '2', 'TERM_PROGRAM': 'Apple_Terminal', 'LANG': 'en_US.UTF-8', 'TERM': 'xterm-256color', 'SHELL': '/bin/bash', 'OMPI_NUM_APP_CTX': '1', 'OPAL_OUTPUT_STDERR_FD': '20', 'SHLVL': '1', 'IMP_DATA': '/Users/cgreen/imp_fast/data', 'OMPI_MCA_initial_wdir': '/Users/cgreen/imp/modules/pmi/examples/crosslinking', 'IMP_EXAMPLE_DATA': '/Users/cgreen/imp_fast/doc/examples', 'OMPI_MCA_orte_peer_init_barrier_id': '1', 'IMP_TMP_DIR': '/Users/cgreen/imp_fast/tmp', 'OMPI_MCA_orte_local_daemon_uri': '1386741760.0;tcp://169.230.90.192:53167;tcp://10.60.96.149:53167', 'EDITOR': 'emacs', 'MANPATH': '/usr/local/gromacs/share/man:', 'OMPI_MCA_orte_precondition_transports': 'd241f442abb20856-54187bdb5339003d', 'ARDMK_DIR': '/opt/local/share/Arduino-Makefile', 'HOME': '/Users/cgreen', 'PYOPENCL_CTX': '1', 'MKL_NUM_THREADS': '1', 'HDIR': '/Users/cgreen/hthread/benchmark/proteasome2/targets/', 'TERM_SESSION_ID': 'B21B08B1-46F1-4CF6-AA5B-D4D5AB2A4AD9', 'OMPI_MCA_orte_ess_node_rank': '0', 'MDIR': '/Users/cgreen/imp/modules/multifit2/bin', 'OMPI_MCA_orte_tmpdir_base': '/var/folders/tb/b1_3lfh50d9f68c7h72hhnl80000gn/T', 'OMPI_MCA_orte_ess_vpid': '0', 'PYTHONPATH': '/Users/cgreen/imp_fast/lib:/Users/cgreen/imp_fast/lib:/Users/cgreen/software/libsvm-3.1/python:/usr/local/lib/python2.7/site-packages::/Library/modeller-9.12/modlib/:/Library/modeller-9.12/lib/mac10v4/:/usr/local/Cellar/mdt/5.2/lib/python2.7/site-packages/', 'SSH_AUTH_SOCK': '/tmp/launch-8EqWJQ/Listeners', 'OMPI_MCA_mpi_yield_when_idle': '1', 'SECURITYSESSIONID': '186a6', 'DYLD_LIBRARY_PATH': '/Users/cgreen/imp_fast/lib:/Users/cgreen/imp_fast/lib:', 'IMP': '/Users/cgreen/imp', 'OMPI_MCA_orte_peer_modex_id': '0', 'Apple_PubSub_Socket_Render': '/tmp/launch-Tbb1ju/Render', 'OMPI_COMM_WORLD_LOCAL_RANK': '0', 'OMPI_COMM_WORLD_LOCAL_SIZE': '2', 'PKG_CONFIG_PATH': '/usr/local/gromacs/lib/pkgconfig', 'FRAMEWORK_SEARCH_PATH': '/usr/local/Cellar/python/2.7.5/Frameworks/', 'OMPI_MCA_orte_app_num': '0', 'GMXLDLIB': '/usr/local/gromacs/lib', 'TMPDIR': '/var/folders/tb/b1_3lfh50d9f68c7h72hhnl80000gn/T/', 'ARDUINO_DIR': '/Applications/Arduino.app/Contents/Resources/Java', 'OMPI_UNIVERSE_SIZE': '1', 'LSCOLORS': 'dxfxcxdxbxegedabagacad', 'DISPLAY': '/tmp/launch-iaphvV/org.macosforge.xquartz:0', 'OMPI_COMM_WORLD_RANK': '0', 'OMPI_ARGV': 'python atomic_xl.py', 'OMPI_COMM_WORLD_NODE_RANK': '0', 'PDIR': '/Users/cgreen/imp/modules/multifit2/pyext/src', 'IDIR': '/Users/cgreen/imp/modules/isd2/examples/anchor_points/groel', 'OMPI_MCA_orte_hnp_uri': '1386741760.0;tcp://169.230.90.192:53167;tcp://10.60.96.149:53167', 'OMPI_MCA_orte_ess_num_procs': '2', 'VISUAL': 'emacs', 'OMPI_MCA_ess': 'env', '__CF_USER_TEXT_ENCODING': '0x1F5:0:0', 'PWD': '/Users/cgreen/imp/modules/pmi/examples/crosslinking', 'IMPFAST': '/Users/cgreen/imp_fast/setup_environment.sh', 'OMPI_MCA_shmem_RUNTIME_QUERY_hint': 'mmap', 'OMPI_COMM_WORLD_SIZE': '2', 'OMPI_MCA_orte_peer_fini_barrier_id': '2', '__CHECKFIX1436934': '1', 'GMXMAN': '/usr/local/gromacs/share/man', 'GMXBIN': '/usr/local/gromacs/bin'}"} 
{0: '2.0', 1: '0', 2: '2.0', 3: '106.806009322', 4: '1.0', 5: 0, 6: '0', 7: '0.00116638115444', 8: '36.3995500252', 9: '2.0', 10: '2.0', 11: '2', 12: 2.0, 13: '6.67038414558', 14: '0', 15: '9.4951171875', 16: '10.0978536152', 17: 2.0, 18: '105.883592413', 19: 'output1//rmfs//0.rmf3', 20: '236.108604241', 21: '2.105167', 22: '0.0352953426027', 23: '13.0008478165', 24: '6.65076474451'} 
{0: '2.0', 1: '0.5', 2: '2.0', 3: '111.753092545', 4: '1.0', 5: 1, 6: '0.0', 7: '0.0018354931183', 8: '46.9506382891', 9: '2.0', 10: '2.0', 11: '2', 12: 2.0, 13: '6.69678027926', 14: '1.0', 15: '9.64525699615', 16: '9.66000530976', 17: 2.0, 18: '106.99085735', 19: 'output1//rmfs//0.rmf3', 20: '241.725926041', 21: '4.100658', 22: '0.0347504344287', 23: '12.29388237', 24: '6.62519055806'} 
{0: '2.0', 1: '0.285714285714', 2: '2.0', 3: '112.920400085', 4: '1.0', 5: 2, 6: '0.0', 7: '0.0015823235619', 8: '58.8340770102', 9: '2.0', 10: '2.0', 11: '2', 12: 2.0, 13: '6.77349721648', 14: '0.571428571429', 15: '9.58159446716', 16: '9.93802594231', 17: 2.0, 18: '111.029624631', 19: 'output1//rmfs//0.rmf3', 20: '247.478011018', 21: '9.408705', 22: '0.0305263498487', 23: '12.3161754608', 24: '6.8164631421'} 
{0: '2.0', 1: '0.272727272727', 2: '2.0', 3: '116.720758308', 4: '1.0', 5: 3, 6: '0.0', 7: '0.00107088963189', 8: '63.2942088075', 9: '2.0', 10: '2.0', 11: '2', 12: 2.0, 13: '6.62835393838', 14: '0.545454545455', 15: '9.25423431396', 16: '10.0929466485', 17: 2.0, 18: '105.426770366', 19: 'output1//rmfs//0.rmf3', 20: '246.08647803', 21: '7.146648', 22: '0.0386317383163', 23: '12.7797441483', 24: '7.21764876923'} 
{0: '2.0', 1: '0.333333333333', 2: '2.0', 3: '114.066210751', 4: '1.0', 5: 4, 6: '0.0', 7: '0.00104122521883', 8: '59.0405529446', 9: '2.0', 10: '2.0', 11: '2', 12: 2.0, 13: '6.6440779635', 14: '0.5', 15: '9.35653018951', 16: '9.99850690046', 17: 2.0, 18: '111.787021596', 19: 'output1//rmfs//0.rmf3', 20: '249.767216236', 21: '1.216143', 22: '0.0436675622007', 23: '12.8989124298', 24: '7.27139902481'} 
{0: '2.0', 1: '0.357142857143', 2: '2.0', 3: '111.027667714', 4: '1.0', 5: 5, 6: '0.0', 7: '0.00154776916422', 8: '36.9562153831', 9: '2.0', 10: '2.0', 11: '2', 12: 2.0, 13: '6.59297872451', 14: '0.571428571429', 15: '9.41833877563', 16: '9.7570034489', 17: 2.0, 18: '111.841974525', 19: 'output1//rmfs//0.rmf3', 20: '246.471969329', 21: '3.805175', 22: '0.0374008138073', 23: '12.4829101562', 24: '7.25234491588'} 
{0: '2.0', 1: '0.315789473684', 2: '2.0', 3: '118.992152344', 4: '1.0', 5: 6, 6: '0.0', 7: '0.00109974123993', 8: '63.3156337059', 9: '2.0', 10: '2.0', 11: '2', 12: 2.0, 13: '6.68756198899', 14: '0.526315789474', 15: '9.24393367767', 16: '10.1278936104', 17: 2.0, 18: '111.52373612', 19: 'output1//rmfs//0.rmf3', 20: '254.867914571', 21: '7.606789', 22: '0.0363263012716', 23: '12.856502533', 24: '7.53657050757'} 
{0: '2.0', 1: '0.333333333333', 2: '2.0', 3: '108.464561759', 4: '1.0', 5: 7, 6: '0.0', 7: '0.00206364419206', 8: '56.6792150168', 9: '2.0', 10: '2.0', 11: '2', 12: 2.0, 13: '6.64257832369', 14: '0.571428571429', 15: '9.87067985535', 16: '10.0572066738', 17: 2.0, 18: '114.02472303', 19: 'output1//rmfs//0.rmf3', 20: '247.181527147', 21: '3.280576', 22: '0.0207766641075', 23: '12.1317977905', 24: '7.99245736127'} 
{0: '2.0', 1: '0.363636363636', 2: '2.0', 3: '106.853438031', 4: '1.0', 5: 8, 6: '0.0', 7: '0.0022241474151', 8: '52.7062702051', 9: '2.0', 10: '2.0', 11: '2', 12: 2.0, 13: '6.68951953254', 14: '0.545454545455', 15: '9.61155033112', 16: '9.76482270901', 17: 2.0, 18: '107.229296806', 19: 'output1//rmfs//0.rmf3', 20: '238.887674486', 21: '1.974971', 22: '0.0258242556306', 23: '12.0712852478', 24: '8.35059740765'} 
{0: '2.0', 1: '0.391304347826', 2: '2.0', 3: '112.778197671', 4: '1.0', 5: 9, 6: '0.0', 7: '0.00263233682186', 8: '56.5883673578', 9: '2.0', 10: '2.0', 11: '2', 12: 2.0, 13: '6.76101397575', 14: '0.521739130435', 15: '9.23701953888', 16: '9.27026613674', 17: 2.0, 18: '104.404948423', 19: 'output1//rmfs//0.rmf3', 20: '241.048967398', 21: '2.001406', 22: '0.035779404842', 23: '11.9013195038', 24: '7.83454119154'} 
{0: '2.0', 1: '0.4', 2: '2.0', 3: '115.585589358', 4: '1.0', 5: 10, 6: '0.0', 7: '0.00168675875733', 8: '51.5320096539', 9: '2.0', 10: '2.0', 11: '2', 12: 2.0, 13: '6.87664521956', 14: '0.56', 15: '9.76254653931', 16: '9.9808631484', 17: 2.0, 18: '111.190670163', 19: 'output1//rmfs//0.rmf3', 20: '251.538155892', 21: '2.671386', 22: '0.0274355225512', 23: '12.2676610947', 24: '7.90438800319'} 
{0: '2.0', 1: '0.423076923077', 2: '2.0', 3: '108.560583774', 4: '1.0', 5: 11, 6: '0.0', 7: '0.00143180180437', 8: '55.4334651588', 9: '2.0', 10: '2.0', 11: '2', 12: 2.0, 13: '6.82126565316', 14: '0.538461538462', 15: '9.98364543915', 16: '10.284201632', 17: 2.0, 18: '121.579706673', 19: 'output1//rmfs//0.rmf3', 20: '255.302121328', 21: '1.257426', 22: '0.0238641008156', 23: '12.3970508575', 24: '8.05636359529'} 
{0: '2.0', 1: '0.444444444444', 2: '2.0', 3: '114.065961096', 4: '1.0', 5: 12, 6: '0.0', 7: '0.00164774473471', 8: '60.4672533512', 9: '2.0', 10: '2.0', 11: '2', 12: 2.0, 13: '6.79243454343', 14: '0.518518518519', 15: '10.343919754', 16: '10.4128400465', 17: 2.0, 18: '108.380235662', 19: 'output1//rmfs//0.rmf3', 20: '247.292906649', 21: '1.259707', 22: '0.0182335442073', 23: '12.2829561234', 24: '7.64143530135'} 
{0: '2.0', 1: '0.464285714286', 2: '2.0', 3: '108.060826619', 4: '1.0', 5: 13, 6: '0.0', 7: '0.00147390237882', 8: '61.1383724575', 9: '2.0', 10: '2.0', 11: '2', 12: 2.0, 13: '7.03814511522', 14: '0.5', 15: '11.0174541473', 16: '11.1611493783', 17: 2.0, 18: '111.354562332', 19: 'output1//rmfs//0.rmf3', 20: '245.279192772', 21: '1.233599', 22: '0.00964507687595', 23: '12.3982095718', 24: '7.66450932746'} 
{0: '2.0', 1: '0.466666666667', 2: '2.0', 3: '103.962451249', 4: '1.0', 5: 14, 6: '0.0', 7: '0.00179937440318', 8: '49.7286915579', 9: '2.0', 10: '2.0', 11: '2', 12: 2.0, 13: '7.20954394468', 14: '0.533333333333', 15: '10.7626991272', 16: '10.8520817458', 17: 2.0, 18: '116.890378784', 19: 'output1//rmfs//0.rmf3', 20: '246.589077459', 21: '2.576681', 22: '0.0107616593928', 23: '12.2544031143', 24: '7.6746217353'} 
{0: '2.0', 1: '0.483870967742', 2: '2.0', 3: '107.34341129', 4: '1.0', 5: 15, 6: '0.0', 7: '0.00209686490638', 8: '65.1008525293', 9: '2.0', 10: '2.0', 11: '2', 12: 2.0, 13: '7.69638723928', 14: '0.516129032258', 15: '10.3373651505', 16: '10.5772936809', 17: 2.0, 18: '108.38603749', 19: 'output1//rmfs//0.rmf3', 20: '241.206824759', 21: '1.954892', 22: '0.0121554004136', 23: '12.1391572952', 24: '7.20369505844'} 
