{0: 'ReplicaExchange_SwapSuccessRatio', 1: 'ReplicaExchange_CurrentTemp', 2: 'score', 3: 'ReplicaExchange_MaxTempFrequency', 4: 'ReplicaExchange_MinTempFrequency', 'STAT2HEADER': 'STAT2HEADER', 'STAT2HEADER_IMP_VERSIONS': "{'PMI_VERSION': 'develop-35edacd', 'IMP_VERSION': 'develop-35edacd'}", 'STAT2HEADER_ENVIRON': "{'CPPFLAGS': '-I/c5/shared/chimera/1.11/include -I/c5/shared/openmpi/1.6.3/sge/6.2u4/gcc-4.6.2-gmp-4.3.2-mpfr-3.1.0-mpc-0.8.2--disable-dlopen/include -I/c5/shared/hdf5/1.8.10/include -I/c5/shared/git/1.8.2.1/include -I/c5/shared/cmake/3.0.2/include -I/c5/shared/gcc/4.6.2-gmp-4.3.2-mpfr-3.1.0-mpc-0.8.2/include -I/c5/shared/Python/2.7.5-shared/include -I/c5/shared/boost/1.54.0/python-2.7.5-shared/include -I/c5/shared/openbabel/2.3.2/python-2.7.3-shared/include -I/c5/shared/Oracle_java/jre/8/include', 'DBUS_SESSION_BUS_ADDRESS': 'unix:abstract=/tmp/dbus-1THB6GbYij,guid=cb44e93811d0693a4b69dd0059d3b443', 'COLORTERM': 'gnome-terminal', 'IMP_BIN_DIR': '/Bis/home/rpellari/imp-projects/imp-040917/imp-fast/bin', 'OMPI_MCA_orte_num_nodes': '1', 'OMPI_MCA_orte_app_num': '0', 'SHELL': '/bin/bash', 'LD_RUN_PATH': '/c5/shared/chimera/1.11/lib:/c5/shared/openmpi/1.6.3/sge/6.2u4/gcc-4.6.2-gmp-4.3.2-mpfr-3.1.0-mpc-0.8.2--disable-dlopen/lib:/c5/shared/hdf5/1.8.10/lib:/c5/shared/git/1.8.2.1/lib:/c5/shared/gcc/4.6.2-gmp-4.3.2-mpfr-3.1.0-mpc-0.8.2/lib64:/c5/shared/gcc/4.6.2-gmp-4.3.2-mpfr-3.1.0-mpc-0.8.2/lib:/c5/shared/Python/2.7.5-shared/lib:/c5/shared/boost/1.54.0/python-2.7.5-shared/lib:/c5/shared/openbabel/2.3.2/python-2.7.3-shared/lib:/c5/shared/Oracle_java/jre/8/lib', 'HISTSIZE': '1000', '__GL_SYNC_DISPLAY_DEVICE': '', 'MANPATH': '/c5/shared/chimera/1.11/share/man:/c5/shared/openmpi/1.6.3/sge/6.2u4/gcc-4.6.2-gmp-4.3.2-mpfr-3.1.0-mpc-0.8.2--disable-dlopen/share/man:/c5/shared/hdf5/1.8.10/share/man:/c5/shared/git/1.8.2.1/share/man:/c5/shared/cmake/3.0.2/share/man:/c5/shared/swig/2.0.4/share/man:/c5/shared/gcc/4.6.2-gmp-4.3.2-mpfr-3.1.0-mpc-0.8.2/share/man:/c5/shared/Python/2.7.5-shared/share/man:/c5/SGE/man:/c5/shared/xournal/0.4.5/share/man:/c5/shared/R/3.1.3/share/man:/c5/shared/povray/3.6.1/share/man:/c5/shared/openbabel/2.3.2/python-2.7.3-shared/share/man:/c5/shared/Oracle_java/jre/8/man:/c5/shared/apbs/1.2.1/share/man:/c5/shared/man:/usr/share/man:/usr/X11R6/man:/usr/local/man:/usr/kerberos/man:/usr/man', 'XMODIFIERS': '@im=none', 'PYTHONPATH': '/Bis/home/rpellari/imp-projects/imp-040917/imp-fast/lib:/Bis/home/rpellari/imp-projects/imp-040917/imp-fast/lib:/c5/shared/modeller/9v8/modlib:/c5/shared/modeller/9v8/lib/x86_64-intel8', 'ICMHOME': '/c5/shared/icm/3.7-2a', 'PVM_ARCH': 'LINUX64', 'MOLSOFTD_LICENSE_FILE': '/c5/shared/icm/license.dat', 'SGE_CLUSTER_NAME': 'BIS', 'MOLBROWSERPROHOME': '/usr/icm-browser-pro/', 'DESKTOP_SESSION': 'default', 'HOSTNAME': 'liberte.bis.pasteur.fr', 'OMPI_MCA_orte_ess_num_procs': '8', 'MAIL': '/var/spool/mail/rpellari', 'LS_COLORS': 'no=00:fi=00:di=00;34:ln=00;36:pi=40;33:so=00;35:bd=40;33;01:cd=40;33;01:or=01;05;37;41:mi=01;05;37;41:ex=00;32:*.cmd=00;32:*.exe=00;32:*.com=00;32:*.btm=00;32:*.bat=00;32:*.sh=00;32:*.csh=00;32:*.tar=00;31:*.tgz=00;31:*.arj=00;31:*.taz=00;31:*.lzh=00;31:*.zip=00;31:*.z=00;31:*.Z=00;31:*.gz=00;31:*.bz2=00;31:*.bz=00;31:*.tz=00;31:*.rpm=00;31:*.cpio=00;31:*.jpg=00;35:*.gif=00;35:*.bmp=00;35:*.xbm=00;35:*.xpm=00;35:*.png=00;35:*.tif=00;35:', 'SSH_ASKPASS': '/usr/libexec/openssh/gnome-ssh-askpass', 'KDE_IS_PRELINKED': '1', 'GNOME_DESKTOP_SESSION_ID': 'Default', 'OMPI_MCA_orte_num_restarts': '0', 'LESSOPEN': '|/usr/bin/lesspipe.sh %s', 'CVS_RSH': 'ssh', 'USER': 'rpellari', 'HOME': '/Bis/home/rpellari', '__GL_SINGLE_THREADED': '0', 'XAUTHORITY': '/tmp/.gdm5DPO7Y', 'SESSION_MANAGER': 'local/liberte.bis.pasteur.fr:/tmp/.ICE-unix/4782', 'SHLVL': '2', 'IMP_DATA': '/Bis/home/rpellari/imp-projects/imp-040917/imp-fast/data', 'IMP_EXAMPLE_DATA': '/Bis/home/rpellari/imp-projects/imp-040917/imp-fast/doc/examples', 'DISPLAY': ':0.0', 'OMPI_MCA_orte_local_daemon_uri': '1484652544.0;tcp://157.99.90.217:38191', 'WINDOWID': '22020178', 'MODULESHOME': '/usr/share/Modules', 'SGE_ROOT': '/c5/SGE', 'QTLIB': '/usr/lib64/qt-3.3/lib', 'OMPI_MCA_orte_ess_node_rank': '4', 'GDMSESSION': 'default', 'OMPI_COMM_WORLD_LOCAL_SIZE': '8', 'MODULEPATH': '/usr/share/Modules/modulefiles:/c5/shared/modulefiles:/Bis/home/rpellari/privatemodules', 'OMPI_MCA_orte_cpu_model': 'Intel(R) Xeon(R) CPU           E5410  @ 2.33GHz', 'OMPI_COMM_WORLD_NODE_RANK': '4', 'PVM_RSH': '/usr/bin/ssh', 'OMPI_MCA_orte_hnp_uri': '1484652544.0;tcp://157.99.90.217:38191', 'GTK_RC_FILES': '/etc/gtk/gtkrc:/Bis/home/rpellari/.gtkrc-1.2-gnome2', 'OMPI_COMM_WORLD_SIZE': '8', '_LMFILES_': '/usr/share/Modules/modulefiles/use.own:/usr/share/Modules/modulefiles/null:/c5/shared/modulefiles/c5/shared/bin:/c5/shared/modulefiles/manpath:/c5/shared/modulefiles/pvm:/c5/shared/modulefiles/apbs/default:/c5/shared/modulefiles/icm/3.7-2a:/c5/shared/modulefiles/modeller/9v8:/c5/shared/modulefiles/Oracle_java/jre/8:/c5/shared/modulefiles/jabref/3.2:/c5/shared/modulefiles/matlab/R2012b:/c5/shared/modulefiles/mathematica/7.0.1:/c5/shared/modulefiles/ncbi_tools/20090809/gnu:/c5/shared/modulefiles/openbabel/2.3.2/without-python:/c5/shared/modulefiles/povray/3.6.1:/c5/shared/modulefiles/R/3.1.3:/c5/shared/modulefiles/seamonkey/latest-is-2.r:/c5/shared/modulefiles/xournal/0.4.5:/c5/shared/modulefiles/vmd/latest:/c5/shared/modulefiles/BIS:/c5/shared/modulefiles/boost/1.54.0-python-2.7.5-shared:/c5/shared/modulefiles/python/2.7.5-shared:/c5/shared/modulefiles/gcc/4.6.2-gmp-4.3.2-mpfr-3.1.0-mpc-0.8.2:/c5/shared/modulefiles/swig/2.0.4:/c5/shared/modulefiles/cmake/3.0.2:/c5/shared/modulefiles/ninja/1.3.4:/c5/shared/modulefiles/git/1.8.2.1:/c5/shared/modulefiles/hdf5/1.8.10:/c5/shared/modulefiles/openmpi/1.6.3/gcc-4.6.2-gmp-4.3.2-mpfr-3.1.0-mpc-0.8.2--disable-dlopen:/c5/shared/modulefiles/chimera/1.b', 'CXXFLAGS': '-I/c5/shared/chimera/1.11/include -I/c5/shared/openmpi/1.6.3/sge/6.2u4/gcc-4.6.2-gmp-4.3.2-mpfr-3.1.0-mpc-0.8.2--disable-dlopen/include -I/c5/shared/hdf5/1.8.10/include -I/c5/shared/git/1.8.2.1/include -I/c5/shared/cmake/3.0.2/include -I/c5/shared/gcc/4.6.2-gmp-4.3.2-mpfr-3.1.0-mpc-0.8.2/include -I/c5/shared/Python/2.7.5-shared/include -I/c5/shared/boost/1.54.0/python-2.7.5-shared/include -I/c5/shared/openbabel/2.3.2/python-2.7.3-shared/include', 'QTDIR': '/usr/lib64/qt-3.3', '__GL_SYNC_TO_VBLANK': '0', 'LD_LIBRARY_PATH': '/Bis/home/rpellari/imp-projects/imp-040917/imp-fast/lib:/Bis/home/rpellari/imp-projects/imp-040917/imp-fast/lib:/c5/shared/chimera/1.11/lib:/c5/shared/openmpi/1.6.3/sge/6.2u4/gcc-4.6.2-gmp-4.3.2-mpfr-3.1.0-mpc-0.8.2--disable-dlopen/lib:/c5/shared/hdf5/1.8.10/lib:/c5/shared/git/1.8.2.1/lib:/c5/shared/gcc/4.6.2-gmp-4.3.2-mpfr-3.1.0-mpc-0.8.2/lib:/c5/shared/gcc/4.6.2-gmp-4.3.2-mpfr-3.1.0-mpc-0.8.2/lib64:/c5/shared/Python/2.7.5-shared/lib:/c5/shared/boost/1.54.0/python-2.7.5-shared/lib:/c5/shared/openbabel/2.3.2/python-2.7.3-shared/lib:/c5/shared/Oracle_java/jre/8/lib/amd64/server:/c5/shared/Oracle_java/jre/8/lib/amd64:/c5/shared/Oracle_java/jre/8/lib:/c5/shared/modeller/9v8/lib/x86_64-intel8', 'LANG': 'en_US.UTF-8', 'KDEDIR': '/usr', 'QTINC': '/usr/lib64/qt-3.3/include', 'NXDIR': '/usr/NX', 'G_BROKEN_FILENAMES': '1', 'IMP_TMP_DIR': '/Bis/home/rpellari/imp-projects/imp-040917/imp-fast/tmp', 'KDE_NO_IPV6': '1', 'OMPI_MCA_orte_precondition_transports': '70f02cf73ebee1d4-98cc413ba1fa8b40', 'PVM_ROOT': '/usr/share/pvm3', 'USERNAME': 'rpellari', 'GDM_XSERVER_LOCATION': 'local', '__GL_DEFAULT_LOG_ANISO': '0', 'OMPI_COMM_WORLD_LOCAL_RANK': '4', 'BASH_FUNC_module()': '() {  eval `/usr/bin/modulecmd bash $*`\\n}', 'OMPI_UNIVERSE_SIZE': '1', 'OMPI_COMM_WORLD_RANK': '4', 'OMPI_MCA_mpi_yield_when_idle': '0', 'OMPI_MCA_ess': 'env', 'OMPI_MCA_shmem_RUNTIME_QUERY_hint': 'mmap', 'OMPI_MCA_orte_ess_vpid': '4', 'SGE_CELL': 'default', 'LOGNAME': 'rpellari', 'PATH': '/Bis/home/rpellari/imp-projects/imp-040917/imp-fast/bin:/Bis/home/rpellari/imp-projects/imp-040917/imp-fast/module_bin/algebra:/Bis/home/rpellari/imp-projects/imp-040917/imp-fast/module_bin/atom:/Bis/home/rpellari/imp-projects/imp-040917/imp-fast/module_bin/bayesianem:/Bis/home/rpellari/imp-projects/imp-040917/imp-fast/module_bin/benchmark:/Bis/home/rpellari/imp-projects/imp-040917/imp-fast/module_bin/container:/Bis/home/rpellari/imp-projects/imp-040917/imp-fast/module_bin/core:/Bis/home/rpellari/imp-projects/imp-040917/imp-fast/module_bin/crosslinkms:/Bis/home/rpellari/imp-projects/imp-040917/imp-fast/module_bin/display:/Bis/home/rpellari/imp-projects/imp-040917/imp-fast/module_bin/domino:/Bis/home/rpellari/imp-projects/imp-040917/imp-fast/module_bin/em:/Bis/home/rpellari/imp-projects/imp-040917/imp-fast/module_bin/evcov:/Bis/home/rpellari/imp-projects/imp-040917/imp-fast/module_bin/example:/Bis/home/rpellari/imp-projects/imp-040917/imp-fast/module_bin/foxs:/Bis/home/rpellari/imp-projects/imp-040917/imp-fast/module_bin/gsl:/Bis/home/rpellari/imp-projects/imp-040917/imp-fast/module_bin/isd:/Bis/home/rpellari/imp-projects/imp-040917/imp-fast/module_bin/kernel:/Bis/home/rpellari/imp-projects/imp-040917/imp-fast/module_bin/kinematics:/Bis/home/rpellari/imp-projects/imp-040917/imp-fast/module_bin/kmeans:/Bis/home/rpellari/imp-projects/imp-040917/imp-fast/module_bin/misc:/Bis/home/rpellari/imp-projects/imp-040917/imp-fast/module_bin/modeller:/Bis/home/rpellari/imp-projects/imp-040917/imp-fast/module_bin/mpi:/Bis/home/rpellari/imp-projects/imp-040917/imp-fast/module_bin/multi_state:/Bis/home/rpellari/imp-projects/imp-040917/imp-fast/module_bin/parallel:/Bis/home/rpellari/imp-projects/imp-040917/imp-fast/module_bin/pepdock:/Bis/home/rpellari/imp-projects/imp-040917/imp-fast/module_bin/pmi:/Bis/home/rpellari/imp-projects/imp-040917/imp-fast/module_bin/rmf:/Bis/home/rpellari/imp-projects/imp-040917/imp-fast/module_bin/rotamer:/Bis/home/rpellari/imp-projects/imp-040917/imp-fast/module_bin/saxs:/Bis/home/rpellari/imp-projects/imp-040917/imp-fast/module_bin/saxs_merge:/Bis/home/rpellari/imp-projects/imp-040917/imp-fast/module_bin/score_functor:/Bis/home/rpellari/imp-projects/imp-040917/imp-fast/module_bin/scratch:/Bis/home/rpellari/imp-projects/imp-040917/imp-fast/module_bin/statistics:/Bis/home/rpellari/imp-projects/imp-040917/imp-fast/module_bin/symmetry:/Bis/home/rpellari/imp-projects/imp-040917/imp-fast/module_bin/test:/Bis/home/rpellari/imp-projects/imp-040917/imp-fast/bin:/Bis/home/rpellari/imp-projects/imp-040917/imp-fast/bin:/c5/shared/chimera/1.11/bin:/c5/shared/openmpi/1.6.3/sge/6.2u4/gcc-4.6.2-gmp-4.3.2-mpfr-3.1.0-mpc-0.8.2--disable-dlopen/bin:/c5/shared/hdf5/1.8.10/bin:/c5/shared/git/1.8.2.1/bin:/c5/shared/ninja/1.3.4:/c5/shared/cmake/3.0.2/bin:/c5/shared/swig/2.0.4/bin:/c5/shared/gcc/4.6.2-gmp-4.3.2-mpfr-3.1.0-mpc-0.8.2/bin:/c5/shared/Python/2.7.5-shared/bin:/Bis/home/rpellari/local/bin:/c5/SGE/bin/lx26-amd64:/Bis/home/rpellari/local/bin:/usr/lib64/qt-3.3/bin:/usr/kerberos/bin:/c5/SGE/bin/lx26-amd64:/c5/shared/vmd/vmd-1.9.1:/c5/shared/xournal/0.4.5/bin:/c5/shared/seamonkey/2.29/:/c5/shared/R/3.1.3/bin:/c5/shared/povray/3.6.1/bin/:/c5/shared/openbabel/2.3.2/python-2.7.3-shared/bin:/c5/shared/ncbi_tools/20090809/ncbi/bin:/c5/shared/Wolfram/Mathematica/7.0/Executables:/c5/shared/matlab/7.15/bin/:/c5/shared/Oracle_java/jre/8/bin:/c5/shared/JabRef/3.2:/c5/shared/modeller/9v8/bin/:/c5/shared/icm/3.7-2a:/c5/shared/apbs/1.2.1/bin/:/usr/share/pvm3/bin/LINUX64:/usr/share/pvm3/lib/LINUX64:/usr/share/pvm3/lib:/c5/shared/bin:/usr/local/bin:/usr/bin:/bin:/usr/X11R6/bin:/usr/NX/bin:/Bis/home/rpellari/bin:/usr/NX/bin', 'OMPI_MCA_orte_ess_jobid': '1484652545', 'SSH_AGENT_PID': '4821', 'TERM': 'xterm', 'OPAL_OUTPUT_STDERR_FD': '37', 'LDFLAGS': '-L/c5/shared/chimera/1.11/lib -L/c5/shared/openmpi/1.6.3/sge/6.2u4/gcc-4.6.2-gmp-4.3.2-mpfr-3.1.0-mpc-0.8.2--disable-dlopen/lib -L/c5/shared/hdf5/1.8.10/lib -L/c5/shared/git/1.8.2.1/lib -L/c5/shared/gcc/4.6.2-gmp-4.3.2-mpfr-3.1.0-mpc-0.8.2/lib -L/c5/shared/Python/2.7.5-shared/lib -L/c5/shared/boost/1.54.0/python-2.7.5-shared/lib -L/c5/shared/openbabel/2.3.2/python-2.7.3-shared/lib -L/c5/shared/Oracle_java/jre/8/lib -L/usr/share/pvm3/lib/LINUX64 -lpvm3', 'BIS': '/c5/shared', 'OMPI_MCA_orte_cpu_type': 'GenuineIntel', 'SSH_AUTH_SOCK': '/tmp/ssh-etSedY4782/agent.4782', '__GL_FSAA_MODE': '0', 'GNOME_KEYRING_SOCKET': '/tmp/keyring-Ylqxjm/socket', 'LOADEDMODULES': 'use.own:null:c5/shared/bin:manpath:pvm:apbs/default:icm/3.7-2a:modeller/9v8:Oracle_java/jre/8:jabref/3.2:matlab/R2012b:mathematica/7.0.1:ncbi_tools/20090809/gnu:openbabel/2.3.2/without-python:povray/3.6.1:R/3.1.3:seamonkey/latest-is-2.r:xournal/0.4.5:vmd/latest:BIS:boost/1.54.0-python-2.7.5-shared:python/2.7.5-shared:gcc/4.6.2-gmp-4.3.2-mpfr-3.1.0-mpc-0.8.2:swig/2.0.4:cmake/3.0.2:ninja/1.3.4:git/1.8.2.1:hdf5/1.8.10:openmpi/1.6.3/gcc-4.6.2-gmp-4.3.2-mpfr-3.1.0-mpc-0.8.2--disable-dlopen:chimera/1.b', 'PWD': '/Bis/home/rpellari/imp-projects/imp-050517/imp_tutorial/rnapolii/modeling', 'DESKTOP_STARTUP_ID': '', 'CFLAGS': '-I/c5/shared/chimera/1.11/include -I/c5/shared/openmpi/1.6.3/sge/6.2u4/gcc-4.6.2-gmp-4.3.2-mpfr-3.1.0-mpc-0.8.2--disable-dlopen/include -I/c5/shared/hdf5/1.8.10/include -I/c5/shared/git/1.8.2.1/include -I/c5/shared/cmake/3.0.2/include -I/c5/shared/gcc/4.6.2-gmp-4.3.2-mpfr-3.1.0-mpc-0.8.2/include -I/c5/shared/Python/2.7.5-shared/include -I/c5/shared/boost/1.54.0/python-2.7.5-shared/include -I/c5/shared/openbabel/2.3.2/python-2.7.3-shared/include -I/c5/shared/Oracle_java/jre/8/include -I/usr/share/pvm3/include'}"} 
{0: '0', 1: '1.68808495998', 2: 0.0, 3: '0', 4: '0'} 
{0: '1.0', 1: '1.92416739464', 2: 0.0, 3: '0.0', 4: '0.0'} 
{0: '1.0', 1: '2.19326663017', 2: 0.0, 3: '0.0', 4: '0.0'} 
{0: '1.0', 1: '2.5', 2: 0.0, 3: '0.0', 4: '0.0'} 
{0: '1.0', 1: '1.0', 2: 0.0, 3: '0.25', 4: '0.0'} 
{0: '1.0', 1: '1.13985228539', 2: 0.0, 3: '0.2', 4: '0.2'} 
{0: '1.0', 1: '1.29926323891', 2: 0.0, 3: '0.166666666667', 4: '0.166666666667'} 
{0: '1.0', 1: '1.48096811771', 2: 0.0, 3: '0.142857142857', 4: '0.142857142857'} 
{0: '1.0', 1: '1.68808495998', 2: 0.0, 3: '0.125', 4: '0.125'} 
{0: '1.0', 1: '1.92416739464', 2: 0.0, 3: '0.111111111111', 4: '0.111111111111'} 
{0: '1.0', 1: '2.19326663017', 2: 0.0, 3: '0.1', 4: '0.1'} 
{0: '1.0', 1: '2.5', 2: 0.0, 3: '0.0909090909091', 4: '0.0909090909091'} 
{0: '1.0', 1: '1.0', 2: 0.0, 3: '0.166666666667', 4: '0.0833333333333'} 
{0: '1.0', 1: '1.13985228539', 2: 0.0, 3: '0.153846153846', 4: '0.153846153846'} 
{0: '1.0', 1: '1.29926323891', 2: 0.0, 3: '0.142857142857', 4: '0.142857142857'} 
{0: '1.0', 1: '1.48096811771', 2: 0.0, 3: '0.133333333333', 4: '0.133333333333'} 
{0: '1.0', 1: '1.68808495998', 2: 0.0, 3: '0.125', 4: '0.125'} 
{0: '1.0', 1: '1.92416739464', 2: 0.0, 3: '0.117647058824', 4: '0.117647058824'} 
{0: '1.0', 1: '2.19326663017', 2: 0.0, 3: '0.111111111111', 4: '0.111111111111'} 
{0: '1.0', 1: '2.5', 2: 0.0, 3: '0.105263157895', 4: '0.105263157895'} 
{0: '1.0', 1: '1.0', 2: 0.0, 3: '0.15', 4: '0.1'} 
{0: '1.0', 1: '1.13985228539', 2: 0.0, 3: '0.142857142857', 4: '0.142857142857'} 
{0: '1.0', 1: '1.29926323891', 2: 0.0, 3: '0.136363636364', 4: '0.136363636364'} 
{0: '1.0', 1: '1.48096811771', 2: 0.0, 3: '0.130434782609', 4: '0.130434782609'} 
{0: '1.0', 1: '1.68808495998', 2: 0.0, 3: '0.125', 4: '0.125'} 
{0: '1.0', 1: '1.92416739464', 2: 0.0, 3: '0.12', 4: '0.12'} 
{0: '1.0', 1: '2.19326663017', 2: 0.0, 3: '0.115384615385', 4: '0.115384615385'} 
{0: '1.0', 1: '2.5', 2: 0.0, 3: '0.111111111111', 4: '0.111111111111'} 
{0: '1.0', 1: '1.0', 2: 0.0, 3: '0.142857142857', 4: '0.107142857143'} 
{0: '1.0', 1: '1.13985228539', 2: 0.0, 3: '0.137931034483', 4: '0.137931034483'} 
{0: '1.0', 1: '1.29926323891', 2: 0.0, 3: '0.133333333333', 4: '0.133333333333'} 
{0: '1.0', 1: '1.48096811771', 2: 0.0, 3: '0.129032258065', 4: '0.129032258065'} 
{0: '1.0', 1: '1.68808495998', 2: 0.0, 3: '0.125', 4: '0.125'} 
{0: '1.0', 1: '1.92416739464', 2: 0.0, 3: '0.121212121212', 4: '0.121212121212'} 
{0: '1.0', 1: '2.19326663017', 2: 0.0, 3: '0.117647058824', 4: '0.117647058824'} 
{0: '1.0', 1: '2.5', 2: 0.0, 3: '0.114285714286', 4: '0.114285714286'} 
{0: '1.0', 1: '1.0', 2: 0.0, 3: '0.138888888889', 4: '0.111111111111'} 
{0: '1.0', 1: '1.13985228539', 2: 0.0, 3: '0.135135135135', 4: '0.135135135135'} 
{0: '1.0', 1: '1.29926323891', 2: 0.0, 3: '0.131578947368', 4: '0.131578947368'} 
{0: '1.0', 1: '1.48096811771', 2: 0.0, 3: '0.128205128205', 4: '0.128205128205'} 
{0: '1.0', 1: '1.68808495998', 2: 0.0, 3: '0.125', 4: '0.125'} 
{0: '1.0', 1: '1.92416739464', 2: 0.0, 3: '0.121951219512', 4: '0.121951219512'} 
{0: '1.0', 1: '2.19326663017', 2: 0.0, 3: '0.119047619048', 4: '0.119047619048'} 
{0: '1.0', 1: '2.5', 2: 0.0, 3: '0.116279069767', 4: '0.116279069767'} 
{0: '1.0', 1: '1.0', 2: 0.0, 3: '0.136363636364', 4: '0.113636363636'} 
{0: '1.0', 1: '1.13985228539', 2: 0.0, 3: '0.133333333333', 4: '0.133333333333'} 
{0: '1.0', 1: '1.29926323891', 2: 0.0, 3: '0.130434782609', 4: '0.130434782609'} 
{0: '1.0', 1: '1.48096811771', 2: 0.0, 3: '0.127659574468', 4: '0.127659574468'} 
{0: '1.0', 1: '1.68808495998', 2: 0.0, 3: '0.125', 4: '0.125'} 
{0: '1.0', 1: '1.92416739464', 2: 0.0, 3: '0.122448979592', 4: '0.122448979592'} 
{0: '1.0', 1: '2.19326663017', 2: 0.0, 3: '0.12', 4: '0.12'} 
{0: '1.0', 1: '2.5', 2: 0.0, 3: '0.117647058824', 4: '0.117647058824'} 
{0: '1.0', 1: '1.0', 2: 0.0, 3: '0.134615384615', 4: '0.115384615385'} 
{0: '1.0', 1: '1.13985228539', 2: 0.0, 3: '0.132075471698', 4: '0.132075471698'} 
{0: '1.0', 1: '1.29926323891', 2: 0.0, 3: '0.12962962963', 4: '0.12962962963'} 
{0: '1.0', 1: '1.48096811771', 2: 0.0, 3: '0.127272727273', 4: '0.127272727273'} 
{0: '1.0', 1: '1.68808495998', 2: 0.0, 3: '0.125', 4: '0.125'} 
{0: '1.0', 1: '1.92416739464', 2: 0.0, 3: '0.122807017544', 4: '0.122807017544'} 
{0: '1.0', 1: '2.19326663017', 2: 0.0, 3: '0.120689655172', 4: '0.120689655172'} 
{0: '1.0', 1: '2.5', 2: 0.0, 3: '0.118644067797', 4: '0.118644067797'} 
{0: '1.0', 1: '1.0', 2: 0.0, 3: '0.133333333333', 4: '0.116666666667'} 
{0: '1.0', 1: '1.13985228539', 2: 0.0, 3: '0.131147540984', 4: '0.131147540984'} 
{0: '1.0', 1: '1.29926323891', 2: 0.0, 3: '0.129032258065', 4: '0.129032258065'} 
{0: '1.0', 1: '1.48096811771', 2: 0.0, 3: '0.126984126984', 4: '0.126984126984'} 
{0: '1.0', 1: '1.68808495998', 2: 0.0, 3: '0.125', 4: '0.125'} 
{0: '1.0', 1: '1.92416739464', 2: 0.0, 3: '0.123076923077', 4: '0.123076923077'} 
{0: '1.0', 1: '2.19326663017', 2: 0.0, 3: '0.121212121212', 4: '0.121212121212'} 
{0: '1.0', 1: '2.5', 2: 0.0, 3: '0.119402985075', 4: '0.119402985075'} 
{0: '1.0', 1: '1.0', 2: 0.0, 3: '0.132352941176', 4: '0.117647058824'} 
{0: '1.0', 1: '1.13985228539', 2: 0.0, 3: '0.130434782609', 4: '0.130434782609'} 
{0: '1.0', 1: '1.29926323891', 2: 0.0, 3: '0.128571428571', 4: '0.128571428571'} 
{0: '1.0', 1: '1.48096811771', 2: 0.0, 3: '0.12676056338', 4: '0.12676056338'} 
{0: '1.0', 1: '1.68808495998', 2: 0.0, 3: '0.125', 4: '0.125'} 
{0: '1.0', 1: '1.92416739464', 2: 0.0, 3: '0.123287671233', 4: '0.123287671233'} 
{0: '1.0', 1: '2.19326663017', 2: 0.0, 3: '0.121621621622', 4: '0.121621621622'} 
{0: '1.0', 1: '2.5', 2: 0.0, 3: '0.12', 4: '0.12'} 
{0: '1.0', 1: '1.0', 2: 0.0, 3: '0.131578947368', 4: '0.118421052632'} 
{0: '1.0', 1: '1.13985228539', 2: 0.0, 3: '0.12987012987', 4: '0.12987012987'} 
{0: '1.0', 1: '1.29926323891', 2: 0.0, 3: '0.128205128205', 4: '0.128205128205'} 
{0: '1.0', 1: '1.48096811771', 2: 0.0, 3: '0.126582278481', 4: '0.126582278481'} 
{0: '1.0', 1: '1.68808495998', 2: 0.0, 3: '0.125', 4: '0.125'} 
{0: '1.0', 1: '1.92416739464', 2: 0.0, 3: '0.123456790123', 4: '0.123456790123'} 
{0: '1.0', 1: '2.19326663017', 2: 0.0, 3: '0.121951219512', 4: '0.121951219512'} 
{0: '1.0', 1: '2.5', 2: 0.0, 3: '0.120481927711', 4: '0.120481927711'} 
{0: '1.0', 1: '1.0', 2: 0.0, 3: '0.130952380952', 4: '0.119047619048'} 
{0: '1.0', 1: '1.13985228539', 2: 0.0, 3: '0.129411764706', 4: '0.129411764706'} 
{0: '1.0', 1: '1.29926323891', 2: 0.0, 3: '0.127906976744', 4: '0.127906976744'} 
{0: '1.0', 1: '1.48096811771', 2: 0.0, 3: '0.126436781609', 4: '0.126436781609'} 
{0: '1.0', 1: '1.68808495998', 2: 0.0, 3: '0.125', 4: '0.125'} 
{0: '1.0', 1: '1.92416739464', 2: 0.0, 3: '0.123595505618', 4: '0.123595505618'} 
{0: '1.0', 1: '2.19326663017', 2: 0.0, 3: '0.122222222222', 4: '0.122222222222'} 
{0: '1.0', 1: '2.5', 2: 0.0, 3: '0.120879120879', 4: '0.120879120879'} 
{0: '1.0', 1: '1.0', 2: 0.0, 3: '0.130434782609', 4: '0.119565217391'} 
{0: '1.0', 1: '1.13985228539', 2: 0.0, 3: '0.129032258065', 4: '0.129032258065'} 
{0: '1.0', 1: '1.29926323891', 2: 0.0, 3: '0.127659574468', 4: '0.127659574468'} 
{0: '1.0', 1: '1.48096811771', 2: 0.0, 3: '0.126315789474', 4: '0.126315789474'} 
{0: '1.0', 1: '1.68808495998', 2: 0.0, 3: '0.125', 4: '0.125'} 
{0: '1.0', 1: '1.92416739464', 2: 0.0, 3: '0.123711340206', 4: '0.123711340206'} 
{0: '1.0', 1: '2.19326663017', 2: 0.0, 3: '0.122448979592', 4: '0.122448979592'} 
{0: '1.0', 1: '2.5', 2: 0.0, 3: '0.121212121212', 4: '0.121212121212'} 
