{0: 'CrossLinkingMassSpectrometryRestraint_PriorPsi_Score_XL', 1: 'CrossLinkingMassSpectrometryRestraint_Distance_|0|0|0|XL|51.1|Rpb4|60|Rpb4|71|', 2: 'CrossLinkingMassSpectrometryRestraint_Distance_|0|0|0|XL|52.1|Rpb4|60|Rpb4|121|', 3: 'ReplicaExchange_MinTempFrequency', 4: 'rmf_frame_index', 5: 'CrossLinkingMassSpectrometryRestraint_PriorSig_Score_XL', 6: 'CrossLinkingMassSpectrometryRestraint_Data_Score_XL', 7: 'Total_Score', 8: 'Stopwatch_None_delta_seconds', 9: 'CrossLinkingMassSpectrometryRestraint_Distance_|0|0|0|XL|102.1|Rpb4|1|Rpb7|73|', 10: 'CrossLinkingMassSpectrometryRestraint_Score_|XL|51.1|Rpb4|60|Rpb4|71|', 11: 'ReplicaExchange_CurrentTemp', 12: 'ReplicaExchange_MaxTempFrequency', 13: 'MonteCarlo_StepSize_Nuisances_CrossLinkingMassSpectrometryRestraint_Psi_PSI_XL_3', 14: 'CrossLinkingMassSpectrometryRestraint_Score_|XL|102.1|Rpb4|1|Rpb7|73|', 15: 'ExcludedVolumeSphere_None', 16: 'CrossLinkingMassSpectrometryRestraint_Distance_|0|0|0|XL|53.1|Rpb4|60|Rpb4|142|', 17: 'CrossLinkingMassSpectrometryRestraint_Score_|XL|52.1|Rpb4|60|Rpb4|121|', 18: 'MonteCarlo_Acceptance_Nuisances_CrossLinkingMassSpectrometryRestraint_Psi_PSI_XL_3', 19: 'CrossLinkingMassSpectrometryRestraint_Score_|XL|53.1|Rpb4|60|Rpb4|142|', 20: 'ConnectivityRestraint_Rpb4', 21: 'ReplicaExchange_SwapSuccessRatio', 22: 'ConnectivityRestraint_Rpb7', 23: 'RMSD_None', 24: 'MonteCarlo_Nframe', 25: 'MonteCarlo_Acceptance_P6901 mover_0', 26: 'CrossLinkingMassSpectrometryRestraint_Distance_|0|0|0|XL|101.1|Rpb4|1|Rpb7|29|', 27: 'rmf_file', 28: 'MonteCarlo_Temperature', 29: 'CrossLinkingMassSpectrometryRestraint_Score_|XL|101.1|Rpb4|1|Rpb7|29|', 30: 'CrossLinkingMassSpectrometryRestraint_Sigma_SIGMA_XL', 31: 'RMSD_assignments_None', 32: 'CrossLinkingMassSpectrometryRestraint_Psi_PSI_XL', 33: 'MonteCarlo_Acceptance_Nuisances_CrossLinkingMassSpectrometryRestraint_Sigma_SIGMA_XL_2', 34: 'MonteCarlo_StepSize_Nuisances_CrossLinkingMassSpectrometryRestraint_Sigma_SIGMA_XL_2', 35: 'MonteCarlo_Acceptance_P6903 mover_1', 'STAT2HEADER': 'STAT2HEADER', 'STAT2HEADER_IMP_VERSIONS': "{'PMI_VERSION': 'develop-a5ac050', 'IMP_VERSION': 'develop-a5ac050'}", 'STAT2HEADER_ENVIRON': "{'CPPFLAGS': '-I/c5/shared/chimera/1.11/include -I/c5/shared/openmpi/1.6.3/sge/6.2u4/gcc-4.6.2-gmp-4.3.2-mpfr-3.1.0-mpc-0.8.2--disable-dlopen/include -I/c5/shared/hdf5/1.8.10/include -I/c5/shared/git/1.8.2.1/include -I/c5/shared/cmake/3.0.2/include -I/c5/shared/gcc/4.6.2-gmp-4.3.2-mpfr-3.1.0-mpc-0.8.2/include -I/c5/shared/Python/2.7.5-shared/include -I/c5/shared/boost/1.54.0/python-2.7.5-shared/include -I/c5/shared/openbabel/2.3.2/python-2.7.3-shared/include -I/c5/shared/Oracle_java/jre/8/include', 'DBUS_SESSION_BUS_ADDRESS': 'unix:abstract=/tmp/dbus-8eCxv7Pec0,guid=682d57c811371dcc5569ec0059774852', 'COLORTERM': 'gnome-terminal', 'IMP_BIN_DIR': '/Bis/home/rpellari/imp-projects/imp-050517/imp-fast/bin', 'OMPI_MCA_orte_num_nodes': '1', 'OMPI_MCA_orte_app_num': '0', 'SHELL': '/bin/bash', 'LD_RUN_PATH': '/c5/shared/chimera/1.11/lib:/c5/shared/openmpi/1.6.3/sge/6.2u4/gcc-4.6.2-gmp-4.3.2-mpfr-3.1.0-mpc-0.8.2--disable-dlopen/lib:/c5/shared/hdf5/1.8.10/lib:/c5/shared/git/1.8.2.1/lib:/c5/shared/gcc/4.6.2-gmp-4.3.2-mpfr-3.1.0-mpc-0.8.2/lib64:/c5/shared/gcc/4.6.2-gmp-4.3.2-mpfr-3.1.0-mpc-0.8.2/lib:/c5/shared/Python/2.7.5-shared/lib:/c5/shared/boost/1.54.0/python-2.7.5-shared/lib:/c5/shared/openbabel/2.3.2/python-2.7.3-shared/lib:/c5/shared/Oracle_java/jre/8/lib', 'HISTSIZE': '1000', '__GL_SYNC_DISPLAY_DEVICE': '', 'MANPATH': '/c5/shared/chimera/1.11/share/man:/c5/shared/openmpi/1.6.3/sge/6.2u4/gcc-4.6.2-gmp-4.3.2-mpfr-3.1.0-mpc-0.8.2--disable-dlopen/share/man:/c5/shared/hdf5/1.8.10/share/man:/c5/shared/git/1.8.2.1/share/man:/c5/shared/cmake/3.0.2/share/man:/c5/shared/swig/2.0.4/share/man:/c5/shared/gcc/4.6.2-gmp-4.3.2-mpfr-3.1.0-mpc-0.8.2/share/man:/c5/shared/Python/2.7.5-shared/share/man:/c5/SGE/man:/c5/shared/xournal/0.4.5/share/man:/c5/shared/R/3.1.3/share/man:/c5/shared/povray/3.6.1/share/man:/c5/shared/openbabel/2.3.2/python-2.7.3-shared/share/man:/c5/shared/Oracle_java/jre/8/man:/c5/shared/apbs/1.2.1/share/man:/c5/shared/man:/usr/share/man:/usr/X11R6/man:/usr/local/man:/usr/kerberos/man:/usr/man', 'XMODIFIERS': '@im=none', 'PYTHONPATH': '/Bis/home/rpellari/imp-projects/imp-050517/imp-fast/lib:/Bis/home/rpellari/imp-projects/imp-050517/imp-fast/lib:/c5/shared/modeller/9v8/modlib:/c5/shared/modeller/9v8/lib/x86_64-intel8', 'ICMHOME': '/c5/shared/icm/3.7-2a', 'PVM_ARCH': 'LINUX64', 'MOLSOFTD_LICENSE_FILE': '/c5/shared/icm/license.dat', 'SGE_CLUSTER_NAME': 'BIS', 'MOLBROWSERPROHOME': '/usr/icm-browser-pro/', 'DESKTOP_SESSION': 'default', 'HOSTNAME': 'liberte.bis.pasteur.fr', 'OMPI_MCA_orte_ess_num_procs': '8', 'MAIL': '/var/spool/mail/rpellari', 'LS_COLORS': 'no=00:fi=00:di=00;34:ln=00;36:pi=40;33:so=00;35:bd=40;33;01:cd=40;33;01:or=01;05;37;41:mi=01;05;37;41:ex=00;32:*.cmd=00;32:*.exe=00;32:*.com=00;32:*.btm=00;32:*.bat=00;32:*.sh=00;32:*.csh=00;32:*.tar=00;31:*.tgz=00;31:*.arj=00;31:*.taz=00;31:*.lzh=00;31:*.zip=00;31:*.z=00;31:*.Z=00;31:*.gz=00;31:*.bz2=00;31:*.bz=00;31:*.tz=00;31:*.rpm=00;31:*.cpio=00;31:*.jpg=00;35:*.gif=00;35:*.bmp=00;35:*.xbm=00;35:*.xpm=00;35:*.png=00;35:*.tif=00;35:', 'SSH_ASKPASS': '/usr/libexec/openssh/gnome-ssh-askpass', 'KDE_IS_PRELINKED': '1', 'GNOME_DESKTOP_SESSION_ID': 'Default', 'OMPI_MCA_orte_num_restarts': '0', 'LESSOPEN': '|/usr/bin/lesspipe.sh %s', 'CVS_RSH': 'ssh', 'USER': 'rpellari', 'HOME': '/Bis/home/rpellari', '__GL_SINGLE_THREADED': '0', 'XAUTHORITY': '/tmp/.gdmMJTP3Y', 'SESSION_MANAGER': 'local/liberte.bis.pasteur.fr:/tmp/.ICE-unix/18584', 'SHLVL': '2', 'IMP_DATA': '/Bis/home/rpellari/imp-projects/imp-050517/imp-fast/data', 'IMP_EXAMPLE_DATA': '/Bis/home/rpellari/imp-projects/imp-050517/imp-fast/doc/examples', 'DISPLAY': ':0.0', 'OMPI_MCA_orte_local_daemon_uri': '1246953472.0;tcp://157.99.90.217:48210', 'WINDOWID': '22435983', 'MODULESHOME': '/usr/share/Modules', 'SGE_ROOT': '/c5/SGE', 'QTLIB': '/usr/lib64/qt-3.3/lib', 'OMPI_MCA_orte_ess_node_rank': '0', 'GDMSESSION': 'default', 'OMPI_COMM_WORLD_LOCAL_SIZE': '8', 'MODULEPATH': '/usr/share/Modules/modulefiles:/c5/shared/modulefiles:/Bis/home/rpellari/privatemodules', 'OMPI_MCA_orte_cpu_model': 'Intel(R) Xeon(R) CPU           E5410  @ 2.33GHz', 'OMPI_COMM_WORLD_NODE_RANK': '0', 'PVM_RSH': '/usr/bin/ssh', 'OMPI_MCA_orte_hnp_uri': '1246953472.0;tcp://157.99.90.217:48210', 'GTK_RC_FILES': '/etc/gtk/gtkrc:/Bis/home/rpellari/.gtkrc-1.2-gnome2', 'OMPI_COMM_WORLD_SIZE': '8', '_LMFILES_': '/usr/share/Modules/modulefiles/use.own:/usr/share/Modules/modulefiles/null:/c5/shared/modulefiles/c5/shared/bin:/c5/shared/modulefiles/manpath:/c5/shared/modulefiles/pvm:/c5/shared/modulefiles/apbs/default:/c5/shared/modulefiles/icm/3.7-2a:/c5/shared/modulefiles/modeller/9v8:/c5/shared/modulefiles/Oracle_java/jre/8:/c5/shared/modulefiles/jabref/3.2:/c5/shared/modulefiles/matlab/R2012b:/c5/shared/modulefiles/mathematica/7.0.1:/c5/shared/modulefiles/ncbi_tools/20090809/gnu:/c5/shared/modulefiles/openbabel/2.3.2/without-python:/c5/shared/modulefiles/povray/3.6.1:/c5/shared/modulefiles/R/3.1.3:/c5/shared/modulefiles/seamonkey/latest-is-2.r:/c5/shared/modulefiles/xournal/0.4.5:/c5/shared/modulefiles/vmd/latest:/c5/shared/modulefiles/BIS:/c5/shared/modulefiles/boost/1.54.0-python-2.7.5-shared:/c5/shared/modulefiles/python/2.7.5-shared:/c5/shared/modulefiles/gcc/4.6.2-gmp-4.3.2-mpfr-3.1.0-mpc-0.8.2:/c5/shared/modulefiles/swig/2.0.4:/c5/shared/modulefiles/cmake/3.0.2:/c5/shared/modulefiles/ninja/1.3.4:/c5/shared/modulefiles/git/1.8.2.1:/c5/shared/modulefiles/hdf5/1.8.10:/c5/shared/modulefiles/openmpi/1.6.3/gcc-4.6.2-gmp-4.3.2-mpfr-3.1.0-mpc-0.8.2--disable-dlopen:/c5/shared/modulefiles/chimera/1.b', 'CXXFLAGS': '-I/c5/shared/chimera/1.11/include -I/c5/shared/openmpi/1.6.3/sge/6.2u4/gcc-4.6.2-gmp-4.3.2-mpfr-3.1.0-mpc-0.8.2--disable-dlopen/include -I/c5/shared/hdf5/1.8.10/include -I/c5/shared/git/1.8.2.1/include -I/c5/shared/cmake/3.0.2/include -I/c5/shared/gcc/4.6.2-gmp-4.3.2-mpfr-3.1.0-mpc-0.8.2/include -I/c5/shared/Python/2.7.5-shared/include -I/c5/shared/boost/1.54.0/python-2.7.5-shared/include -I/c5/shared/openbabel/2.3.2/python-2.7.3-shared/include', 'QTDIR': '/usr/lib64/qt-3.3', '__GL_SYNC_TO_VBLANK': '0', 'LD_LIBRARY_PATH': '/Bis/home/rpellari/imp-projects/imp-050517/imp-fast/lib:/Bis/home/rpellari/imp-projects/imp-050517/imp-fast/lib:/c5/shared/chimera/1.11/lib:/c5/shared/openmpi/1.6.3/sge/6.2u4/gcc-4.6.2-gmp-4.3.2-mpfr-3.1.0-mpc-0.8.2--disable-dlopen/lib:/c5/shared/hdf5/1.8.10/lib:/c5/shared/git/1.8.2.1/lib:/c5/shared/gcc/4.6.2-gmp-4.3.2-mpfr-3.1.0-mpc-0.8.2/lib:/c5/shared/gcc/4.6.2-gmp-4.3.2-mpfr-3.1.0-mpc-0.8.2/lib64:/c5/shared/Python/2.7.5-shared/lib:/c5/shared/boost/1.54.0/python-2.7.5-shared/lib:/c5/shared/openbabel/2.3.2/python-2.7.3-shared/lib:/c5/shared/Oracle_java/jre/8/lib/amd64/server:/c5/shared/Oracle_java/jre/8/lib/amd64:/c5/shared/Oracle_java/jre/8/lib:/c5/shared/modeller/9v8/lib/x86_64-intel8', 'LANG': 'en_US.UTF-8', 'KDEDIR': '/usr', 'QTINC': '/usr/lib64/qt-3.3/include', 'NXDIR': '/usr/NX', 'G_BROKEN_FILENAMES': '1', 'IMP_TMP_DIR': '/Bis/home/rpellari/imp-projects/imp-050517/imp-fast/tmp', 'KDE_NO_IPV6': '1', 'OMPI_MCA_orte_precondition_transports': 'a439a2a1b2260542-7636a4b7649038db', 'PVM_ROOT': '/usr/share/pvm3', 'USERNAME': 'rpellari', 'GDM_XSERVER_LOCATION': 'local', '__GL_DEFAULT_LOG_ANISO': '0', 'OMPI_COMM_WORLD_LOCAL_RANK': '0', 'BASH_FUNC_module()': '() {  eval `/usr/bin/modulecmd bash $*`\\n}', 'OMPI_UNIVERSE_SIZE': '1', 'OMPI_COMM_WORLD_RANK': '0', 'OMPI_MCA_mpi_yield_when_idle': '0', 'OMPI_MCA_ess': 'env', 'OMPI_MCA_shmem_RUNTIME_QUERY_hint': 'mmap', 'OMPI_MCA_orte_ess_vpid': '0', 'SGE_CELL': 'default', 'LOGNAME': 'rpellari', 'PATH': '/Bis/home/rpellari/imp-projects/imp-050517/imp-fast/bin:/Bis/home/rpellari/imp-projects/imp-050517/imp-fast/module_bin/algebra:/Bis/home/rpellari/imp-projects/imp-050517/imp-fast/module_bin/atom:/Bis/home/rpellari/imp-projects/imp-050517/imp-fast/module_bin/bayesianem:/Bis/home/rpellari/imp-projects/imp-050517/imp-fast/module_bin/benchmark:/Bis/home/rpellari/imp-projects/imp-050517/imp-fast/module_bin/container:/Bis/home/rpellari/imp-projects/imp-050517/imp-fast/module_bin/core:/Bis/home/rpellari/imp-projects/imp-050517/imp-fast/module_bin/crosslinkms:/Bis/home/rpellari/imp-projects/imp-050517/imp-fast/module_bin/display:/Bis/home/rpellari/imp-projects/imp-050517/imp-fast/module_bin/domino:/Bis/home/rpellari/imp-projects/imp-050517/imp-fast/module_bin/em:/Bis/home/rpellari/imp-projects/imp-050517/imp-fast/module_bin/evcov:/Bis/home/rpellari/imp-projects/imp-050517/imp-fast/module_bin/example:/Bis/home/rpellari/imp-projects/imp-050517/imp-fast/module_bin/foxs:/Bis/home/rpellari/imp-projects/imp-050517/imp-fast/module_bin/gsl:/Bis/home/rpellari/imp-projects/imp-050517/imp-fast/module_bin/isd:/Bis/home/rpellari/imp-projects/imp-050517/imp-fast/module_bin/kernel:/Bis/home/rpellari/imp-projects/imp-050517/imp-fast/module_bin/kinematics:/Bis/home/rpellari/imp-projects/imp-050517/imp-fast/module_bin/kmeans:/Bis/home/rpellari/imp-projects/imp-050517/imp-fast/module_bin/misc:/Bis/home/rpellari/imp-projects/imp-050517/imp-fast/module_bin/modeller:/Bis/home/rpellari/imp-projects/imp-050517/imp-fast/module_bin/mpi:/Bis/home/rpellari/imp-projects/imp-050517/imp-fast/module_bin/multi_state:/Bis/home/rpellari/imp-projects/imp-050517/imp-fast/module_bin/parallel:/Bis/home/rpellari/imp-projects/imp-050517/imp-fast/module_bin/pepdock:/Bis/home/rpellari/imp-projects/imp-050517/imp-fast/module_bin/pmi:/Bis/home/rpellari/imp-projects/imp-050517/imp-fast/module_bin/quantxl:/Bis/home/rpellari/imp-projects/imp-050517/imp-fast/module_bin/rmf:/Bis/home/rpellari/imp-projects/imp-050517/imp-fast/module_bin/rotamer:/Bis/home/rpellari/imp-projects/imp-050517/imp-fast/module_bin/saxs:/Bis/home/rpellari/imp-projects/imp-050517/imp-fast/module_bin/saxs_merge:/Bis/home/rpellari/imp-projects/imp-050517/imp-fast/module_bin/score_functor:/Bis/home/rpellari/imp-projects/imp-050517/imp-fast/module_bin/scratch:/Bis/home/rpellari/imp-projects/imp-050517/imp-fast/module_bin/statistics:/Bis/home/rpellari/imp-projects/imp-050517/imp-fast/module_bin/symmetry:/Bis/home/rpellari/imp-projects/imp-050517/imp-fast/module_bin/test:/Bis/home/rpellari/imp-projects/imp-050517/imp-fast/bin:/Bis/home/rpellari/imp-projects/imp-050517/imp-fast/bin:/c5/shared/chimera/1.11/bin:/c5/shared/openmpi/1.6.3/sge/6.2u4/gcc-4.6.2-gmp-4.3.2-mpfr-3.1.0-mpc-0.8.2--disable-dlopen/bin:/c5/shared/hdf5/1.8.10/bin:/c5/shared/git/1.8.2.1/bin:/c5/shared/ninja/1.3.4:/c5/shared/cmake/3.0.2/bin:/c5/shared/swig/2.0.4/bin:/c5/shared/gcc/4.6.2-gmp-4.3.2-mpfr-3.1.0-mpc-0.8.2/bin:/c5/shared/Python/2.7.5-shared/bin:/Bis/home/rpellari/local/bin:/c5/SGE/bin/lx26-amd64:/Bis/home/rpellari/local/bin:/usr/lib64/qt-3.3/bin:/usr/kerberos/bin:/c5/SGE/bin/lx26-amd64:/c5/shared/vmd/vmd-1.9.1:/c5/shared/xournal/0.4.5/bin:/c5/shared/seamonkey/2.29/:/c5/shared/R/3.1.3/bin:/c5/shared/povray/3.6.1/bin/:/c5/shared/openbabel/2.3.2/python-2.7.3-shared/bin:/c5/shared/ncbi_tools/20090809/ncbi/bin:/c5/shared/Wolfram/Mathematica/7.0/Executables:/c5/shared/matlab/7.15/bin/:/c5/shared/Oracle_java/jre/8/bin:/c5/shared/JabRef/3.2:/c5/shared/modeller/9v8/bin/:/c5/shared/icm/3.7-2a:/c5/shared/apbs/1.2.1/bin/:/usr/share/pvm3/bin/LINUX64:/usr/share/pvm3/lib/LINUX64:/usr/share/pvm3/lib:/c5/shared/bin:/usr/local/bin:/usr/bin:/bin:/usr/X11R6/bin:/usr/NX/bin:/Bis/home/rpellari/bin:/usr/NX/bin', 'OMPI_MCA_orte_ess_jobid': '1246953473', 'SSH_AGENT_PID': '18623', 'TERM': 'xterm', 'OPAL_OUTPUT_STDERR_FD': '24', 'LDFLAGS': '-L/c5/shared/chimera/1.11/lib -L/c5/shared/openmpi/1.6.3/sge/6.2u4/gcc-4.6.2-gmp-4.3.2-mpfr-3.1.0-mpc-0.8.2--disable-dlopen/lib -L/c5/shared/hdf5/1.8.10/lib -L/c5/shared/git/1.8.2.1/lib -L/c5/shared/gcc/4.6.2-gmp-4.3.2-mpfr-3.1.0-mpc-0.8.2/lib -L/c5/shared/Python/2.7.5-shared/lib -L/c5/shared/boost/1.54.0/python-2.7.5-shared/lib -L/c5/shared/openbabel/2.3.2/python-2.7.3-shared/lib -L/c5/shared/Oracle_java/jre/8/lib -L/usr/share/pvm3/lib/LINUX64 -lpvm3', 'BIS': '/c5/shared', 'OMPI_MCA_orte_cpu_type': 'GenuineIntel', 'SSH_AUTH_SOCK': '/tmp/ssh-vpLNi18584/agent.18584', '__GL_FSAA_MODE': '0', 'GNOME_KEYRING_SOCKET': '/tmp/keyring-2eczAj/socket', 'LOADEDMODULES': 'use.own:null:c5/shared/bin:manpath:pvm:apbs/default:icm/3.7-2a:modeller/9v8:Oracle_java/jre/8:jabref/3.2:matlab/R2012b:mathematica/7.0.1:ncbi_tools/20090809/gnu:openbabel/2.3.2/without-python:povray/3.6.1:R/3.1.3:seamonkey/latest-is-2.r:xournal/0.4.5:vmd/latest:BIS:boost/1.54.0-python-2.7.5-shared:python/2.7.5-shared:gcc/4.6.2-gmp-4.3.2-mpfr-3.1.0-mpc-0.8.2:swig/2.0.4:cmake/3.0.2:ninja/1.3.4:git/1.8.2.1:hdf5/1.8.10:openmpi/1.6.3/gcc-4.6.2-gmp-4.3.2-mpfr-3.1.0-mpc-0.8.2--disable-dlopen:chimera/1.b', 'PWD': '/Bis/home/rpellari/imp-projects/imp-050517/imp_tutorial/rnapolii/modeling', 'DESKTOP_STARTUP_ID': '', 'CFLAGS': '-I/c5/shared/chimera/1.11/include -I/c5/shared/openmpi/1.6.3/sge/6.2u4/gcc-4.6.2-gmp-4.3.2-mpfr-3.1.0-mpc-0.8.2--disable-dlopen/include -I/c5/shared/hdf5/1.8.10/include -I/c5/shared/git/1.8.2.1/include -I/c5/shared/cmake/3.0.2/include -I/c5/shared/gcc/4.6.2-gmp-4.3.2-mpfr-3.1.0-mpc-0.8.2/include -I/c5/shared/Python/2.7.5-shared/include -I/c5/shared/boost/1.54.0/python-2.7.5-shared/include -I/c5/shared/openbabel/2.3.2/python-2.7.3-shared/include -I/c5/shared/Oracle_java/jre/8/include -I/usr/share/pvm3/include'}"} 
{0: 0.0, 1: '16.9882641927', 2: '14.5747067732', 3: '0.0322580645161', 4: 0, 5: 0.0, 6: '12.4610322716', 7: '12.4610322716', 8: '3.86', 9: '34.9735948889', 10: '0.101827211728', 11: '2.5', 12: '0.322580645161', 13: '0.05', 14: '1.60944150196', 15: '0.0', 16: '11.1289354604', 17: '0.0222894406486', 18: '0.953125', 19: '0.00120540026319', 20: '0.0', 21: '0.677419354839', 22: '0.0', 23: '57.5667275505', 24: '31', 25: '0.965625', 26: '38.7154180653', 27: 'output_test/rmfs//0.rmf3', 28: '2.5', 29: '1.71375707188', 30: '17.6370794758', 31: "['Rpb4.0->Rpb4.0', 'Rpb7.0->Rpb7.0']", 32: '0.221910459436', 33: '0.978125', 34: '2.0', 35: '0.95'} 
