{0: 'ReplicaExchange_SwapSuccessRatio', 1: 'ReplicaExchange_CurrentTemp', 2: 'score', 3: 'ReplicaExchange_MaxTempFrequency', 4: 'ReplicaExchange_MinTempFrequency', 'STAT2HEADER': 'STAT2HEADER', 'STAT2HEADER_IMP_VERSIONS': "{'PMI_VERSION': 'develop-a5ac050', 'IMP_VERSION': 'develop-a5ac050'}", 'STAT2HEADER_ENVIRON': "{'CPPFLAGS': '-I/c5/shared/chimera/1.11/include -I/c5/shared/openmpi/1.6.3/sge/6.2u4/gcc-4.6.2-gmp-4.3.2-mpfr-3.1.0-mpc-0.8.2--disable-dlopen/include -I/c5/shared/hdf5/1.8.10/include -I/c5/shared/git/1.8.2.1/include -I/c5/shared/cmake/3.0.2/include -I/c5/shared/gcc/4.6.2-gmp-4.3.2-mpfr-3.1.0-mpc-0.8.2/include -I/c5/shared/Python/2.7.5-shared/include -I/c5/shared/boost/1.54.0/python-2.7.5-shared/include -I/c5/shared/openbabel/2.3.2/python-2.7.3-shared/include -I/c5/shared/Oracle_java/jre/8/include', 'DBUS_SESSION_BUS_ADDRESS': 'unix:abstract=/tmp/dbus-8eCxv7Pec0,guid=682d57c811371dcc5569ec0059774852', 'COLORTERM': 'gnome-terminal', 'IMP_BIN_DIR': '/Bis/home/rpellari/imp-projects/imp-050517/imp-fast/bin', 'OMPI_MCA_orte_num_nodes': '1', 'OMPI_MCA_orte_app_num': '0', 'SHELL': '/bin/bash', 'LD_RUN_PATH': '/c5/shared/chimera/1.11/lib:/c5/shared/openmpi/1.6.3/sge/6.2u4/gcc-4.6.2-gmp-4.3.2-mpfr-3.1.0-mpc-0.8.2--disable-dlopen/lib:/c5/shared/hdf5/1.8.10/lib:/c5/shared/git/1.8.2.1/lib:/c5/shared/gcc/4.6.2-gmp-4.3.2-mpfr-3.1.0-mpc-0.8.2/lib64:/c5/shared/gcc/4.6.2-gmp-4.3.2-mpfr-3.1.0-mpc-0.8.2/lib:/c5/shared/Python/2.7.5-shared/lib:/c5/shared/boost/1.54.0/python-2.7.5-shared/lib:/c5/shared/openbabel/2.3.2/python-2.7.3-shared/lib:/c5/shared/Oracle_java/jre/8/lib', 'HISTSIZE': '1000', '__GL_SYNC_DISPLAY_DEVICE': '', 'MANPATH': '/c5/shared/chimera/1.11/share/man:/c5/shared/openmpi/1.6.3/sge/6.2u4/gcc-4.6.2-gmp-4.3.2-mpfr-3.1.0-mpc-0.8.2--disable-dlopen/share/man:/c5/shared/hdf5/1.8.10/share/man:/c5/shared/git/1.8.2.1/share/man:/c5/shared/cmake/3.0.2/share/man:/c5/shared/swig/2.0.4/share/man:/c5/shared/gcc/4.6.2-gmp-4.3.2-mpfr-3.1.0-mpc-0.8.2/share/man:/c5/shared/Python/2.7.5-shared/share/man:/c5/SGE/man:/c5/shared/xournal/0.4.5/share/man:/c5/shared/R/3.1.3/share/man:/c5/shared/povray/3.6.1/share/man:/c5/shared/openbabel/2.3.2/python-2.7.3-shared/share/man:/c5/shared/Oracle_java/jre/8/man:/c5/shared/apbs/1.2.1/share/man:/c5/shared/man:/usr/share/man:/usr/X11R6/man:/usr/local/man:/usr/kerberos/man:/usr/man', 'XMODIFIERS': '@im=none', 'PYTHONPATH': '/Bis/home/rpellari/imp-projects/imp-050517/imp-fast/lib:/Bis/home/rpellari/imp-projects/imp-050517/imp-fast/lib:/c5/shared/modeller/9v8/modlib:/c5/shared/modeller/9v8/lib/x86_64-intel8', 'ICMHOME': '/c5/shared/icm/3.7-2a', 'PVM_ARCH': 'LINUX64', 'MOLSOFTD_LICENSE_FILE': '/c5/shared/icm/license.dat', 'SGE_CLUSTER_NAME': 'BIS', 'MOLBROWSERPROHOME': '/usr/icm-browser-pro/', 'DESKTOP_SESSION': 'default', 'HOSTNAME': 'liberte.bis.pasteur.fr', 'OMPI_MCA_orte_ess_num_procs': '8', 'MAIL': '/var/spool/mail/rpellari', 'LS_COLORS': 'no=00:fi=00:di=00;34:ln=00;36:pi=40;33:so=00;35:bd=40;33;01:cd=40;33;01:or=01;05;37;41:mi=01;05;37;41:ex=00;32:*.cmd=00;32:*.exe=00;32:*.com=00;32:*.btm=00;32:*.bat=00;32:*.sh=00;32:*.csh=00;32:*.tar=00;31:*.tgz=00;31:*.arj=00;31:*.taz=00;31:*.lzh=00;31:*.zip=00;31:*.z=00;31:*.Z=00;31:*.gz=00;31:*.bz2=00;31:*.bz=00;31:*.tz=00;31:*.rpm=00;31:*.cpio=00;31:*.jpg=00;35:*.gif=00;35:*.bmp=00;35:*.xbm=00;35:*.xpm=00;35:*.png=00;35:*.tif=00;35:', 'SSH_ASKPASS': '/usr/libexec/openssh/gnome-ssh-askpass', 'KDE_IS_PRELINKED': '1', 'GNOME_DESKTOP_SESSION_ID': 'Default', 'OMPI_MCA_orte_num_restarts': '0', 'LESSOPEN': '|/usr/bin/lesspipe.sh %s', 'CVS_RSH': 'ssh', 'USER': 'rpellari', 'HOME': '/Bis/home/rpellari', '__GL_SINGLE_THREADED': '0', 'XAUTHORITY': '/tmp/.gdmMJTP3Y', 'SESSION_MANAGER': 'local/liberte.bis.pasteur.fr:/tmp/.ICE-unix/18584', 'SHLVL': '2', 'IMP_DATA': '/Bis/home/rpellari/imp-projects/imp-050517/imp-fast/data', 'IMP_EXAMPLE_DATA': '/Bis/home/rpellari/imp-projects/imp-050517/imp-fast/doc/examples', 'DISPLAY': ':0.0', 'OMPI_MCA_orte_local_daemon_uri': '1246953472.0;tcp://157.99.90.217:48210', 'WINDOWID': '22435983', 'MODULESHOME': '/usr/share/Modules', 'SGE_ROOT': '/c5/SGE', 'QTLIB': '/usr/lib64/qt-3.3/lib', 'OMPI_MCA_orte_ess_node_rank': '4', 'GDMSESSION': 'default', 'OMPI_COMM_WORLD_LOCAL_SIZE': '8', 'MODULEPATH': '/usr/share/Modules/modulefiles:/c5/shared/modulefiles:/Bis/home/rpellari/privatemodules', 'OMPI_MCA_orte_cpu_model': 'Intel(R) Xeon(R) CPU           E5410  @ 2.33GHz', 'OMPI_COMM_WORLD_NODE_RANK': '4', 'PVM_RSH': '/usr/bin/ssh', 'OMPI_MCA_orte_hnp_uri': '1246953472.0;tcp://157.99.90.217:48210', 'GTK_RC_FILES': '/etc/gtk/gtkrc:/Bis/home/rpellari/.gtkrc-1.2-gnome2', 'OMPI_COMM_WORLD_SIZE': '8', '_LMFILES_': '/usr/share/Modules/modulefiles/use.own:/usr/share/Modules/modulefiles/null:/c5/shared/modulefiles/c5/shared/bin:/c5/shared/modulefiles/manpath:/c5/shared/modulefiles/pvm:/c5/shared/modulefiles/apbs/default:/c5/shared/modulefiles/icm/3.7-2a:/c5/shared/modulefiles/modeller/9v8:/c5/shared/modulefiles/Oracle_java/jre/8:/c5/shared/modulefiles/jabref/3.2:/c5/shared/modulefiles/matlab/R2012b:/c5/shared/modulefiles/mathematica/7.0.1:/c5/shared/modulefiles/ncbi_tools/20090809/gnu:/c5/shared/modulefiles/openbabel/2.3.2/without-python:/c5/shared/modulefiles/povray/3.6.1:/c5/shared/modulefiles/R/3.1.3:/c5/shared/modulefiles/seamonkey/latest-is-2.r:/c5/shared/modulefiles/xournal/0.4.5:/c5/shared/modulefiles/vmd/latest:/c5/shared/modulefiles/BIS:/c5/shared/modulefiles/boost/1.54.0-python-2.7.5-shared:/c5/shared/modulefiles/python/2.7.5-shared:/c5/shared/modulefiles/gcc/4.6.2-gmp-4.3.2-mpfr-3.1.0-mpc-0.8.2:/c5/shared/modulefiles/swig/2.0.4:/c5/shared/modulefiles/cmake/3.0.2:/c5/shared/modulefiles/ninja/1.3.4:/c5/shared/modulefiles/git/1.8.2.1:/c5/shared/modulefiles/hdf5/1.8.10:/c5/shared/modulefiles/openmpi/1.6.3/gcc-4.6.2-gmp-4.3.2-mpfr-3.1.0-mpc-0.8.2--disable-dlopen:/c5/shared/modulefiles/chimera/1.b', 'CXXFLAGS': '-I/c5/shared/chimera/1.11/include -I/c5/shared/openmpi/1.6.3/sge/6.2u4/gcc-4.6.2-gmp-4.3.2-mpfr-3.1.0-mpc-0.8.2--disable-dlopen/include -I/c5/shared/hdf5/1.8.10/include -I/c5/shared/git/1.8.2.1/include -I/c5/shared/cmake/3.0.2/include -I/c5/shared/gcc/4.6.2-gmp-4.3.2-mpfr-3.1.0-mpc-0.8.2/include -I/c5/shared/Python/2.7.5-shared/include -I/c5/shared/boost/1.54.0/python-2.7.5-shared/include -I/c5/shared/openbabel/2.3.2/python-2.7.3-shared/include', 'QTDIR': '/usr/lib64/qt-3.3', '__GL_SYNC_TO_VBLANK': '0', 'LD_LIBRARY_PATH': '/Bis/home/rpellari/imp-projects/imp-050517/imp-fast/lib:/Bis/home/rpellari/imp-projects/imp-050517/imp-fast/lib:/c5/shared/chimera/1.11/lib:/c5/shared/openmpi/1.6.3/sge/6.2u4/gcc-4.6.2-gmp-4.3.2-mpfr-3.1.0-mpc-0.8.2--disable-dlopen/lib:/c5/shared/hdf5/1.8.10/lib:/c5/shared/git/1.8.2.1/lib:/c5/shared/gcc/4.6.2-gmp-4.3.2-mpfr-3.1.0-mpc-0.8.2/lib:/c5/shared/gcc/4.6.2-gmp-4.3.2-mpfr-3.1.0-mpc-0.8.2/lib64:/c5/shared/Python/2.7.5-shared/lib:/c5/shared/boost/1.54.0/python-2.7.5-shared/lib:/c5/shared/openbabel/2.3.2/python-2.7.3-shared/lib:/c5/shared/Oracle_java/jre/8/lib/amd64/server:/c5/shared/Oracle_java/jre/8/lib/amd64:/c5/shared/Oracle_java/jre/8/lib:/c5/shared/modeller/9v8/lib/x86_64-intel8', 'LANG': 'en_US.UTF-8', 'KDEDIR': '/usr', 'QTINC': '/usr/lib64/qt-3.3/include', 'NXDIR': '/usr/NX', 'G_BROKEN_FILENAMES': '1', 'IMP_TMP_DIR': '/Bis/home/rpellari/imp-projects/imp-050517/imp-fast/tmp', 'KDE_NO_IPV6': '1', 'OMPI_MCA_orte_precondition_transports': 'a439a2a1b2260542-7636a4b7649038db', 'PVM_ROOT': '/usr/share/pvm3', 'USERNAME': 'rpellari', 'GDM_XSERVER_LOCATION': 'local', '__GL_DEFAULT_LOG_ANISO': '0', 'OMPI_COMM_WORLD_LOCAL_RANK': '4', 'BASH_FUNC_module()': '() {  eval `/usr/bin/modulecmd bash $*`\\n}', 'OMPI_UNIVERSE_SIZE': '1', 'OMPI_COMM_WORLD_RANK': '4', 'OMPI_MCA_mpi_yield_when_idle': '0', 'OMPI_MCA_ess': 'env', 'OMPI_MCA_shmem_RUNTIME_QUERY_hint': 'mmap', 'OMPI_MCA_orte_ess_vpid': '4', 'SGE_CELL': 'default', 'LOGNAME': 'rpellari', 'PATH': '/Bis/home/rpellari/imp-projects/imp-050517/imp-fast/bin:/Bis/home/rpellari/imp-projects/imp-050517/imp-fast/module_bin/algebra:/Bis/home/rpellari/imp-projects/imp-050517/imp-fast/module_bin/atom:/Bis/home/rpellari/imp-projects/imp-050517/imp-fast/module_bin/bayesianem:/Bis/home/rpellari/imp-projects/imp-050517/imp-fast/module_bin/benchmark:/Bis/home/rpellari/imp-projects/imp-050517/imp-fast/module_bin/container:/Bis/home/rpellari/imp-projects/imp-050517/imp-fast/module_bin/core:/Bis/home/rpellari/imp-projects/imp-050517/imp-fast/module_bin/crosslinkms:/Bis/home/rpellari/imp-projects/imp-050517/imp-fast/module_bin/display:/Bis/home/rpellari/imp-projects/imp-050517/imp-fast/module_bin/domino:/Bis/home/rpellari/imp-projects/imp-050517/imp-fast/module_bin/em:/Bis/home/rpellari/imp-projects/imp-050517/imp-fast/module_bin/evcov:/Bis/home/rpellari/imp-projects/imp-050517/imp-fast/module_bin/example:/Bis/home/rpellari/imp-projects/imp-050517/imp-fast/module_bin/foxs:/Bis/home/rpellari/imp-projects/imp-050517/imp-fast/module_bin/gsl:/Bis/home/rpellari/imp-projects/imp-050517/imp-fast/module_bin/isd:/Bis/home/rpellari/imp-projects/imp-050517/imp-fast/module_bin/kernel:/Bis/home/rpellari/imp-projects/imp-050517/imp-fast/module_bin/kinematics:/Bis/home/rpellari/imp-projects/imp-050517/imp-fast/module_bin/kmeans:/Bis/home/rpellari/imp-projects/imp-050517/imp-fast/module_bin/misc:/Bis/home/rpellari/imp-projects/imp-050517/imp-fast/module_bin/modeller:/Bis/home/rpellari/imp-projects/imp-050517/imp-fast/module_bin/mpi:/Bis/home/rpellari/imp-projects/imp-050517/imp-fast/module_bin/multi_state:/Bis/home/rpellari/imp-projects/imp-050517/imp-fast/module_bin/parallel:/Bis/home/rpellari/imp-projects/imp-050517/imp-fast/module_bin/pepdock:/Bis/home/rpellari/imp-projects/imp-050517/imp-fast/module_bin/pmi:/Bis/home/rpellari/imp-projects/imp-050517/imp-fast/module_bin/quantxl:/Bis/home/rpellari/imp-projects/imp-050517/imp-fast/module_bin/rmf:/Bis/home/rpellari/imp-projects/imp-050517/imp-fast/module_bin/rotamer:/Bis/home/rpellari/imp-projects/imp-050517/imp-fast/module_bin/saxs:/Bis/home/rpellari/imp-projects/imp-050517/imp-fast/module_bin/saxs_merge:/Bis/home/rpellari/imp-projects/imp-050517/imp-fast/module_bin/score_functor:/Bis/home/rpellari/imp-projects/imp-050517/imp-fast/module_bin/scratch:/Bis/home/rpellari/imp-projects/imp-050517/imp-fast/module_bin/statistics:/Bis/home/rpellari/imp-projects/imp-050517/imp-fast/module_bin/symmetry:/Bis/home/rpellari/imp-projects/imp-050517/imp-fast/module_bin/test:/Bis/home/rpellari/imp-projects/imp-050517/imp-fast/bin:/Bis/home/rpellari/imp-projects/imp-050517/imp-fast/bin:/c5/shared/chimera/1.11/bin:/c5/shared/openmpi/1.6.3/sge/6.2u4/gcc-4.6.2-gmp-4.3.2-mpfr-3.1.0-mpc-0.8.2--disable-dlopen/bin:/c5/shared/hdf5/1.8.10/bin:/c5/shared/git/1.8.2.1/bin:/c5/shared/ninja/1.3.4:/c5/shared/cmake/3.0.2/bin:/c5/shared/swig/2.0.4/bin:/c5/shared/gcc/4.6.2-gmp-4.3.2-mpfr-3.1.0-mpc-0.8.2/bin:/c5/shared/Python/2.7.5-shared/bin:/Bis/home/rpellari/local/bin:/c5/SGE/bin/lx26-amd64:/Bis/home/rpellari/local/bin:/usr/lib64/qt-3.3/bin:/usr/kerberos/bin:/c5/SGE/bin/lx26-amd64:/c5/shared/vmd/vmd-1.9.1:/c5/shared/xournal/0.4.5/bin:/c5/shared/seamonkey/2.29/:/c5/shared/R/3.1.3/bin:/c5/shared/povray/3.6.1/bin/:/c5/shared/openbabel/2.3.2/python-2.7.3-shared/bin:/c5/shared/ncbi_tools/20090809/ncbi/bin:/c5/shared/Wolfram/Mathematica/7.0/Executables:/c5/shared/matlab/7.15/bin/:/c5/shared/Oracle_java/jre/8/bin:/c5/shared/JabRef/3.2:/c5/shared/modeller/9v8/bin/:/c5/shared/icm/3.7-2a:/c5/shared/apbs/1.2.1/bin/:/usr/share/pvm3/bin/LINUX64:/usr/share/pvm3/lib/LINUX64:/usr/share/pvm3/lib:/c5/shared/bin:/usr/local/bin:/usr/bin:/bin:/usr/X11R6/bin:/usr/NX/bin:/Bis/home/rpellari/bin:/usr/NX/bin', 'OMPI_MCA_orte_ess_jobid': '1246953473', 'SSH_AGENT_PID': '18623', 'TERM': 'xterm', 'OPAL_OUTPUT_STDERR_FD': '37', 'LDFLAGS': '-L/c5/shared/chimera/1.11/lib -L/c5/shared/openmpi/1.6.3/sge/6.2u4/gcc-4.6.2-gmp-4.3.2-mpfr-3.1.0-mpc-0.8.2--disable-dlopen/lib -L/c5/shared/hdf5/1.8.10/lib -L/c5/shared/git/1.8.2.1/lib -L/c5/shared/gcc/4.6.2-gmp-4.3.2-mpfr-3.1.0-mpc-0.8.2/lib -L/c5/shared/Python/2.7.5-shared/lib -L/c5/shared/boost/1.54.0/python-2.7.5-shared/lib -L/c5/shared/openbabel/2.3.2/python-2.7.3-shared/lib -L/c5/shared/Oracle_java/jre/8/lib -L/usr/share/pvm3/lib/LINUX64 -lpvm3', 'BIS': '/c5/shared', 'OMPI_MCA_orte_cpu_type': 'GenuineIntel', 'SSH_AUTH_SOCK': '/tmp/ssh-vpLNi18584/agent.18584', '__GL_FSAA_MODE': '0', 'GNOME_KEYRING_SOCKET': '/tmp/keyring-2eczAj/socket', 'LOADEDMODULES': 'use.own:null:c5/shared/bin:manpath:pvm:apbs/default:icm/3.7-2a:modeller/9v8:Oracle_java/jre/8:jabref/3.2:matlab/R2012b:mathematica/7.0.1:ncbi_tools/20090809/gnu:openbabel/2.3.2/without-python:povray/3.6.1:R/3.1.3:seamonkey/latest-is-2.r:xournal/0.4.5:vmd/latest:BIS:boost/1.54.0-python-2.7.5-shared:python/2.7.5-shared:gcc/4.6.2-gmp-4.3.2-mpfr-3.1.0-mpc-0.8.2:swig/2.0.4:cmake/3.0.2:ninja/1.3.4:git/1.8.2.1:hdf5/1.8.10:openmpi/1.6.3/gcc-4.6.2-gmp-4.3.2-mpfr-3.1.0-mpc-0.8.2--disable-dlopen:chimera/1.b', 'PWD': '/Bis/home/rpellari/imp-projects/imp-050517/imp_tutorial/rnapolii/modeling', 'DESKTOP_STARTUP_ID': '', 'CFLAGS': '-I/c5/shared/chimera/1.11/include -I/c5/shared/openmpi/1.6.3/sge/6.2u4/gcc-4.6.2-gmp-4.3.2-mpfr-3.1.0-mpc-0.8.2--disable-dlopen/include -I/c5/shared/hdf5/1.8.10/include -I/c5/shared/git/1.8.2.1/include -I/c5/shared/cmake/3.0.2/include -I/c5/shared/gcc/4.6.2-gmp-4.3.2-mpfr-3.1.0-mpc-0.8.2/include -I/c5/shared/Python/2.7.5-shared/include -I/c5/shared/boost/1.54.0/python-2.7.5-shared/include -I/c5/shared/openbabel/2.3.2/python-2.7.3-shared/include -I/c5/shared/Oracle_java/jre/8/include -I/usr/share/pvm3/include'}"} 
{0: '0', 1: '1.68808495998', 2: 19.139693942330148, 3: '0', 4: '0'} 
{0: '1.0', 1: '1.92416739464', 2: 18.147976089206367, 3: '0.0', 4: '0.0'} 
{0: '1.0', 1: '2.19326663017', 2: 18.409122230382287, 3: '0.0', 4: '0.0'} 
{0: '1.0', 1: '2.5', 2: 18.596963195510444, 3: '0.0', 4: '0.0'} 
{0: '0.75', 1: '2.5', 2: 18.948312854278793, 3: '0.25', 4: '0.0'} 
{0: '0.8', 1: '2.19326663017', 2: 18.337403654517342, 3: '0.4', 4: '0.0'} 
{0: '0.833333333333', 1: '1.92416739464', 2: 16.32901074448954, 3: '0.333333333333', 4: '0.0'} 
{0: '0.714285714286', 1: '1.92416739464', 2: 16.171519356016812, 3: '0.285714285714', 4: '0.0'} 
{0: '0.75', 1: '2.19326663017', 2: 17.884790947640177, 3: '0.25', 4: '0.0'} 
{0: '0.666666666667', 1: '2.19326663017', 2: 17.031932907785375, 3: '0.222222222222', 4: '0.0'} 
{0: '0.7', 1: '1.92416739464', 2: 18.452045502176293, 3: '0.2', 4: '0.0'} 
{0: '0.727272727273', 1: '1.68808495998', 2: 18.25455541820449, 3: '0.181818181818', 4: '0.0'} 
{0: '0.75', 1: '1.48096811771', 2: 17.356724109771978, 3: '0.166666666667', 4: '0.0'} 
{0: '0.769230769231', 1: '1.29926323891', 2: 16.12227084157435, 3: '0.153846153846', 4: '0.0'} 
{0: '0.785714285714', 1: '1.13985228539', 2: 14.289551551600457, 3: '0.142857142857', 4: '0.0'} 
{0: '0.733333333333', 1: '1.13985228539', 2: 10.303103876390148, 3: '0.133333333333', 4: '0.0'} 
{0: '0.75', 1: '1.29926323891', 2: 7.189054938546497, 3: '0.125', 4: '0.0'} 
{0: '0.764705882353', 1: '1.48096811771', 2: 6.727067421833336, 3: '0.117647058824', 4: '0.0'} 
{0: '0.722222222222', 1: '1.48096811771', 2: 5.158613560945383, 3: '0.111111111111', 4: '0.0'} 
{0: '0.736842105263', 1: '1.29926323891', 2: 8.230926040473875, 3: '0.105263157895', 4: '0.0'} 
{0: '0.75', 1: '1.13985228539', 2: 7.762098780659805, 3: '0.1', 4: '0.0'} 
{0: '0.761904761905', 1: '1.0', 2: 6.7680563551695725, 3: '0.0952380952381', 4: '0.0'} 
{0: '0.727272727273', 1: '1.0', 2: 6.651580084027637, 3: '0.0909090909091', 4: '0.0454545454545'} 
{0: '0.739130434783', 1: '1.13985228539', 2: 6.177736461862932, 3: '0.0869565217391', 4: '0.0869565217391'} 
{0: '0.75', 1: '1.29926323891', 2: 6.784017920210585, 3: '0.0833333333333', 4: '0.0833333333333'} 
{0: '0.76', 1: '1.48096811771', 2: 6.759386021478522, 3: '0.08', 4: '0.08'} 
{0: '0.769230769231', 1: '1.68808495998', 2: 8.396195591569393, 3: '0.0769230769231', 4: '0.0769230769231'} 
{0: '0.777777777778', 1: '1.92416739464', 2: 11.04349201722918, 3: '0.0740740740741', 4: '0.0740740740741'} 
{0: '0.75', 1: '1.92416739464', 2: 8.443128927991975, 3: '0.0714285714286', 4: '0.0714285714286'} 
{0: '0.758620689655', 1: '1.68808495998', 2: 5.9894000279407, 3: '0.0689655172414', 4: '0.0689655172414'} 
{0: '0.766666666667', 1: '1.48096811771', 2: 6.308297887305311, 3: '0.0666666666667', 4: '0.0666666666667'} 
{0: '0.774193548387', 1: '1.29926323891', 2: 5.626212018825997, 3: '0.0645161290323', 4: '0.0645161290323'} 
{0: '0.78125', 1: '1.13985228539', 2: 6.462933716425262, 3: '0.0625', 4: '0.0625'} 
{0: '0.787878787879', 1: '1.0', 2: 6.12293345402975, 3: '0.0606060606061', 4: '0.0606060606061'} 
{0: '0.764705882353', 1: '1.0', 2: 5.9205200566308696, 3: '0.0588235294118', 4: '0.0882352941176'} 
{0: '0.742857142857', 1: '1.0', 2: 9.172275224002668, 3: '0.0571428571429', 4: '0.114285714286'} 
{0: '0.722222222222', 1: '1.0', 2: 6.585675030654044, 3: '0.0555555555556', 4: '0.138888888889'} 
{0: '0.72972972973', 1: '1.13985228539', 2: 6.007752478543354, 3: '0.0540540540541', 4: '0.162162162162'} 
{0: '0.736842105263', 1: '1.29926323891', 2: 7.525319209510332, 3: '0.0526315789474', 4: '0.157894736842'} 
{0: '0.74358974359', 1: '1.48096811771', 2: 7.456678779882608, 3: '0.0512820512821', 4: '0.153846153846'} 
{0: '0.75', 1: '1.68808495998', 2: 9.81653661076137, 3: '0.05', 4: '0.15'} 
{0: '0.731707317073', 1: '1.68808495998', 2: 5.508235875233004, 3: '0.0487804878049', 4: '0.146341463415'} 
{0: '0.738095238095', 1: '1.48096811771', 2: 7.205445897732784, 3: '0.047619047619', 4: '0.142857142857'} 
{0: '0.744186046512', 1: '1.29926323891', 2: 6.190364391369134, 3: '0.046511627907', 4: '0.139534883721'} 
{0: '0.75', 1: '1.13985228539', 2: 5.8151726517826665, 3: '0.0454545454545', 4: '0.136363636364'} 
{0: '0.755555555556', 1: '1.0', 2: 5.886840034276888, 3: '0.0444444444444', 4: '0.133333333333'} 
{0: '0.739130434783', 1: '1.0', 2: 6.122442635049782, 3: '0.0434782608696', 4: '0.152173913043'} 
{0: '0.744680851064', 1: '1.13985228539', 2: 6.92969670310157, 3: '0.0425531914894', 4: '0.170212765957'} 
{0: '0.75', 1: '1.29926323891', 2: 8.56322481418267, 3: '0.0416666666667', 4: '0.166666666667'} 
{0: '0.755102040816', 1: '1.48096811771', 2: 8.717270866347128, 3: '0.0408163265306', 4: '0.163265306122'} 
{0: '0.76', 1: '1.68808495998', 2: 8.71108175694716, 3: '0.04', 4: '0.16'} 
{0: '0.764705882353', 1: '1.92416739464', 2: 10.759878915885547, 3: '0.0392156862745', 4: '0.156862745098'} 
{0: '0.769230769231', 1: '2.19326663017', 2: 10.960525725450537, 3: '0.0384615384615', 4: '0.153846153846'} 
{0: '0.77358490566', 1: '2.5', 2: 11.602183403225336, 3: '0.0377358490566', 4: '0.150943396226'} 
{0: '0.777777777778', 1: '1.0', 2: 9.302343772230115, 3: '0.0555555555556', 4: '0.148148148148'} 
{0: '0.781818181818', 1: '1.13985228539', 2: 9.592554335960381, 3: '0.0545454545455', 4: '0.163636363636'} 
{0: '0.785714285714', 1: '1.29926323891', 2: 7.912715917192692, 3: '0.0535714285714', 4: '0.160714285714'} 
{0: '0.789473684211', 1: '1.48096811771', 2: 6.768384417754159, 3: '0.0526315789474', 4: '0.157894736842'} 
{0: '0.793103448276', 1: '1.68808495998', 2: 6.672465546475369, 3: '0.051724137931', 4: '0.155172413793'} 
{0: '0.796610169492', 1: '1.92416739464', 2: 5.972002416514608, 3: '0.0508474576271', 4: '0.152542372881'} 
{0: '0.8', 1: '2.19326663017', 2: 6.211038151870971, 3: '0.05', 4: '0.15'} 
{0: '0.803278688525', 1: '2.5', 2: 5.433791769958066, 3: '0.0491803278689', 4: '0.147540983607'} 
{0: '0.806451612903', 1: '1.0', 2: 6.30669950403963, 3: '0.0645161290323', 4: '0.145161290323'} 
{0: '0.809523809524', 1: '1.13985228539', 2: 7.0792380510015525, 3: '0.0634920634921', 4: '0.15873015873'} 
{0: '0.8125', 1: '1.29926323891', 2: 7.7242427132145615, 3: '0.0625', 4: '0.15625'} 
{0: '0.815384615385', 1: '1.48096811771', 2: 5.5061072802633335, 3: '0.0615384615385', 4: '0.153846153846'} 
{0: '0.818181818182', 1: '1.68808495998', 2: 7.394421180644637, 3: '0.0606060606061', 4: '0.151515151515'} 
{0: '0.805970149254', 1: '1.68808495998', 2: 6.706724264464551, 3: '0.0597014925373', 4: '0.149253731343'} 
{0: '0.808823529412', 1: '1.48096811771', 2: 5.9525355891016565, 3: '0.0588235294118', 4: '0.147058823529'} 
{0: '0.811594202899', 1: '1.29926323891', 2: 10.658167810754676, 3: '0.0579710144928', 4: '0.144927536232'} 
{0: '0.814285714286', 1: '1.13985228539', 2: 6.8637909752595325, 3: '0.0571428571429', 4: '0.142857142857'} 
{0: '0.816901408451', 1: '1.0', 2: 6.670372307295491, 3: '0.056338028169', 4: '0.140845070423'} 
{0: '0.805555555556', 1: '1.0', 2: 6.5135572298784465, 3: '0.0555555555556', 4: '0.152777777778'} 
{0: '0.808219178082', 1: '1.13985228539', 2: 5.445893168954438, 3: '0.0547945205479', 4: '0.164383561644'} 
{0: '0.810810810811', 1: '1.29926323891', 2: 8.496317709087787, 3: '0.0540540540541', 4: '0.162162162162'} 
{0: '0.8', 1: '1.29926323891', 2: 7.630884983361178, 3: '0.0533333333333', 4: '0.16'} 
{0: '0.802631578947', 1: '1.13985228539', 2: 7.460339776091902, 3: '0.0526315789474', 4: '0.157894736842'} 
{0: '0.805194805195', 1: '1.0', 2: 8.105045931755274, 3: '0.0519480519481', 4: '0.155844155844'} 
{0: '0.794871794872', 1: '1.0', 2: 6.668795738817628, 3: '0.0512820512821', 4: '0.166666666667'} 
{0: '0.79746835443', 1: '1.13985228539', 2: 6.033761493302256, 3: '0.0506329113924', 4: '0.177215189873'} 
{0: '0.8', 1: '1.29926323891', 2: 6.763955644075329, 3: '0.05', 4: '0.175'} 
{0: '0.802469135802', 1: '1.48096811771', 2: 7.442138647768002, 3: '0.0493827160494', 4: '0.172839506173'} 
{0: '0.80487804878', 1: '1.68808495998', 2: 6.451178111667823, 3: '0.0487804878049', 4: '0.170731707317'} 
{0: '0.795180722892', 1: '1.68808495998', 2: 5.898131783872247, 3: '0.0481927710843', 4: '0.168674698795'} 
{0: '0.797619047619', 1: '1.48096811771', 2: 5.779448573448337, 3: '0.047619047619', 4: '0.166666666667'} 
{0: '0.8', 1: '1.29926323891', 2: 6.033046339663817, 3: '0.0470588235294', 4: '0.164705882353'} 
{0: '0.802325581395', 1: '1.13985228539', 2: 5.457448664902406, 3: '0.046511627907', 4: '0.162790697674'} 
{0: '0.804597701149', 1: '1.0', 2: 5.582524798918749, 3: '0.0459770114943', 4: '0.16091954023'} 
{0: '0.795454545455', 1: '1.0', 2: 8.212042803228355, 3: '0.0454545454545', 4: '0.170454545455'} 
{0: '0.797752808989', 1: '1.13985228539', 2: 7.925383028282043, 3: '0.0449438202247', 4: '0.179775280899'} 
{0: '0.8', 1: '1.29926323891', 2: 6.592516816123082, 3: '0.0444444444444', 4: '0.177777777778'} 
{0: '0.802197802198', 1: '1.48096811771', 2: 8.326693965064813, 3: '0.043956043956', 4: '0.175824175824'} 
{0: '0.79347826087', 1: '1.48096811771', 2: 7.569220431115378, 3: '0.0434782608696', 4: '0.173913043478'} 
{0: '0.784946236559', 1: '1.48096811771', 2: 11.570624801577518, 3: '0.0430107526882', 4: '0.172043010753'} 
{0: '0.787234042553', 1: '1.68808495998', 2: 8.970387407881548, 3: '0.0425531914894', 4: '0.170212765957'} 
{0: '0.778947368421', 1: '1.68808495998', 2: 9.148330486176393, 3: '0.0421052631579', 4: '0.168421052632'} 
{0: '0.78125', 1: '1.48096811771', 2: 6.510252937949549, 3: '0.0416666666667', 4: '0.166666666667'} 
{0: '0.783505154639', 1: '1.29926323891', 2: 6.535321495330311, 3: '0.0412371134021', 4: '0.164948453608'} 
{0: '0.785714285714', 1: '1.13985228539', 2: 5.648078948141837, 3: '0.0408163265306', 4: '0.163265306122'} 
{0: '0.787878787879', 1: '1.0', 2: 5.7857538433371305, 3: '0.040404040404', 4: '0.161616161616'} 
