{0: 'ReplicaExchange_SwapSuccessRatio', 1: 'ReplicaExchange_CurrentTemp', 2: 'score', 3: 'ReplicaExchange_MaxTempFrequency', 4: 'ReplicaExchange_MinTempFrequency', 'STAT2HEADER': 'STAT2HEADER', 'STAT2HEADER_IMP_VERSIONS': "{'PMI_VERSION': 'develop-a5ac050', 'IMP_VERSION': 'develop-a5ac050'}", 'STAT2HEADER_ENVIRON': "{'CPPFLAGS': '-I/c5/shared/chimera/1.11/include -I/c5/shared/openmpi/1.6.3/sge/6.2u4/gcc-4.6.2-gmp-4.3.2-mpfr-3.1.0-mpc-0.8.2--disable-dlopen/include -I/c5/shared/hdf5/1.8.10/include -I/c5/shared/git/1.8.2.1/include -I/c5/shared/cmake/3.0.2/include -I/c5/shared/gcc/4.6.2-gmp-4.3.2-mpfr-3.1.0-mpc-0.8.2/include -I/c5/shared/Python/2.7.5-shared/include -I/c5/shared/boost/1.54.0/python-2.7.5-shared/include -I/c5/shared/openbabel/2.3.2/python-2.7.3-shared/include -I/c5/shared/Oracle_java/jre/8/include', 'DBUS_SESSION_BUS_ADDRESS': 'unix:abstract=/tmp/dbus-8eCxv7Pec0,guid=682d57c811371dcc5569ec0059774852', 'COLORTERM': 'gnome-terminal', 'IMP_BIN_DIR': '/Bis/home/rpellari/imp-projects/imp-050517/imp-fast/bin', 'OMPI_MCA_orte_num_nodes': '1', 'OMPI_MCA_orte_app_num': '0', 'SHELL': '/bin/bash', 'LD_RUN_PATH': '/c5/shared/chimera/1.11/lib:/c5/shared/openmpi/1.6.3/sge/6.2u4/gcc-4.6.2-gmp-4.3.2-mpfr-3.1.0-mpc-0.8.2--disable-dlopen/lib:/c5/shared/hdf5/1.8.10/lib:/c5/shared/git/1.8.2.1/lib:/c5/shared/gcc/4.6.2-gmp-4.3.2-mpfr-3.1.0-mpc-0.8.2/lib64:/c5/shared/gcc/4.6.2-gmp-4.3.2-mpfr-3.1.0-mpc-0.8.2/lib:/c5/shared/Python/2.7.5-shared/lib:/c5/shared/boost/1.54.0/python-2.7.5-shared/lib:/c5/shared/openbabel/2.3.2/python-2.7.3-shared/lib:/c5/shared/Oracle_java/jre/8/lib', 'HISTSIZE': '1000', '__GL_SYNC_DISPLAY_DEVICE': '', 'MANPATH': '/c5/shared/chimera/1.11/share/man:/c5/shared/openmpi/1.6.3/sge/6.2u4/gcc-4.6.2-gmp-4.3.2-mpfr-3.1.0-mpc-0.8.2--disable-dlopen/share/man:/c5/shared/hdf5/1.8.10/share/man:/c5/shared/git/1.8.2.1/share/man:/c5/shared/cmake/3.0.2/share/man:/c5/shared/swig/2.0.4/share/man:/c5/shared/gcc/4.6.2-gmp-4.3.2-mpfr-3.1.0-mpc-0.8.2/share/man:/c5/shared/Python/2.7.5-shared/share/man:/c5/SGE/man:/c5/shared/xournal/0.4.5/share/man:/c5/shared/R/3.1.3/share/man:/c5/shared/povray/3.6.1/share/man:/c5/shared/openbabel/2.3.2/python-2.7.3-shared/share/man:/c5/shared/Oracle_java/jre/8/man:/c5/shared/apbs/1.2.1/share/man:/c5/shared/man:/usr/share/man:/usr/X11R6/man:/usr/local/man:/usr/kerberos/man:/usr/man', 'XMODIFIERS': '@im=none', 'PYTHONPATH': '/Bis/home/rpellari/imp-projects/imp-050517/imp-fast/lib:/Bis/home/rpellari/imp-projects/imp-050517/imp-fast/lib:/c5/shared/modeller/9v8/modlib:/c5/shared/modeller/9v8/lib/x86_64-intel8', 'ICMHOME': '/c5/shared/icm/3.7-2a', 'PVM_ARCH': 'LINUX64', 'MOLSOFTD_LICENSE_FILE': '/c5/shared/icm/license.dat', 'SGE_CLUSTER_NAME': 'BIS', 'MOLBROWSERPROHOME': '/usr/icm-browser-pro/', 'DESKTOP_SESSION': 'default', 'HOSTNAME': 'liberte.bis.pasteur.fr', 'OMPI_MCA_orte_ess_num_procs': '8', 'MAIL': '/var/spool/mail/rpellari', 'LS_COLORS': 'no=00:fi=00:di=00;34:ln=00;36:pi=40;33:so=00;35:bd=40;33;01:cd=40;33;01:or=01;05;37;41:mi=01;05;37;41:ex=00;32:*.cmd=00;32:*.exe=00;32:*.com=00;32:*.btm=00;32:*.bat=00;32:*.sh=00;32:*.csh=00;32:*.tar=00;31:*.tgz=00;31:*.arj=00;31:*.taz=00;31:*.lzh=00;31:*.zip=00;31:*.z=00;31:*.Z=00;31:*.gz=00;31:*.bz2=00;31:*.bz=00;31:*.tz=00;31:*.rpm=00;31:*.cpio=00;31:*.jpg=00;35:*.gif=00;35:*.bmp=00;35:*.xbm=00;35:*.xpm=00;35:*.png=00;35:*.tif=00;35:', 'SSH_ASKPASS': '/usr/libexec/openssh/gnome-ssh-askpass', 'KDE_IS_PRELINKED': '1', 'GNOME_DESKTOP_SESSION_ID': 'Default', 'OMPI_MCA_orte_num_restarts': '0', 'LESSOPEN': '|/usr/bin/lesspipe.sh %s', 'CVS_RSH': 'ssh', 'USER': 'rpellari', 'HOME': '/Bis/home/rpellari', '__GL_SINGLE_THREADED': '0', 'XAUTHORITY': '/tmp/.gdmMJTP3Y', 'SESSION_MANAGER': 'local/liberte.bis.pasteur.fr:/tmp/.ICE-unix/18584', 'SHLVL': '2', 'IMP_DATA': '/Bis/home/rpellari/imp-projects/imp-050517/imp-fast/data', 'IMP_EXAMPLE_DATA': '/Bis/home/rpellari/imp-projects/imp-050517/imp-fast/doc/examples', 'DISPLAY': ':0.0', 'OMPI_MCA_orte_local_daemon_uri': '1246953472.0;tcp://157.99.90.217:48210', 'WINDOWID': '22435983', 'MODULESHOME': '/usr/share/Modules', 'SGE_ROOT': '/c5/SGE', 'QTLIB': '/usr/lib64/qt-3.3/lib', 'OMPI_MCA_orte_ess_node_rank': '7', 'GDMSESSION': 'default', 'OMPI_COMM_WORLD_LOCAL_SIZE': '8', 'MODULEPATH': '/usr/share/Modules/modulefiles:/c5/shared/modulefiles:/Bis/home/rpellari/privatemodules', 'OMPI_MCA_orte_cpu_model': 'Intel(R) Xeon(R) CPU           E5410  @ 2.33GHz', 'OMPI_COMM_WORLD_NODE_RANK': '7', 'PVM_RSH': '/usr/bin/ssh', 'OMPI_MCA_orte_hnp_uri': '1246953472.0;tcp://157.99.90.217:48210', 'GTK_RC_FILES': '/etc/gtk/gtkrc:/Bis/home/rpellari/.gtkrc-1.2-gnome2', 'OMPI_COMM_WORLD_SIZE': '8', '_LMFILES_': '/usr/share/Modules/modulefiles/use.own:/usr/share/Modules/modulefiles/null:/c5/shared/modulefiles/c5/shared/bin:/c5/shared/modulefiles/manpath:/c5/shared/modulefiles/pvm:/c5/shared/modulefiles/apbs/default:/c5/shared/modulefiles/icm/3.7-2a:/c5/shared/modulefiles/modeller/9v8:/c5/shared/modulefiles/Oracle_java/jre/8:/c5/shared/modulefiles/jabref/3.2:/c5/shared/modulefiles/matlab/R2012b:/c5/shared/modulefiles/mathematica/7.0.1:/c5/shared/modulefiles/ncbi_tools/20090809/gnu:/c5/shared/modulefiles/openbabel/2.3.2/without-python:/c5/shared/modulefiles/povray/3.6.1:/c5/shared/modulefiles/R/3.1.3:/c5/shared/modulefiles/seamonkey/latest-is-2.r:/c5/shared/modulefiles/xournal/0.4.5:/c5/shared/modulefiles/vmd/latest:/c5/shared/modulefiles/BIS:/c5/shared/modulefiles/boost/1.54.0-python-2.7.5-shared:/c5/shared/modulefiles/python/2.7.5-shared:/c5/shared/modulefiles/gcc/4.6.2-gmp-4.3.2-mpfr-3.1.0-mpc-0.8.2:/c5/shared/modulefiles/swig/2.0.4:/c5/shared/modulefiles/cmake/3.0.2:/c5/shared/modulefiles/ninja/1.3.4:/c5/shared/modulefiles/git/1.8.2.1:/c5/shared/modulefiles/hdf5/1.8.10:/c5/shared/modulefiles/openmpi/1.6.3/gcc-4.6.2-gmp-4.3.2-mpfr-3.1.0-mpc-0.8.2--disable-dlopen:/c5/shared/modulefiles/chimera/1.b', 'CXXFLAGS': '-I/c5/shared/chimera/1.11/include -I/c5/shared/openmpi/1.6.3/sge/6.2u4/gcc-4.6.2-gmp-4.3.2-mpfr-3.1.0-mpc-0.8.2--disable-dlopen/include -I/c5/shared/hdf5/1.8.10/include -I/c5/shared/git/1.8.2.1/include -I/c5/shared/cmake/3.0.2/include -I/c5/shared/gcc/4.6.2-gmp-4.3.2-mpfr-3.1.0-mpc-0.8.2/include -I/c5/shared/Python/2.7.5-shared/include -I/c5/shared/boost/1.54.0/python-2.7.5-shared/include -I/c5/shared/openbabel/2.3.2/python-2.7.3-shared/include', 'QTDIR': '/usr/lib64/qt-3.3', '__GL_SYNC_TO_VBLANK': '0', 'LD_LIBRARY_PATH': '/Bis/home/rpellari/imp-projects/imp-050517/imp-fast/lib:/Bis/home/rpellari/imp-projects/imp-050517/imp-fast/lib:/c5/shared/chimera/1.11/lib:/c5/shared/openmpi/1.6.3/sge/6.2u4/gcc-4.6.2-gmp-4.3.2-mpfr-3.1.0-mpc-0.8.2--disable-dlopen/lib:/c5/shared/hdf5/1.8.10/lib:/c5/shared/git/1.8.2.1/lib:/c5/shared/gcc/4.6.2-gmp-4.3.2-mpfr-3.1.0-mpc-0.8.2/lib:/c5/shared/gcc/4.6.2-gmp-4.3.2-mpfr-3.1.0-mpc-0.8.2/lib64:/c5/shared/Python/2.7.5-shared/lib:/c5/shared/boost/1.54.0/python-2.7.5-shared/lib:/c5/shared/openbabel/2.3.2/python-2.7.3-shared/lib:/c5/shared/Oracle_java/jre/8/lib/amd64/server:/c5/shared/Oracle_java/jre/8/lib/amd64:/c5/shared/Oracle_java/jre/8/lib:/c5/shared/modeller/9v8/lib/x86_64-intel8', 'LANG': 'en_US.UTF-8', 'KDEDIR': '/usr', 'QTINC': '/usr/lib64/qt-3.3/include', 'NXDIR': '/usr/NX', 'G_BROKEN_FILENAMES': '1', 'IMP_TMP_DIR': '/Bis/home/rpellari/imp-projects/imp-050517/imp-fast/tmp', 'KDE_NO_IPV6': '1', 'OMPI_MCA_orte_precondition_transports': 'a439a2a1b2260542-7636a4b7649038db', 'PVM_ROOT': '/usr/share/pvm3', 'USERNAME': 'rpellari', 'GDM_XSERVER_LOCATION': 'local', '__GL_DEFAULT_LOG_ANISO': '0', 'OMPI_COMM_WORLD_LOCAL_RANK': '7', 'BASH_FUNC_module()': '() {  eval `/usr/bin/modulecmd bash $*`\\n}', 'OMPI_UNIVERSE_SIZE': '1', 'OMPI_COMM_WORLD_RANK': '7', 'OMPI_MCA_mpi_yield_when_idle': '0', 'OMPI_MCA_ess': 'env', 'OMPI_MCA_shmem_RUNTIME_QUERY_hint': 'mmap', 'OMPI_MCA_orte_ess_vpid': '7', 'SGE_CELL': 'default', 'LOGNAME': 'rpellari', 'PATH': '/Bis/home/rpellari/imp-projects/imp-050517/imp-fast/bin:/Bis/home/rpellari/imp-projects/imp-050517/imp-fast/module_bin/algebra:/Bis/home/rpellari/imp-projects/imp-050517/imp-fast/module_bin/atom:/Bis/home/rpellari/imp-projects/imp-050517/imp-fast/module_bin/bayesianem:/Bis/home/rpellari/imp-projects/imp-050517/imp-fast/module_bin/benchmark:/Bis/home/rpellari/imp-projects/imp-050517/imp-fast/module_bin/container:/Bis/home/rpellari/imp-projects/imp-050517/imp-fast/module_bin/core:/Bis/home/rpellari/imp-projects/imp-050517/imp-fast/module_bin/crosslinkms:/Bis/home/rpellari/imp-projects/imp-050517/imp-fast/module_bin/display:/Bis/home/rpellari/imp-projects/imp-050517/imp-fast/module_bin/domino:/Bis/home/rpellari/imp-projects/imp-050517/imp-fast/module_bin/em:/Bis/home/rpellari/imp-projects/imp-050517/imp-fast/module_bin/evcov:/Bis/home/rpellari/imp-projects/imp-050517/imp-fast/module_bin/example:/Bis/home/rpellari/imp-projects/imp-050517/imp-fast/module_bin/foxs:/Bis/home/rpellari/imp-projects/imp-050517/imp-fast/module_bin/gsl:/Bis/home/rpellari/imp-projects/imp-050517/imp-fast/module_bin/isd:/Bis/home/rpellari/imp-projects/imp-050517/imp-fast/module_bin/kernel:/Bis/home/rpellari/imp-projects/imp-050517/imp-fast/module_bin/kinematics:/Bis/home/rpellari/imp-projects/imp-050517/imp-fast/module_bin/kmeans:/Bis/home/rpellari/imp-projects/imp-050517/imp-fast/module_bin/misc:/Bis/home/rpellari/imp-projects/imp-050517/imp-fast/module_bin/modeller:/Bis/home/rpellari/imp-projects/imp-050517/imp-fast/module_bin/mpi:/Bis/home/rpellari/imp-projects/imp-050517/imp-fast/module_bin/multi_state:/Bis/home/rpellari/imp-projects/imp-050517/imp-fast/module_bin/parallel:/Bis/home/rpellari/imp-projects/imp-050517/imp-fast/module_bin/pepdock:/Bis/home/rpellari/imp-projects/imp-050517/imp-fast/module_bin/pmi:/Bis/home/rpellari/imp-projects/imp-050517/imp-fast/module_bin/quantxl:/Bis/home/rpellari/imp-projects/imp-050517/imp-fast/module_bin/rmf:/Bis/home/rpellari/imp-projects/imp-050517/imp-fast/module_bin/rotamer:/Bis/home/rpellari/imp-projects/imp-050517/imp-fast/module_bin/saxs:/Bis/home/rpellari/imp-projects/imp-050517/imp-fast/module_bin/saxs_merge:/Bis/home/rpellari/imp-projects/imp-050517/imp-fast/module_bin/score_functor:/Bis/home/rpellari/imp-projects/imp-050517/imp-fast/module_bin/scratch:/Bis/home/rpellari/imp-projects/imp-050517/imp-fast/module_bin/statistics:/Bis/home/rpellari/imp-projects/imp-050517/imp-fast/module_bin/symmetry:/Bis/home/rpellari/imp-projects/imp-050517/imp-fast/module_bin/test:/Bis/home/rpellari/imp-projects/imp-050517/imp-fast/bin:/Bis/home/rpellari/imp-projects/imp-050517/imp-fast/bin:/c5/shared/chimera/1.11/bin:/c5/shared/openmpi/1.6.3/sge/6.2u4/gcc-4.6.2-gmp-4.3.2-mpfr-3.1.0-mpc-0.8.2--disable-dlopen/bin:/c5/shared/hdf5/1.8.10/bin:/c5/shared/git/1.8.2.1/bin:/c5/shared/ninja/1.3.4:/c5/shared/cmake/3.0.2/bin:/c5/shared/swig/2.0.4/bin:/c5/shared/gcc/4.6.2-gmp-4.3.2-mpfr-3.1.0-mpc-0.8.2/bin:/c5/shared/Python/2.7.5-shared/bin:/Bis/home/rpellari/local/bin:/c5/SGE/bin/lx26-amd64:/Bis/home/rpellari/local/bin:/usr/lib64/qt-3.3/bin:/usr/kerberos/bin:/c5/SGE/bin/lx26-amd64:/c5/shared/vmd/vmd-1.9.1:/c5/shared/xournal/0.4.5/bin:/c5/shared/seamonkey/2.29/:/c5/shared/R/3.1.3/bin:/c5/shared/povray/3.6.1/bin/:/c5/shared/openbabel/2.3.2/python-2.7.3-shared/bin:/c5/shared/ncbi_tools/20090809/ncbi/bin:/c5/shared/Wolfram/Mathematica/7.0/Executables:/c5/shared/matlab/7.15/bin/:/c5/shared/Oracle_java/jre/8/bin:/c5/shared/JabRef/3.2:/c5/shared/modeller/9v8/bin/:/c5/shared/icm/3.7-2a:/c5/shared/apbs/1.2.1/bin/:/usr/share/pvm3/bin/LINUX64:/usr/share/pvm3/lib/LINUX64:/usr/share/pvm3/lib:/c5/shared/bin:/usr/local/bin:/usr/bin:/bin:/usr/X11R6/bin:/usr/NX/bin:/Bis/home/rpellari/bin:/usr/NX/bin', 'OMPI_MCA_orte_ess_jobid': '1246953473', 'SSH_AGENT_PID': '18623', 'TERM': 'xterm', 'OPAL_OUTPUT_STDERR_FD': '46', 'LDFLAGS': '-L/c5/shared/chimera/1.11/lib -L/c5/shared/openmpi/1.6.3/sge/6.2u4/gcc-4.6.2-gmp-4.3.2-mpfr-3.1.0-mpc-0.8.2--disable-dlopen/lib -L/c5/shared/hdf5/1.8.10/lib -L/c5/shared/git/1.8.2.1/lib -L/c5/shared/gcc/4.6.2-gmp-4.3.2-mpfr-3.1.0-mpc-0.8.2/lib -L/c5/shared/Python/2.7.5-shared/lib -L/c5/shared/boost/1.54.0/python-2.7.5-shared/lib -L/c5/shared/openbabel/2.3.2/python-2.7.3-shared/lib -L/c5/shared/Oracle_java/jre/8/lib -L/usr/share/pvm3/lib/LINUX64 -lpvm3', 'BIS': '/c5/shared', 'OMPI_MCA_orte_cpu_type': 'GenuineIntel', 'SSH_AUTH_SOCK': '/tmp/ssh-vpLNi18584/agent.18584', '__GL_FSAA_MODE': '0', 'GNOME_KEYRING_SOCKET': '/tmp/keyring-2eczAj/socket', 'LOADEDMODULES': 'use.own:null:c5/shared/bin:manpath:pvm:apbs/default:icm/3.7-2a:modeller/9v8:Oracle_java/jre/8:jabref/3.2:matlab/R2012b:mathematica/7.0.1:ncbi_tools/20090809/gnu:openbabel/2.3.2/without-python:povray/3.6.1:R/3.1.3:seamonkey/latest-is-2.r:xournal/0.4.5:vmd/latest:BIS:boost/1.54.0-python-2.7.5-shared:python/2.7.5-shared:gcc/4.6.2-gmp-4.3.2-mpfr-3.1.0-mpc-0.8.2:swig/2.0.4:cmake/3.0.2:ninja/1.3.4:git/1.8.2.1:hdf5/1.8.10:openmpi/1.6.3/gcc-4.6.2-gmp-4.3.2-mpfr-3.1.0-mpc-0.8.2--disable-dlopen:chimera/1.b', 'PWD': '/Bis/home/rpellari/imp-projects/imp-050517/imp_tutorial/rnapolii/modeling', 'DESKTOP_STARTUP_ID': '', 'CFLAGS': '-I/c5/shared/chimera/1.11/include -I/c5/shared/openmpi/1.6.3/sge/6.2u4/gcc-4.6.2-gmp-4.3.2-mpfr-3.1.0-mpc-0.8.2--disable-dlopen/include -I/c5/shared/hdf5/1.8.10/include -I/c5/shared/git/1.8.2.1/include -I/c5/shared/cmake/3.0.2/include -I/c5/shared/gcc/4.6.2-gmp-4.3.2-mpfr-3.1.0-mpc-0.8.2/include -I/c5/shared/Python/2.7.5-shared/include -I/c5/shared/boost/1.54.0/python-2.7.5-shared/include -I/c5/shared/openbabel/2.3.2/python-2.7.3-shared/include -I/c5/shared/Oracle_java/jre/8/include -I/usr/share/pvm3/include'}"} 
{0: '0', 1: '2.5', 2: 14.869510832681984, 3: '0', 4: '0'} 
{0: '1.0', 1: '2.19326663017', 2: 14.601264213568285, 3: '1.0', 4: '0.0'} 
{0: '1.0', 1: '1.92416739464', 2: 15.236125353402178, 3: '0.5', 4: '0.0'} 
{0: '0.666666666667', 1: '1.92416739464', 2: 16.597887965635348, 3: '0.333333333333', 4: '0.0'} 
{0: '0.75', 1: '2.19326663017', 2: 16.19319022311733, 3: '0.25', 4: '0.0'} 
{0: '0.8', 1: '2.5', 2: 16.462336389626763, 3: '0.2', 4: '0.0'} 
{0: '0.666666666667', 1: '2.5', 2: 16.936067975912948, 3: '0.333333333333', 4: '0.0'} 
{0: '0.714285714286', 1: '2.19326663017', 2: 17.264150444570635, 3: '0.428571428571', 4: '0.0'} 
{0: '0.75', 1: '1.92416739464', 2: 16.802634427119266, 3: '0.375', 4: '0.0'} 
{0: '0.777777777778', 1: '1.68808495998', 2: 17.193044906611043, 3: '0.333333333333', 4: '0.0'} 
{0: '0.8', 1: '1.48096811771', 2: 15.482430659423763, 3: '0.3', 4: '0.0'} 
{0: '0.818181818182', 1: '1.29926323891', 2: 6.103821240809142, 3: '0.272727272727', 4: '0.0'} 
{0: '0.833333333333', 1: '1.13985228539', 2: 6.962053856036238, 3: '0.25', 4: '0.0'} 
{0: '0.846153846154', 1: '1.0', 2: 6.528715208841063, 3: '0.230769230769', 4: '0.0'} 
{0: '0.785714285714', 1: '1.0', 2: 6.706702159568578, 3: '0.214285714286', 4: '0.0714285714286'} 
{0: '0.733333333333', 1: '1.0', 2: 6.148842293220418, 3: '0.2', 4: '0.133333333333'} 
{0: '0.6875', 1: '1.0', 2: 7.463773047891558, 3: '0.1875', 4: '0.1875'} 
{0: '0.705882352941', 1: '1.13985228539', 2: 6.814573718854749, 3: '0.176470588235', 4: '0.235294117647'} 
{0: '0.722222222222', 1: '1.29926323891', 2: 5.791250395449727, 3: '0.166666666667', 4: '0.222222222222'} 
{0: '0.736842105263', 1: '1.48096811771', 2: 5.25026015152, 3: '0.157894736842', 4: '0.210526315789'} 
{0: '0.75', 1: '1.68808495998', 2: 5.288937422357166, 3: '0.15', 4: '0.2'} 
{0: '0.761904761905', 1: '1.92416739464', 2: 11.97447466202385, 3: '0.142857142857', 4: '0.190476190476'} 
{0: '0.772727272727', 1: '2.19326663017', 2: 8.12540073909559, 3: '0.136363636364', 4: '0.181818181818'} 
{0: '0.782608695652', 1: '2.5', 2: 7.11213203391398, 3: '0.130434782609', 4: '0.173913043478'} 
{0: '0.791666666667', 1: '1.0', 2: 7.324783384591763, 3: '0.166666666667', 4: '0.166666666667'} 
{0: '0.8', 1: '1.13985228539', 2: 7.805491629429507, 3: '0.16', 4: '0.2'} 
{0: '0.807692307692', 1: '1.29926323891', 2: 5.744664288549575, 3: '0.153846153846', 4: '0.192307692308'} 
{0: '0.777777777778', 1: '1.29926323891', 2: 7.454586387399749, 3: '0.148148148148', 4: '0.185185185185'} 
{0: '0.785714285714', 1: '1.13985228539', 2: 6.445942029961666, 3: '0.142857142857', 4: '0.178571428571'} 
{0: '0.793103448276', 1: '1.0', 2: 9.48106027712453, 3: '0.137931034483', 4: '0.172413793103'} 
{0: '0.766666666667', 1: '1.0', 2: 7.917710063007956, 3: '0.133333333333', 4: '0.2'} 
{0: '0.774193548387', 1: '1.13985228539', 2: 7.440600442642432, 3: '0.129032258065', 4: '0.225806451613'} 
{0: '0.78125', 1: '1.29926323891', 2: 8.964137461336522, 3: '0.125', 4: '0.21875'} 
{0: '0.787878787879', 1: '1.48096811771', 2: 9.40193487116214, 3: '0.121212121212', 4: '0.212121212121'} 
{0: '0.794117647059', 1: '1.68808495998', 2: 8.309036508424054, 3: '0.117647058824', 4: '0.205882352941'} 
{0: '0.8', 1: '1.92416739464', 2: 7.9184737920135415, 3: '0.114285714286', 4: '0.2'} 
{0: '0.777777777778', 1: '1.92416739464', 2: 8.514199030831072, 3: '0.111111111111', 4: '0.194444444444'} 
{0: '0.783783783784', 1: '1.68808495998', 2: 6.717249339986698, 3: '0.108108108108', 4: '0.189189189189'} 
{0: '0.789473684211', 1: '1.48096811771', 2: 5.682451977203174, 3: '0.105263157895', 4: '0.184210526316'} 
{0: '0.794871794872', 1: '1.29926323891', 2: 5.9663491281039365, 3: '0.102564102564', 4: '0.179487179487'} 
{0: '0.8', 1: '1.13985228539', 2: 7.310146934673691, 3: '0.1', 4: '0.175'} 
{0: '0.80487804878', 1: '1.0', 2: 5.306295485518767, 3: '0.0975609756098', 4: '0.170731707317'} 
{0: '0.785714285714', 1: '1.0', 2: 6.787817736246081, 3: '0.0952380952381', 4: '0.190476190476'} 
{0: '0.790697674419', 1: '1.13985228539', 2: 7.118415950154937, 3: '0.093023255814', 4: '0.209302325581'} 
{0: '0.795454545455', 1: '1.29926323891', 2: 6.246049843635215, 3: '0.0909090909091', 4: '0.204545454545'} 
{0: '0.8', 1: '1.48096811771', 2: 5.97604037258831, 3: '0.0888888888889', 4: '0.2'} 
{0: '0.804347826087', 1: '1.68808495998', 2: 6.104784288273856, 3: '0.0869565217391', 4: '0.195652173913'} 
{0: '0.808510638298', 1: '1.92416739464', 2: 8.638001699096534, 3: '0.0851063829787', 4: '0.191489361702'} 
{0: '0.791666666667', 1: '1.92416739464', 2: 9.277831505140275, 3: '0.0833333333333', 4: '0.1875'} 
{0: '0.795918367347', 1: '1.68808495998', 2: 10.175936212135126, 3: '0.0816326530612', 4: '0.183673469388'} 
{0: '0.8', 1: '1.48096811771', 2: 11.753913610173075, 3: '0.08', 4: '0.18'} 
{0: '0.803921568627', 1: '1.29926323891', 2: 9.981518946464291, 3: '0.078431372549', 4: '0.176470588235'} 
{0: '0.788461538462', 1: '1.29926323891', 2: 10.204392058555088, 3: '0.0769230769231', 4: '0.173076923077'} 
{0: '0.792452830189', 1: '1.48096811771', 2: 8.626492670248345, 3: '0.0754716981132', 4: '0.169811320755'} 
{0: '0.777777777778', 1: '1.48096811771', 2: 10.139026038192315, 3: '0.0740740740741', 4: '0.166666666667'} 
{0: '0.781818181818', 1: '1.29926323891', 2: 6.181848540245777, 3: '0.0727272727273', 4: '0.163636363636'} 
{0: '0.785714285714', 1: '1.13985228539', 2: 6.390881816229402, 3: '0.0714285714286', 4: '0.160714285714'} 
{0: '0.789473684211', 1: '1.0', 2: 6.467101537914929, 3: '0.0701754385965', 4: '0.157894736842'} 
{0: '0.775862068966', 1: '1.0', 2: 6.8088964233271385, 3: '0.0689655172414', 4: '0.172413793103'} 
{0: '0.779661016949', 1: '1.13985228539', 2: 8.779994771074742, 3: '0.0677966101695', 4: '0.186440677966'} 
{0: '0.783333333333', 1: '1.29926323891', 2: 7.018576317330963, 3: '0.0666666666667', 4: '0.183333333333'} 
{0: '0.786885245902', 1: '1.48096811771', 2: 8.758910850188846, 3: '0.0655737704918', 4: '0.180327868852'} 
{0: '0.774193548387', 1: '1.48096811771', 2: 9.063843335432146, 3: '0.0645161290323', 4: '0.177419354839'} 
{0: '0.761904761905', 1: '1.48096811771', 2: 10.31108911015883, 3: '0.0634920634921', 4: '0.174603174603'} 
{0: '0.765625', 1: '1.68808495998', 2: 10.592912971006243, 3: '0.0625', 4: '0.171875'} 
{0: '0.769230769231', 1: '1.92416739464', 2: 14.463086716721373, 3: '0.0615384615385', 4: '0.169230769231'} 
{0: '0.772727272727', 1: '2.19326663017', 2: 18.87718712825451, 3: '0.0606060606061', 4: '0.166666666667'} 
{0: '0.776119402985', 1: '2.5', 2: 16.71044727303401, 3: '0.0597014925373', 4: '0.164179104478'} 
{0: '0.764705882353', 1: '2.5', 2: 16.840330754065263, 3: '0.0735294117647', 4: '0.161764705882'} 
{0: '0.768115942029', 1: '2.19326663017', 2: 16.084320257050422, 3: '0.0869565217391', 4: '0.159420289855'} 
{0: '0.771428571429', 1: '1.92416739464', 2: 17.243313806657465, 3: '0.0857142857143', 4: '0.157142857143'} 
{0: '0.760563380282', 1: '1.92416739464', 2: 19.72480203617906, 3: '0.0845070422535', 4: '0.154929577465'} 
{0: '0.763888888889', 1: '2.19326663017', 2: 17.76534167343532, 3: '0.0833333333333', 4: '0.152777777778'} 
{0: '0.753424657534', 1: '2.19326663017', 2: 19.34251718862198, 3: '0.0821917808219', 4: '0.150684931507'} 
{0: '0.756756756757', 1: '1.92416739464', 2: 18.731987222733807, 3: '0.0810810810811', 4: '0.148648648649'} 
{0: '0.76', 1: '1.68808495998', 2: 18.494164017834493, 3: '0.08', 4: '0.146666666667'} 
{0: '0.763157894737', 1: '1.48096811771', 2: 19.061170440682073, 3: '0.0789473684211', 4: '0.144736842105'} 
{0: '0.766233766234', 1: '1.29926323891', 2: 18.596643207751182, 3: '0.0779220779221', 4: '0.142857142857'} 
{0: '0.75641025641', 1: '1.29926323891', 2: 17.918753916332523, 3: '0.0769230769231', 4: '0.141025641026'} 
{0: '0.759493670886', 1: '1.48096811771', 2: 18.036864952271298, 3: '0.0759493670886', 4: '0.139240506329'} 
{0: '0.7625', 1: '1.68808495998', 2: 16.683182479315853, 3: '0.075', 4: '0.1375'} 
{0: '0.765432098765', 1: '1.92416739464', 2: 16.77502006541337, 3: '0.0740740740741', 4: '0.135802469136'} 
{0: '0.768292682927', 1: '2.19326663017', 2: 16.597641947814036, 3: '0.0731707317073', 4: '0.134146341463'} 
{0: '0.771084337349', 1: '2.5', 2: 17.328139563519787, 3: '0.0722891566265', 4: '0.132530120482'} 
{0: '0.761904761905', 1: '2.5', 2: 16.225603129804224, 3: '0.0833333333333', 4: '0.130952380952'} 
{0: '0.764705882353', 1: '2.19326663017', 2: 14.044657513365038, 3: '0.0941176470588', 4: '0.129411764706'} 
{0: '0.767441860465', 1: '1.92416739464', 2: 11.699151721006128, 3: '0.093023255814', 4: '0.127906976744'} 
{0: '0.770114942529', 1: '1.68808495998', 2: 14.289890762962681, 3: '0.0919540229885', 4: '0.126436781609'} 
{0: '0.772727272727', 1: '1.48096811771', 2: 15.819457498920805, 3: '0.0909090909091', 4: '0.125'} 
{0: '0.775280898876', 1: '1.29926323891', 2: 10.71387831052488, 3: '0.0898876404494', 4: '0.123595505618'} 
{0: '0.777777777778', 1: '1.13985228539', 2: 7.910180350689341, 3: '0.0888888888889', 4: '0.122222222222'} 
{0: '0.78021978022', 1: '1.0', 2: 7.296263889074417, 3: '0.0879120879121', 4: '0.120879120879'} 
{0: '0.771739130435', 1: '1.0', 2: 7.087835668649062, 3: '0.0869565217391', 4: '0.130434782609'} 
{0: '0.774193548387', 1: '1.13985228539', 2: 7.314252625862641, 3: '0.0860215053763', 4: '0.139784946237'} 
{0: '0.776595744681', 1: '1.29926323891', 2: 6.564972122723571, 3: '0.0851063829787', 4: '0.13829787234'} 
{0: '0.778947368421', 1: '1.48096811771', 2: 7.109688334292561, 3: '0.0842105263158', 4: '0.136842105263'} 
{0: '0.78125', 1: '1.68808495998', 2: 11.12282270318237, 3: '0.0833333333333', 4: '0.135416666667'} 
{0: '0.783505154639', 1: '1.92416739464', 2: 15.32392218091578, 3: '0.0824742268041', 4: '0.134020618557'} 
{0: '0.785714285714', 1: '2.19326663017', 2: 15.461823808038131, 3: '0.0816326530612', 4: '0.132653061224'} 
{0: '0.787878787879', 1: '2.5', 2: 17.187521978572843, 3: '0.0808080808081', 4: '0.131313131313'} 
