{0: 'ReplicaExchange_SwapSuccessRatio', 1: 'ReplicaExchange_CurrentTemp', 2: 'score', 3: 'ReplicaExchange_MaxTempFrequency', 4: 'ReplicaExchange_MinTempFrequency', 'STAT2HEADER': 'STAT2HEADER', 'STAT2HEADER_IMP_VERSIONS': "{'PMI_VERSION': 'develop-a5ac050', 'IMP_VERSION': 'develop-a5ac050'}", 'STAT2HEADER_ENVIRON': "{'CPPFLAGS': '-I/c5/shared/chimera/1.11/include -I/c5/shared/openmpi/1.6.3/sge/6.2u4/gcc-4.6.2-gmp-4.3.2-mpfr-3.1.0-mpc-0.8.2--disable-dlopen/include -I/c5/shared/hdf5/1.8.10/include -I/c5/shared/git/1.8.2.1/include -I/c5/shared/cmake/3.0.2/include -I/c5/shared/gcc/4.6.2-gmp-4.3.2-mpfr-3.1.0-mpc-0.8.2/include -I/c5/shared/Python/2.7.5-shared/include -I/c5/shared/boost/1.54.0/python-2.7.5-shared/include -I/c5/shared/openbabel/2.3.2/python-2.7.3-shared/include -I/c5/shared/Oracle_java/jre/8/include', 'DBUS_SESSION_BUS_ADDRESS': 'unix:abstract=/tmp/dbus-8eCxv7Pec0,guid=682d57c811371dcc5569ec0059774852', 'COLORTERM': 'gnome-terminal', 'IMP_BIN_DIR': '/Bis/home/rpellari/imp-projects/imp-050517/imp-fast/bin', 'OMPI_MCA_orte_num_nodes': '1', 'OMPI_MCA_orte_app_num': '0', 'SHELL': '/bin/bash', 'LD_RUN_PATH': '/c5/shared/chimera/1.11/lib:/c5/shared/openmpi/1.6.3/sge/6.2u4/gcc-4.6.2-gmp-4.3.2-mpfr-3.1.0-mpc-0.8.2--disable-dlopen/lib:/c5/shared/hdf5/1.8.10/lib:/c5/shared/git/1.8.2.1/lib:/c5/shared/gcc/4.6.2-gmp-4.3.2-mpfr-3.1.0-mpc-0.8.2/lib64:/c5/shared/gcc/4.6.2-gmp-4.3.2-mpfr-3.1.0-mpc-0.8.2/lib:/c5/shared/Python/2.7.5-shared/lib:/c5/shared/boost/1.54.0/python-2.7.5-shared/lib:/c5/shared/openbabel/2.3.2/python-2.7.3-shared/lib:/c5/shared/Oracle_java/jre/8/lib', 'HISTSIZE': '1000', '__GL_SYNC_DISPLAY_DEVICE': '', 'MANPATH': '/c5/shared/chimera/1.11/share/man:/c5/shared/openmpi/1.6.3/sge/6.2u4/gcc-4.6.2-gmp-4.3.2-mpfr-3.1.0-mpc-0.8.2--disable-dlopen/share/man:/c5/shared/hdf5/1.8.10/share/man:/c5/shared/git/1.8.2.1/share/man:/c5/shared/cmake/3.0.2/share/man:/c5/shared/swig/2.0.4/share/man:/c5/shared/gcc/4.6.2-gmp-4.3.2-mpfr-3.1.0-mpc-0.8.2/share/man:/c5/shared/Python/2.7.5-shared/share/man:/c5/SGE/man:/c5/shared/xournal/0.4.5/share/man:/c5/shared/R/3.1.3/share/man:/c5/shared/povray/3.6.1/share/man:/c5/shared/openbabel/2.3.2/python-2.7.3-shared/share/man:/c5/shared/Oracle_java/jre/8/man:/c5/shared/apbs/1.2.1/share/man:/c5/shared/man:/usr/share/man:/usr/X11R6/man:/usr/local/man:/usr/kerberos/man:/usr/man', 'XMODIFIERS': '@im=none', 'PYTHONPATH': '/Bis/home/rpellari/imp-projects/imp-050517/imp-fast/lib:/Bis/home/rpellari/imp-projects/imp-050517/imp-fast/lib:/c5/shared/modeller/9v8/modlib:/c5/shared/modeller/9v8/lib/x86_64-intel8', 'ICMHOME': '/c5/shared/icm/3.7-2a', 'PVM_ARCH': 'LINUX64', 'MOLSOFTD_LICENSE_FILE': '/c5/shared/icm/license.dat', 'SGE_CLUSTER_NAME': 'BIS', 'MOLBROWSERPROHOME': '/usr/icm-browser-pro/', 'DESKTOP_SESSION': 'default', 'HOSTNAME': 'liberte.bis.pasteur.fr', 'OMPI_MCA_orte_ess_num_procs': '8', 'MAIL': '/var/spool/mail/rpellari', 'LS_COLORS': 'no=00:fi=00:di=00;34:ln=00;36:pi=40;33:so=00;35:bd=40;33;01:cd=40;33;01:or=01;05;37;41:mi=01;05;37;41:ex=00;32:*.cmd=00;32:*.exe=00;32:*.com=00;32:*.btm=00;32:*.bat=00;32:*.sh=00;32:*.csh=00;32:*.tar=00;31:*.tgz=00;31:*.arj=00;31:*.taz=00;31:*.lzh=00;31:*.zip=00;31:*.z=00;31:*.Z=00;31:*.gz=00;31:*.bz2=00;31:*.bz=00;31:*.tz=00;31:*.rpm=00;31:*.cpio=00;31:*.jpg=00;35:*.gif=00;35:*.bmp=00;35:*.xbm=00;35:*.xpm=00;35:*.png=00;35:*.tif=00;35:', 'SSH_ASKPASS': '/usr/libexec/openssh/gnome-ssh-askpass', 'KDE_IS_PRELINKED': '1', 'GNOME_DESKTOP_SESSION_ID': 'Default', 'OMPI_MCA_orte_num_restarts': '0', 'LESSOPEN': '|/usr/bin/lesspipe.sh %s', 'CVS_RSH': 'ssh', 'USER': 'rpellari', 'HOME': '/Bis/home/rpellari', '__GL_SINGLE_THREADED': '0', 'XAUTHORITY': '/tmp/.gdmMJTP3Y', 'SESSION_MANAGER': 'local/liberte.bis.pasteur.fr:/tmp/.ICE-unix/18584', 'SHLVL': '2', 'IMP_DATA': '/Bis/home/rpellari/imp-projects/imp-050517/imp-fast/data', 'IMP_EXAMPLE_DATA': '/Bis/home/rpellari/imp-projects/imp-050517/imp-fast/doc/examples', 'DISPLAY': ':0.0', 'OMPI_MCA_orte_local_daemon_uri': '1246953472.0;tcp://157.99.90.217:48210', 'WINDOWID': '22435983', 'MODULESHOME': '/usr/share/Modules', 'SGE_ROOT': '/c5/SGE', 'QTLIB': '/usr/lib64/qt-3.3/lib', 'OMPI_MCA_orte_ess_node_rank': '3', 'GDMSESSION': 'default', 'OMPI_COMM_WORLD_LOCAL_SIZE': '8', 'MODULEPATH': '/usr/share/Modules/modulefiles:/c5/shared/modulefiles:/Bis/home/rpellari/privatemodules', 'OMPI_MCA_orte_cpu_model': 'Intel(R) Xeon(R) CPU           E5410  @ 2.33GHz', 'OMPI_COMM_WORLD_NODE_RANK': '3', 'PVM_RSH': '/usr/bin/ssh', 'OMPI_MCA_orte_hnp_uri': '1246953472.0;tcp://157.99.90.217:48210', 'GTK_RC_FILES': '/etc/gtk/gtkrc:/Bis/home/rpellari/.gtkrc-1.2-gnome2', 'OMPI_COMM_WORLD_SIZE': '8', '_LMFILES_': '/usr/share/Modules/modulefiles/use.own:/usr/share/Modules/modulefiles/null:/c5/shared/modulefiles/c5/shared/bin:/c5/shared/modulefiles/manpath:/c5/shared/modulefiles/pvm:/c5/shared/modulefiles/apbs/default:/c5/shared/modulefiles/icm/3.7-2a:/c5/shared/modulefiles/modeller/9v8:/c5/shared/modulefiles/Oracle_java/jre/8:/c5/shared/modulefiles/jabref/3.2:/c5/shared/modulefiles/matlab/R2012b:/c5/shared/modulefiles/mathematica/7.0.1:/c5/shared/modulefiles/ncbi_tools/20090809/gnu:/c5/shared/modulefiles/openbabel/2.3.2/without-python:/c5/shared/modulefiles/povray/3.6.1:/c5/shared/modulefiles/R/3.1.3:/c5/shared/modulefiles/seamonkey/latest-is-2.r:/c5/shared/modulefiles/xournal/0.4.5:/c5/shared/modulefiles/vmd/latest:/c5/shared/modulefiles/BIS:/c5/shared/modulefiles/boost/1.54.0-python-2.7.5-shared:/c5/shared/modulefiles/python/2.7.5-shared:/c5/shared/modulefiles/gcc/4.6.2-gmp-4.3.2-mpfr-3.1.0-mpc-0.8.2:/c5/shared/modulefiles/swig/2.0.4:/c5/shared/modulefiles/cmake/3.0.2:/c5/shared/modulefiles/ninja/1.3.4:/c5/shared/modulefiles/git/1.8.2.1:/c5/shared/modulefiles/hdf5/1.8.10:/c5/shared/modulefiles/openmpi/1.6.3/gcc-4.6.2-gmp-4.3.2-mpfr-3.1.0-mpc-0.8.2--disable-dlopen:/c5/shared/modulefiles/chimera/1.b', 'CXXFLAGS': '-I/c5/shared/chimera/1.11/include -I/c5/shared/openmpi/1.6.3/sge/6.2u4/gcc-4.6.2-gmp-4.3.2-mpfr-3.1.0-mpc-0.8.2--disable-dlopen/include -I/c5/shared/hdf5/1.8.10/include -I/c5/shared/git/1.8.2.1/include -I/c5/shared/cmake/3.0.2/include -I/c5/shared/gcc/4.6.2-gmp-4.3.2-mpfr-3.1.0-mpc-0.8.2/include -I/c5/shared/Python/2.7.5-shared/include -I/c5/shared/boost/1.54.0/python-2.7.5-shared/include -I/c5/shared/openbabel/2.3.2/python-2.7.3-shared/include', 'QTDIR': '/usr/lib64/qt-3.3', '__GL_SYNC_TO_VBLANK': '0', 'LD_LIBRARY_PATH': '/Bis/home/rpellari/imp-projects/imp-050517/imp-fast/lib:/Bis/home/rpellari/imp-projects/imp-050517/imp-fast/lib:/c5/shared/chimera/1.11/lib:/c5/shared/openmpi/1.6.3/sge/6.2u4/gcc-4.6.2-gmp-4.3.2-mpfr-3.1.0-mpc-0.8.2--disable-dlopen/lib:/c5/shared/hdf5/1.8.10/lib:/c5/shared/git/1.8.2.1/lib:/c5/shared/gcc/4.6.2-gmp-4.3.2-mpfr-3.1.0-mpc-0.8.2/lib:/c5/shared/gcc/4.6.2-gmp-4.3.2-mpfr-3.1.0-mpc-0.8.2/lib64:/c5/shared/Python/2.7.5-shared/lib:/c5/shared/boost/1.54.0/python-2.7.5-shared/lib:/c5/shared/openbabel/2.3.2/python-2.7.3-shared/lib:/c5/shared/Oracle_java/jre/8/lib/amd64/server:/c5/shared/Oracle_java/jre/8/lib/amd64:/c5/shared/Oracle_java/jre/8/lib:/c5/shared/modeller/9v8/lib/x86_64-intel8', 'LANG': 'en_US.UTF-8', 'KDEDIR': '/usr', 'QTINC': '/usr/lib64/qt-3.3/include', 'NXDIR': '/usr/NX', 'G_BROKEN_FILENAMES': '1', 'IMP_TMP_DIR': '/Bis/home/rpellari/imp-projects/imp-050517/imp-fast/tmp', 'KDE_NO_IPV6': '1', 'OMPI_MCA_orte_precondition_transports': 'a439a2a1b2260542-7636a4b7649038db', 'PVM_ROOT': '/usr/share/pvm3', 'USERNAME': 'rpellari', 'GDM_XSERVER_LOCATION': 'local', '__GL_DEFAULT_LOG_ANISO': '0', 'OMPI_COMM_WORLD_LOCAL_RANK': '3', 'BASH_FUNC_module()': '() {  eval `/usr/bin/modulecmd bash $*`\\n}', 'OMPI_UNIVERSE_SIZE': '1', 'OMPI_COMM_WORLD_RANK': '3', 'OMPI_MCA_mpi_yield_when_idle': '0', 'OMPI_MCA_ess': 'env', 'OMPI_MCA_shmem_RUNTIME_QUERY_hint': 'mmap', 'OMPI_MCA_orte_ess_vpid': '3', 'SGE_CELL': 'default', 'LOGNAME': 'rpellari', 'PATH': '/Bis/home/rpellari/imp-projects/imp-050517/imp-fast/bin:/Bis/home/rpellari/imp-projects/imp-050517/imp-fast/module_bin/algebra:/Bis/home/rpellari/imp-projects/imp-050517/imp-fast/module_bin/atom:/Bis/home/rpellari/imp-projects/imp-050517/imp-fast/module_bin/bayesianem:/Bis/home/rpellari/imp-projects/imp-050517/imp-fast/module_bin/benchmark:/Bis/home/rpellari/imp-projects/imp-050517/imp-fast/module_bin/container:/Bis/home/rpellari/imp-projects/imp-050517/imp-fast/module_bin/core:/Bis/home/rpellari/imp-projects/imp-050517/imp-fast/module_bin/crosslinkms:/Bis/home/rpellari/imp-projects/imp-050517/imp-fast/module_bin/display:/Bis/home/rpellari/imp-projects/imp-050517/imp-fast/module_bin/domino:/Bis/home/rpellari/imp-projects/imp-050517/imp-fast/module_bin/em:/Bis/home/rpellari/imp-projects/imp-050517/imp-fast/module_bin/evcov:/Bis/home/rpellari/imp-projects/imp-050517/imp-fast/module_bin/example:/Bis/home/rpellari/imp-projects/imp-050517/imp-fast/module_bin/foxs:/Bis/home/rpellari/imp-projects/imp-050517/imp-fast/module_bin/gsl:/Bis/home/rpellari/imp-projects/imp-050517/imp-fast/module_bin/isd:/Bis/home/rpellari/imp-projects/imp-050517/imp-fast/module_bin/kernel:/Bis/home/rpellari/imp-projects/imp-050517/imp-fast/module_bin/kinematics:/Bis/home/rpellari/imp-projects/imp-050517/imp-fast/module_bin/kmeans:/Bis/home/rpellari/imp-projects/imp-050517/imp-fast/module_bin/misc:/Bis/home/rpellari/imp-projects/imp-050517/imp-fast/module_bin/modeller:/Bis/home/rpellari/imp-projects/imp-050517/imp-fast/module_bin/mpi:/Bis/home/rpellari/imp-projects/imp-050517/imp-fast/module_bin/multi_state:/Bis/home/rpellari/imp-projects/imp-050517/imp-fast/module_bin/parallel:/Bis/home/rpellari/imp-projects/imp-050517/imp-fast/module_bin/pepdock:/Bis/home/rpellari/imp-projects/imp-050517/imp-fast/module_bin/pmi:/Bis/home/rpellari/imp-projects/imp-050517/imp-fast/module_bin/quantxl:/Bis/home/rpellari/imp-projects/imp-050517/imp-fast/module_bin/rmf:/Bis/home/rpellari/imp-projects/imp-050517/imp-fast/module_bin/rotamer:/Bis/home/rpellari/imp-projects/imp-050517/imp-fast/module_bin/saxs:/Bis/home/rpellari/imp-projects/imp-050517/imp-fast/module_bin/saxs_merge:/Bis/home/rpellari/imp-projects/imp-050517/imp-fast/module_bin/score_functor:/Bis/home/rpellari/imp-projects/imp-050517/imp-fast/module_bin/scratch:/Bis/home/rpellari/imp-projects/imp-050517/imp-fast/module_bin/statistics:/Bis/home/rpellari/imp-projects/imp-050517/imp-fast/module_bin/symmetry:/Bis/home/rpellari/imp-projects/imp-050517/imp-fast/module_bin/test:/Bis/home/rpellari/imp-projects/imp-050517/imp-fast/bin:/Bis/home/rpellari/imp-projects/imp-050517/imp-fast/bin:/c5/shared/chimera/1.11/bin:/c5/shared/openmpi/1.6.3/sge/6.2u4/gcc-4.6.2-gmp-4.3.2-mpfr-3.1.0-mpc-0.8.2--disable-dlopen/bin:/c5/shared/hdf5/1.8.10/bin:/c5/shared/git/1.8.2.1/bin:/c5/shared/ninja/1.3.4:/c5/shared/cmake/3.0.2/bin:/c5/shared/swig/2.0.4/bin:/c5/shared/gcc/4.6.2-gmp-4.3.2-mpfr-3.1.0-mpc-0.8.2/bin:/c5/shared/Python/2.7.5-shared/bin:/Bis/home/rpellari/local/bin:/c5/SGE/bin/lx26-amd64:/Bis/home/rpellari/local/bin:/usr/lib64/qt-3.3/bin:/usr/kerberos/bin:/c5/SGE/bin/lx26-amd64:/c5/shared/vmd/vmd-1.9.1:/c5/shared/xournal/0.4.5/bin:/c5/shared/seamonkey/2.29/:/c5/shared/R/3.1.3/bin:/c5/shared/povray/3.6.1/bin/:/c5/shared/openbabel/2.3.2/python-2.7.3-shared/bin:/c5/shared/ncbi_tools/20090809/ncbi/bin:/c5/shared/Wolfram/Mathematica/7.0/Executables:/c5/shared/matlab/7.15/bin/:/c5/shared/Oracle_java/jre/8/bin:/c5/shared/JabRef/3.2:/c5/shared/modeller/9v8/bin/:/c5/shared/icm/3.7-2a:/c5/shared/apbs/1.2.1/bin/:/usr/share/pvm3/bin/LINUX64:/usr/share/pvm3/lib/LINUX64:/usr/share/pvm3/lib:/c5/shared/bin:/usr/local/bin:/usr/bin:/bin:/usr/X11R6/bin:/usr/NX/bin:/Bis/home/rpellari/bin:/usr/NX/bin', 'OMPI_MCA_orte_ess_jobid': '1246953473', 'SSH_AGENT_PID': '18623', 'TERM': 'xterm', 'OPAL_OUTPUT_STDERR_FD': '34', 'LDFLAGS': '-L/c5/shared/chimera/1.11/lib -L/c5/shared/openmpi/1.6.3/sge/6.2u4/gcc-4.6.2-gmp-4.3.2-mpfr-3.1.0-mpc-0.8.2--disable-dlopen/lib -L/c5/shared/hdf5/1.8.10/lib -L/c5/shared/git/1.8.2.1/lib -L/c5/shared/gcc/4.6.2-gmp-4.3.2-mpfr-3.1.0-mpc-0.8.2/lib -L/c5/shared/Python/2.7.5-shared/lib -L/c5/shared/boost/1.54.0/python-2.7.5-shared/lib -L/c5/shared/openbabel/2.3.2/python-2.7.3-shared/lib -L/c5/shared/Oracle_java/jre/8/lib -L/usr/share/pvm3/lib/LINUX64 -lpvm3', 'BIS': '/c5/shared', 'OMPI_MCA_orte_cpu_type': 'GenuineIntel', 'SSH_AUTH_SOCK': '/tmp/ssh-vpLNi18584/agent.18584', '__GL_FSAA_MODE': '0', 'GNOME_KEYRING_SOCKET': '/tmp/keyring-2eczAj/socket', 'LOADEDMODULES': 'use.own:null:c5/shared/bin:manpath:pvm:apbs/default:icm/3.7-2a:modeller/9v8:Oracle_java/jre/8:jabref/3.2:matlab/R2012b:mathematica/7.0.1:ncbi_tools/20090809/gnu:openbabel/2.3.2/without-python:povray/3.6.1:R/3.1.3:seamonkey/latest-is-2.r:xournal/0.4.5:vmd/latest:BIS:boost/1.54.0-python-2.7.5-shared:python/2.7.5-shared:gcc/4.6.2-gmp-4.3.2-mpfr-3.1.0-mpc-0.8.2:swig/2.0.4:cmake/3.0.2:ninja/1.3.4:git/1.8.2.1:hdf5/1.8.10:openmpi/1.6.3/gcc-4.6.2-gmp-4.3.2-mpfr-3.1.0-mpc-0.8.2--disable-dlopen:chimera/1.b', 'PWD': '/Bis/home/rpellari/imp-projects/imp-050517/imp_tutorial/rnapolii/modeling', 'DESKTOP_STARTUP_ID': '', 'CFLAGS': '-I/c5/shared/chimera/1.11/include -I/c5/shared/openmpi/1.6.3/sge/6.2u4/gcc-4.6.2-gmp-4.3.2-mpfr-3.1.0-mpc-0.8.2--disable-dlopen/include -I/c5/shared/hdf5/1.8.10/include -I/c5/shared/git/1.8.2.1/include -I/c5/shared/cmake/3.0.2/include -I/c5/shared/gcc/4.6.2-gmp-4.3.2-mpfr-3.1.0-mpc-0.8.2/include -I/c5/shared/Python/2.7.5-shared/include -I/c5/shared/boost/1.54.0/python-2.7.5-shared/include -I/c5/shared/openbabel/2.3.2/python-2.7.3-shared/include -I/c5/shared/Oracle_java/jre/8/include -I/usr/share/pvm3/include'}"} 
{0: '0', 1: '1.48096811771', 2: 19.2198283265842, 3: '0', 4: '0'} 
{0: '1.0', 1: '1.29926323891', 2: 18.3741064975576, 3: '0.0', 4: '0.0'} 
{0: '1.0', 1: '1.13985228539', 2: 16.786655539834616, 3: '0.0', 4: '0.0'} 
{0: '1.0', 1: '1.0', 2: 16.729131336487093, 3: '0.0', 4: '0.0'} 
{0: '0.75', 1: '1.0', 2: 15.825098488419874, 3: '0.0', 4: '0.25'} 
{0: '0.8', 1: '1.13985228539', 2: 15.656333706305357, 3: '0.0', 4: '0.4'} 
{0: '0.833333333333', 1: '1.29926323891', 2: 16.323230478212036, 3: '0.0', 4: '0.333333333333'} 
{0: '0.857142857143', 1: '1.48096811771', 2: 16.986937142976803, 3: '0.0', 4: '0.285714285714'} 
{0: '0.875', 1: '1.68808495998', 2: 16.882072722480565, 3: '0.0', 4: '0.25'} 
{0: '0.888888888889', 1: '1.92416739464', 2: 17.17591585216793, 3: '0.0', 4: '0.222222222222'} 
{0: '0.9', 1: '2.19326663017', 2: 16.23471465278267, 3: '0.0', 4: '0.2'} 
{0: '0.818181818182', 1: '2.19326663017', 2: 16.4108525256199, 3: '0.0', 4: '0.181818181818'} 
{0: '0.833333333333', 1: '1.92416739464', 2: 17.39459092901208, 3: '0.0', 4: '0.166666666667'} 
{0: '0.846153846154', 1: '1.68808495998', 2: 16.22840185079963, 3: '0.0', 4: '0.153846153846'} 
{0: '0.785714285714', 1: '1.68808495998', 2: 17.351005673058495, 3: '0.0', 4: '0.142857142857'} 
{0: '0.8', 1: '1.92416739464', 2: 16.10714395303519, 3: '0.0', 4: '0.133333333333'} 
{0: '0.8125', 1: '2.19326663017', 2: 15.923331007296618, 3: '0.0', 4: '0.125'} 
{0: '0.823529411765', 1: '2.5', 2: 16.117212368381313, 3: '0.0', 4: '0.117647058824'} 
{0: '0.777777777778', 1: '2.5', 2: 16.264495236331015, 3: '0.0555555555556', 4: '0.111111111111'} 
{0: '0.789473684211', 1: '2.19326663017', 2: 17.45797845949592, 3: '0.105263157895', 4: '0.105263157895'} 
{0: '0.8', 1: '1.92416739464', 2: 17.937540100799684, 3: '0.1', 4: '0.1'} 
{0: '0.809523809524', 1: '1.68808495998', 2: 17.349943614492528, 3: '0.0952380952381', 4: '0.0952380952381'} 
{0: '0.818181818182', 1: '1.48096811771', 2: 17.23852224118131, 3: '0.0909090909091', 4: '0.0909090909091'} 
{0: '0.782608695652', 1: '1.48096811771', 2: 17.643532542227494, 3: '0.0869565217391', 4: '0.0869565217391'} 
{0: '0.791666666667', 1: '1.68808495998', 2: 16.855698951922445, 3: '0.0833333333333', 4: '0.0833333333333'} 
{0: '0.8', 1: '1.92416739464', 2: 11.871568664959725, 3: '0.08', 4: '0.08'} 
{0: '0.807692307692', 1: '2.19326663017', 2: 11.130228441592283, 3: '0.0769230769231', 4: '0.0769230769231'} 
{0: '0.814814814815', 1: '2.5', 2: 11.22836835439383, 3: '0.0740740740741', 4: '0.0740740740741'} 
{0: '0.785714285714', 1: '2.5', 2: 9.295040241679812, 3: '0.107142857143', 4: '0.0714285714286'} 
{0: '0.793103448276', 1: '2.19326663017', 2: 8.99042772481433, 3: '0.137931034483', 4: '0.0689655172414'} 
{0: '0.8', 1: '1.92416739464', 2: 10.49286267042133, 3: '0.133333333333', 4: '0.0666666666667'} 
{0: '0.806451612903', 1: '1.68808495998', 2: 8.584252377366274, 3: '0.129032258065', 4: '0.0645161290323'} 
{0: '0.8125', 1: '1.48096811771', 2: 11.876216786838807, 3: '0.125', 4: '0.0625'} 
{0: '0.818181818182', 1: '1.29926323891', 2: 8.717483040814518, 3: '0.121212121212', 4: '0.0606060606061'} 
{0: '0.823529411765', 1: '1.13985228539', 2: 9.863192645121938, 3: '0.117647058824', 4: '0.0588235294118'} 
{0: '0.8', 1: '1.13985228539', 2: 7.254371062543649, 3: '0.114285714286', 4: '0.0571428571429'} 
{0: '0.805555555556', 1: '1.29926323891', 2: 6.662327450261975, 3: '0.111111111111', 4: '0.0555555555556'} 
{0: '0.810810810811', 1: '1.48096811771', 2: 15.110217160168231, 3: '0.108108108108', 4: '0.0540540540541'} 
{0: '0.815789473684', 1: '1.68808495998', 2: 12.818981774999516, 3: '0.105263157895', 4: '0.0526315789474'} 
{0: '0.820512820513', 1: '1.92416739464', 2: 10.775583880219251, 3: '0.102564102564', 4: '0.0512820512821'} 
{0: '0.825', 1: '2.19326663017', 2: 9.10768297909334, 3: '0.1', 4: '0.05'} 
{0: '0.80487804878', 1: '2.19326663017', 2: 8.946962477100765, 3: '0.0975609756098', 4: '0.0487804878049'} 
{0: '0.809523809524', 1: '1.92416739464', 2: 7.948086081273956, 3: '0.0952380952381', 4: '0.047619047619'} 
{0: '0.813953488372', 1: '1.68808495998', 2: 6.160209757284129, 3: '0.093023255814', 4: '0.046511627907'} 
{0: '0.818181818182', 1: '1.48096811771', 2: 5.823547725193662, 3: '0.0909090909091', 4: '0.0454545454545'} 
{0: '0.822222222222', 1: '1.29926323891', 2: 5.6277137102439285, 3: '0.0888888888889', 4: '0.0444444444444'} 
{0: '0.826086956522', 1: '1.13985228539', 2: 6.233237730784355, 3: '0.0869565217391', 4: '0.0434782608696'} 
{0: '0.829787234043', 1: '1.0', 2: 6.3331358984993456, 3: '0.0851063829787', 4: '0.0425531914894'} 
{0: '0.8125', 1: '1.0', 2: 8.568730457963015, 3: '0.0833333333333', 4: '0.0625'} 
{0: '0.816326530612', 1: '1.13985228539', 2: 8.61838905999436, 3: '0.0816326530612', 4: '0.0816326530612'} 
{0: '0.82', 1: '1.29926323891', 2: 10.034186988150823, 3: '0.08', 4: '0.08'} 
{0: '0.823529411765', 1: '1.48096811771', 2: 5.673183191320424, 3: '0.078431372549', 4: '0.078431372549'} 
{0: '0.826923076923', 1: '1.68808495998', 2: 6.069029294848702, 3: '0.0769230769231', 4: '0.0769230769231'} 
{0: '0.830188679245', 1: '1.92416739464', 2: 6.487389212207092, 3: '0.0754716981132', 4: '0.0754716981132'} 
{0: '0.814814814815', 1: '1.92416739464', 2: 9.19522601437519, 3: '0.0740740740741', 4: '0.0740740740741'} 
{0: '0.818181818182', 1: '1.68808495998', 2: 9.44883358907856, 3: '0.0727272727273', 4: '0.0727272727273'} 
{0: '0.821428571429', 1: '1.48096811771', 2: 5.693771860165079, 3: '0.0714285714286', 4: '0.0714285714286'} 
{0: '0.824561403509', 1: '1.29926323891', 2: 5.549420358341118, 3: '0.0701754385965', 4: '0.0701754385965'} 
{0: '0.827586206897', 1: '1.13985228539', 2: 6.019573373823058, 3: '0.0689655172414', 4: '0.0689655172414'} 
{0: '0.830508474576', 1: '1.0', 2: 5.696147734669856, 3: '0.0677966101695', 4: '0.0677966101695'} 
{0: '0.833333333333', 1: '2.5', 2: 6.068663172648784, 3: '0.0666666666667', 4: '0.0833333333333'} 
{0: '0.83606557377', 1: '2.19326663017', 2: 5.993465237916628, 3: '0.0819672131148', 4: '0.0819672131148'} 
{0: '0.838709677419', 1: '1.92416739464', 2: 7.862416780622058, 3: '0.0806451612903', 4: '0.0806451612903'} 
{0: '0.84126984127', 1: '1.68808495998', 2: 9.978299233144405, 3: '0.0793650793651', 4: '0.0793650793651'} 
{0: '0.84375', 1: '1.48096811771', 2: 5.591245168945122, 3: '0.078125', 4: '0.078125'} 
{0: '0.846153846154', 1: '1.29926323891', 2: 6.503021588716075, 3: '0.0769230769231', 4: '0.0769230769231'} 
{0: '0.848484848485', 1: '1.13985228539', 2: 7.884368300430678, 3: '0.0757575757576', 4: '0.0757575757576'} 
{0: '0.850746268657', 1: '1.0', 2: 7.3495542571433505, 3: '0.0746268656716', 4: '0.0746268656716'} 
{0: '0.838235294118', 1: '1.0', 2: 7.560433418757458, 3: '0.0735294117647', 4: '0.0882352941176'} 
{0: '0.840579710145', 1: '1.13985228539', 2: 6.783293866256356, 3: '0.0724637681159', 4: '0.101449275362'} 
{0: '0.842857142857', 1: '1.29926323891', 2: 6.82637459800757, 3: '0.0714285714286', 4: '0.1'} 
{0: '0.845070422535', 1: '1.48096811771', 2: 6.871063592658352, 3: '0.0704225352113', 4: '0.0985915492958'} 
{0: '0.847222222222', 1: '1.68808495998', 2: 7.928280151982243, 3: '0.0694444444444', 4: '0.0972222222222'} 
{0: '0.849315068493', 1: '1.92416739464', 2: 8.629579815839197, 3: '0.0684931506849', 4: '0.0958904109589'} 
{0: '0.851351351351', 1: '2.19326663017', 2: 7.69887198713418, 3: '0.0675675675676', 4: '0.0945945945946'} 
{0: '0.84', 1: '2.19326663017', 2: 11.401371234674324, 3: '0.0666666666667', 4: '0.0933333333333'} 
{0: '0.842105263158', 1: '1.92416739464', 2: 7.623034611444543, 3: '0.0657894736842', 4: '0.0921052631579'} 
{0: '0.844155844156', 1: '1.68808495998', 2: 5.3185390263603765, 3: '0.0649350649351', 4: '0.0909090909091'} 
{0: '0.846153846154', 1: '1.48096811771', 2: 5.882928198821223, 3: '0.0641025641026', 4: '0.0897435897436'} 
{0: '0.848101265823', 1: '1.29926323891', 2: 5.689054243426514, 3: '0.0632911392405', 4: '0.0886075949367'} 
{0: '0.85', 1: '1.13985228539', 2: 6.994019272690403, 3: '0.0625', 4: '0.0875'} 
{0: '0.851851851852', 1: '1.0', 2: 10.197307219599109, 3: '0.0617283950617', 4: '0.0864197530864'} 
{0: '0.841463414634', 1: '1.0', 2: 6.277690906435511, 3: '0.0609756097561', 4: '0.0975609756098'} 
{0: '0.843373493976', 1: '1.13985228539', 2: 5.871998890126404, 3: '0.0602409638554', 4: '0.10843373494'} 
{0: '0.845238095238', 1: '1.29926323891', 2: 7.526316767903795, 3: '0.0595238095238', 4: '0.107142857143'} 
{0: '0.847058823529', 1: '1.48096811771', 2: 11.290739350429162, 3: '0.0588235294118', 4: '0.105882352941'} 
{0: '0.848837209302', 1: '1.68808495998', 2: 8.767018405976188, 3: '0.0581395348837', 4: '0.104651162791'} 
{0: '0.850574712644', 1: '1.92416739464', 2: 9.228482547194366, 3: '0.0574712643678', 4: '0.103448275862'} 
{0: '0.852272727273', 1: '2.19326663017', 2: 7.9659199220229215, 3: '0.0568181818182', 4: '0.102272727273'} 
{0: '0.85393258427', 1: '2.5', 2: 9.013624092639525, 3: '0.0561797752809', 4: '0.101123595506'} 
{0: '0.844444444444', 1: '2.5', 2: 8.321978160048316, 3: '0.0666666666667', 4: '0.1'} 
{0: '0.846153846154', 1: '2.19326663017', 2: 7.925661696175707, 3: '0.0769230769231', 4: '0.0989010989011'} 
{0: '0.847826086957', 1: '1.92416739464', 2: 7.407429213085431, 3: '0.0760869565217', 4: '0.0978260869565'} 
{0: '0.849462365591', 1: '1.68808495998', 2: 8.236644092951318, 3: '0.0752688172043', 4: '0.0967741935484'} 
{0: '0.851063829787', 1: '1.48096811771', 2: 8.916365971063552, 3: '0.0744680851064', 4: '0.0957446808511'} 
{0: '0.852631578947', 1: '1.29926323891', 2: 8.19779032019485, 3: '0.0736842105263', 4: '0.0947368421053'} 
{0: '0.854166666667', 1: '1.13985228539', 2: 8.042302154182158, 3: '0.0729166666667', 4: '0.09375'} 
{0: '0.855670103093', 1: '1.0', 2: 7.881620524467151, 3: '0.0721649484536', 4: '0.0927835051546'} 
{0: '0.84693877551', 1: '1.0', 2: 10.663801615882262, 3: '0.0714285714286', 4: '0.102040816327'} 
{0: '0.848484848485', 1: '1.13985228539', 2: 9.322531383643295, 3: '0.0707070707071', 4: '0.111111111111'} 
