{0: 'ReplicaExchange_SwapSuccessRatio', 1: 'ReplicaExchange_CurrentTemp', 2: 'score', 3: 'ReplicaExchange_MaxTempFrequency', 4: 'ReplicaExchange_MinTempFrequency', 'STAT2HEADER': 'STAT2HEADER', 'STAT2HEADER_IMP_VERSIONS': "{'PMI_VERSION': 'develop-a5ac050', 'IMP_VERSION': 'develop-a5ac050'}", 'STAT2HEADER_ENVIRON': "{'CPPFLAGS': '-I/c5/shared/chimera/1.11/include -I/c5/shared/openmpi/1.6.3/sge/6.2u4/gcc-4.6.2-gmp-4.3.2-mpfr-3.1.0-mpc-0.8.2--disable-dlopen/include -I/c5/shared/hdf5/1.8.10/include -I/c5/shared/git/1.8.2.1/include -I/c5/shared/cmake/3.0.2/include -I/c5/shared/gcc/4.6.2-gmp-4.3.2-mpfr-3.1.0-mpc-0.8.2/include -I/c5/shared/Python/2.7.5-shared/include -I/c5/shared/boost/1.54.0/python-2.7.5-shared/include -I/c5/shared/openbabel/2.3.2/python-2.7.3-shared/include -I/c5/shared/Oracle_java/jre/8/include', 'DBUS_SESSION_BUS_ADDRESS': 'unix:abstract=/tmp/dbus-8eCxv7Pec0,guid=682d57c811371dcc5569ec0059774852', 'COLORTERM': 'gnome-terminal', 'IMP_BIN_DIR': '/Bis/home/rpellari/imp-projects/imp-050517/imp-fast/bin', 'OMPI_MCA_orte_num_nodes': '1', 'OMPI_MCA_orte_app_num': '0', 'SHELL': '/bin/bash', 'LD_RUN_PATH': '/c5/shared/chimera/1.11/lib:/c5/shared/openmpi/1.6.3/sge/6.2u4/gcc-4.6.2-gmp-4.3.2-mpfr-3.1.0-mpc-0.8.2--disable-dlopen/lib:/c5/shared/hdf5/1.8.10/lib:/c5/shared/git/1.8.2.1/lib:/c5/shared/gcc/4.6.2-gmp-4.3.2-mpfr-3.1.0-mpc-0.8.2/lib64:/c5/shared/gcc/4.6.2-gmp-4.3.2-mpfr-3.1.0-mpc-0.8.2/lib:/c5/shared/Python/2.7.5-shared/lib:/c5/shared/boost/1.54.0/python-2.7.5-shared/lib:/c5/shared/openbabel/2.3.2/python-2.7.3-shared/lib:/c5/shared/Oracle_java/jre/8/lib', 'HISTSIZE': '1000', '__GL_SYNC_DISPLAY_DEVICE': '', 'MANPATH': '/c5/shared/chimera/1.11/share/man:/c5/shared/openmpi/1.6.3/sge/6.2u4/gcc-4.6.2-gmp-4.3.2-mpfr-3.1.0-mpc-0.8.2--disable-dlopen/share/man:/c5/shared/hdf5/1.8.10/share/man:/c5/shared/git/1.8.2.1/share/man:/c5/shared/cmake/3.0.2/share/man:/c5/shared/swig/2.0.4/share/man:/c5/shared/gcc/4.6.2-gmp-4.3.2-mpfr-3.1.0-mpc-0.8.2/share/man:/c5/shared/Python/2.7.5-shared/share/man:/c5/SGE/man:/c5/shared/xournal/0.4.5/share/man:/c5/shared/R/3.1.3/share/man:/c5/shared/povray/3.6.1/share/man:/c5/shared/openbabel/2.3.2/python-2.7.3-shared/share/man:/c5/shared/Oracle_java/jre/8/man:/c5/shared/apbs/1.2.1/share/man:/c5/shared/man:/usr/share/man:/usr/X11R6/man:/usr/local/man:/usr/kerberos/man:/usr/man', 'XMODIFIERS': '@im=none', 'PYTHONPATH': '/Bis/home/rpellari/imp-projects/imp-050517/imp-fast/lib:/Bis/home/rpellari/imp-projects/imp-050517/imp-fast/lib:/c5/shared/modeller/9v8/modlib:/c5/shared/modeller/9v8/lib/x86_64-intel8', 'ICMHOME': '/c5/shared/icm/3.7-2a', 'PVM_ARCH': 'LINUX64', 'MOLSOFTD_LICENSE_FILE': '/c5/shared/icm/license.dat', 'SGE_CLUSTER_NAME': 'BIS', 'MOLBROWSERPROHOME': '/usr/icm-browser-pro/', 'DESKTOP_SESSION': 'default', 'HOSTNAME': 'liberte.bis.pasteur.fr', 'OMPI_MCA_orte_ess_num_procs': '8', 'MAIL': '/var/spool/mail/rpellari', 'LS_COLORS': 'no=00:fi=00:di=00;34:ln=00;36:pi=40;33:so=00;35:bd=40;33;01:cd=40;33;01:or=01;05;37;41:mi=01;05;37;41:ex=00;32:*.cmd=00;32:*.exe=00;32:*.com=00;32:*.btm=00;32:*.bat=00;32:*.sh=00;32:*.csh=00;32:*.tar=00;31:*.tgz=00;31:*.arj=00;31:*.taz=00;31:*.lzh=00;31:*.zip=00;31:*.z=00;31:*.Z=00;31:*.gz=00;31:*.bz2=00;31:*.bz=00;31:*.tz=00;31:*.rpm=00;31:*.cpio=00;31:*.jpg=00;35:*.gif=00;35:*.bmp=00;35:*.xbm=00;35:*.xpm=00;35:*.png=00;35:*.tif=00;35:', 'SSH_ASKPASS': '/usr/libexec/openssh/gnome-ssh-askpass', 'KDE_IS_PRELINKED': '1', 'GNOME_DESKTOP_SESSION_ID': 'Default', 'OMPI_MCA_orte_num_restarts': '0', 'LESSOPEN': '|/usr/bin/lesspipe.sh %s', 'CVS_RSH': 'ssh', 'USER': 'rpellari', 'HOME': '/Bis/home/rpellari', '__GL_SINGLE_THREADED': '0', 'XAUTHORITY': '/tmp/.gdmMJTP3Y', 'SESSION_MANAGER': 'local/liberte.bis.pasteur.fr:/tmp/.ICE-unix/18584', 'SHLVL': '2', 'IMP_DATA': '/Bis/home/rpellari/imp-projects/imp-050517/imp-fast/data', 'IMP_EXAMPLE_DATA': '/Bis/home/rpellari/imp-projects/imp-050517/imp-fast/doc/examples', 'DISPLAY': ':0.0', 'OMPI_MCA_orte_local_daemon_uri': '1246953472.0;tcp://157.99.90.217:48210', 'WINDOWID': '22435983', 'MODULESHOME': '/usr/share/Modules', 'SGE_ROOT': '/c5/SGE', 'QTLIB': '/usr/lib64/qt-3.3/lib', 'OMPI_MCA_orte_ess_node_rank': '6', 'GDMSESSION': 'default', 'OMPI_COMM_WORLD_LOCAL_SIZE': '8', 'MODULEPATH': '/usr/share/Modules/modulefiles:/c5/shared/modulefiles:/Bis/home/rpellari/privatemodules', 'OMPI_MCA_orte_cpu_model': 'Intel(R) Xeon(R) CPU           E5410  @ 2.33GHz', 'OMPI_COMM_WORLD_NODE_RANK': '6', 'PVM_RSH': '/usr/bin/ssh', 'OMPI_MCA_orte_hnp_uri': '1246953472.0;tcp://157.99.90.217:48210', 'GTK_RC_FILES': '/etc/gtk/gtkrc:/Bis/home/rpellari/.gtkrc-1.2-gnome2', 'OMPI_COMM_WORLD_SIZE': '8', '_LMFILES_': '/usr/share/Modules/modulefiles/use.own:/usr/share/Modules/modulefiles/null:/c5/shared/modulefiles/c5/shared/bin:/c5/shared/modulefiles/manpath:/c5/shared/modulefiles/pvm:/c5/shared/modulefiles/apbs/default:/c5/shared/modulefiles/icm/3.7-2a:/c5/shared/modulefiles/modeller/9v8:/c5/shared/modulefiles/Oracle_java/jre/8:/c5/shared/modulefiles/jabref/3.2:/c5/shared/modulefiles/matlab/R2012b:/c5/shared/modulefiles/mathematica/7.0.1:/c5/shared/modulefiles/ncbi_tools/20090809/gnu:/c5/shared/modulefiles/openbabel/2.3.2/without-python:/c5/shared/modulefiles/povray/3.6.1:/c5/shared/modulefiles/R/3.1.3:/c5/shared/modulefiles/seamonkey/latest-is-2.r:/c5/shared/modulefiles/xournal/0.4.5:/c5/shared/modulefiles/vmd/latest:/c5/shared/modulefiles/BIS:/c5/shared/modulefiles/boost/1.54.0-python-2.7.5-shared:/c5/shared/modulefiles/python/2.7.5-shared:/c5/shared/modulefiles/gcc/4.6.2-gmp-4.3.2-mpfr-3.1.0-mpc-0.8.2:/c5/shared/modulefiles/swig/2.0.4:/c5/shared/modulefiles/cmake/3.0.2:/c5/shared/modulefiles/ninja/1.3.4:/c5/shared/modulefiles/git/1.8.2.1:/c5/shared/modulefiles/hdf5/1.8.10:/c5/shared/modulefiles/openmpi/1.6.3/gcc-4.6.2-gmp-4.3.2-mpfr-3.1.0-mpc-0.8.2--disable-dlopen:/c5/shared/modulefiles/chimera/1.b', 'CXXFLAGS': '-I/c5/shared/chimera/1.11/include -I/c5/shared/openmpi/1.6.3/sge/6.2u4/gcc-4.6.2-gmp-4.3.2-mpfr-3.1.0-mpc-0.8.2--disable-dlopen/include -I/c5/shared/hdf5/1.8.10/include -I/c5/shared/git/1.8.2.1/include -I/c5/shared/cmake/3.0.2/include -I/c5/shared/gcc/4.6.2-gmp-4.3.2-mpfr-3.1.0-mpc-0.8.2/include -I/c5/shared/Python/2.7.5-shared/include -I/c5/shared/boost/1.54.0/python-2.7.5-shared/include -I/c5/shared/openbabel/2.3.2/python-2.7.3-shared/include', 'QTDIR': '/usr/lib64/qt-3.3', '__GL_SYNC_TO_VBLANK': '0', 'LD_LIBRARY_PATH': '/Bis/home/rpellari/imp-projects/imp-050517/imp-fast/lib:/Bis/home/rpellari/imp-projects/imp-050517/imp-fast/lib:/c5/shared/chimera/1.11/lib:/c5/shared/openmpi/1.6.3/sge/6.2u4/gcc-4.6.2-gmp-4.3.2-mpfr-3.1.0-mpc-0.8.2--disable-dlopen/lib:/c5/shared/hdf5/1.8.10/lib:/c5/shared/git/1.8.2.1/lib:/c5/shared/gcc/4.6.2-gmp-4.3.2-mpfr-3.1.0-mpc-0.8.2/lib:/c5/shared/gcc/4.6.2-gmp-4.3.2-mpfr-3.1.0-mpc-0.8.2/lib64:/c5/shared/Python/2.7.5-shared/lib:/c5/shared/boost/1.54.0/python-2.7.5-shared/lib:/c5/shared/openbabel/2.3.2/python-2.7.3-shared/lib:/c5/shared/Oracle_java/jre/8/lib/amd64/server:/c5/shared/Oracle_java/jre/8/lib/amd64:/c5/shared/Oracle_java/jre/8/lib:/c5/shared/modeller/9v8/lib/x86_64-intel8', 'LANG': 'en_US.UTF-8', 'KDEDIR': '/usr', 'QTINC': '/usr/lib64/qt-3.3/include', 'NXDIR': '/usr/NX', 'G_BROKEN_FILENAMES': '1', 'IMP_TMP_DIR': '/Bis/home/rpellari/imp-projects/imp-050517/imp-fast/tmp', 'KDE_NO_IPV6': '1', 'OMPI_MCA_orte_precondition_transports': 'a439a2a1b2260542-7636a4b7649038db', 'PVM_ROOT': '/usr/share/pvm3', 'USERNAME': 'rpellari', 'GDM_XSERVER_LOCATION': 'local', '__GL_DEFAULT_LOG_ANISO': '0', 'OMPI_COMM_WORLD_LOCAL_RANK': '6', 'BASH_FUNC_module()': '() {  eval `/usr/bin/modulecmd bash $*`\\n}', 'OMPI_UNIVERSE_SIZE': '1', 'OMPI_COMM_WORLD_RANK': '6', 'OMPI_MCA_mpi_yield_when_idle': '0', 'OMPI_MCA_ess': 'env', 'OMPI_MCA_shmem_RUNTIME_QUERY_hint': 'mmap', 'OMPI_MCA_orte_ess_vpid': '6', 'SGE_CELL': 'default', 'LOGNAME': 'rpellari', 'PATH': '/Bis/home/rpellari/imp-projects/imp-050517/imp-fast/bin:/Bis/home/rpellari/imp-projects/imp-050517/imp-fast/module_bin/algebra:/Bis/home/rpellari/imp-projects/imp-050517/imp-fast/module_bin/atom:/Bis/home/rpellari/imp-projects/imp-050517/imp-fast/module_bin/bayesianem:/Bis/home/rpellari/imp-projects/imp-050517/imp-fast/module_bin/benchmark:/Bis/home/rpellari/imp-projects/imp-050517/imp-fast/module_bin/container:/Bis/home/rpellari/imp-projects/imp-050517/imp-fast/module_bin/core:/Bis/home/rpellari/imp-projects/imp-050517/imp-fast/module_bin/crosslinkms:/Bis/home/rpellari/imp-projects/imp-050517/imp-fast/module_bin/display:/Bis/home/rpellari/imp-projects/imp-050517/imp-fast/module_bin/domino:/Bis/home/rpellari/imp-projects/imp-050517/imp-fast/module_bin/em:/Bis/home/rpellari/imp-projects/imp-050517/imp-fast/module_bin/evcov:/Bis/home/rpellari/imp-projects/imp-050517/imp-fast/module_bin/example:/Bis/home/rpellari/imp-projects/imp-050517/imp-fast/module_bin/foxs:/Bis/home/rpellari/imp-projects/imp-050517/imp-fast/module_bin/gsl:/Bis/home/rpellari/imp-projects/imp-050517/imp-fast/module_bin/isd:/Bis/home/rpellari/imp-projects/imp-050517/imp-fast/module_bin/kernel:/Bis/home/rpellari/imp-projects/imp-050517/imp-fast/module_bin/kinematics:/Bis/home/rpellari/imp-projects/imp-050517/imp-fast/module_bin/kmeans:/Bis/home/rpellari/imp-projects/imp-050517/imp-fast/module_bin/misc:/Bis/home/rpellari/imp-projects/imp-050517/imp-fast/module_bin/modeller:/Bis/home/rpellari/imp-projects/imp-050517/imp-fast/module_bin/mpi:/Bis/home/rpellari/imp-projects/imp-050517/imp-fast/module_bin/multi_state:/Bis/home/rpellari/imp-projects/imp-050517/imp-fast/module_bin/parallel:/Bis/home/rpellari/imp-projects/imp-050517/imp-fast/module_bin/pepdock:/Bis/home/rpellari/imp-projects/imp-050517/imp-fast/module_bin/pmi:/Bis/home/rpellari/imp-projects/imp-050517/imp-fast/module_bin/quantxl:/Bis/home/rpellari/imp-projects/imp-050517/imp-fast/module_bin/rmf:/Bis/home/rpellari/imp-projects/imp-050517/imp-fast/module_bin/rotamer:/Bis/home/rpellari/imp-projects/imp-050517/imp-fast/module_bin/saxs:/Bis/home/rpellari/imp-projects/imp-050517/imp-fast/module_bin/saxs_merge:/Bis/home/rpellari/imp-projects/imp-050517/imp-fast/module_bin/score_functor:/Bis/home/rpellari/imp-projects/imp-050517/imp-fast/module_bin/scratch:/Bis/home/rpellari/imp-projects/imp-050517/imp-fast/module_bin/statistics:/Bis/home/rpellari/imp-projects/imp-050517/imp-fast/module_bin/symmetry:/Bis/home/rpellari/imp-projects/imp-050517/imp-fast/module_bin/test:/Bis/home/rpellari/imp-projects/imp-050517/imp-fast/bin:/Bis/home/rpellari/imp-projects/imp-050517/imp-fast/bin:/c5/shared/chimera/1.11/bin:/c5/shared/openmpi/1.6.3/sge/6.2u4/gcc-4.6.2-gmp-4.3.2-mpfr-3.1.0-mpc-0.8.2--disable-dlopen/bin:/c5/shared/hdf5/1.8.10/bin:/c5/shared/git/1.8.2.1/bin:/c5/shared/ninja/1.3.4:/c5/shared/cmake/3.0.2/bin:/c5/shared/swig/2.0.4/bin:/c5/shared/gcc/4.6.2-gmp-4.3.2-mpfr-3.1.0-mpc-0.8.2/bin:/c5/shared/Python/2.7.5-shared/bin:/Bis/home/rpellari/local/bin:/c5/SGE/bin/lx26-amd64:/Bis/home/rpellari/local/bin:/usr/lib64/qt-3.3/bin:/usr/kerberos/bin:/c5/SGE/bin/lx26-amd64:/c5/shared/vmd/vmd-1.9.1:/c5/shared/xournal/0.4.5/bin:/c5/shared/seamonkey/2.29/:/c5/shared/R/3.1.3/bin:/c5/shared/povray/3.6.1/bin/:/c5/shared/openbabel/2.3.2/python-2.7.3-shared/bin:/c5/shared/ncbi_tools/20090809/ncbi/bin:/c5/shared/Wolfram/Mathematica/7.0/Executables:/c5/shared/matlab/7.15/bin/:/c5/shared/Oracle_java/jre/8/bin:/c5/shared/JabRef/3.2:/c5/shared/modeller/9v8/bin/:/c5/shared/icm/3.7-2a:/c5/shared/apbs/1.2.1/bin/:/usr/share/pvm3/bin/LINUX64:/usr/share/pvm3/lib/LINUX64:/usr/share/pvm3/lib:/c5/shared/bin:/usr/local/bin:/usr/bin:/bin:/usr/X11R6/bin:/usr/NX/bin:/Bis/home/rpellari/bin:/usr/NX/bin', 'OMPI_MCA_orte_ess_jobid': '1246953473', 'SSH_AGENT_PID': '18623', 'TERM': 'xterm', 'OPAL_OUTPUT_STDERR_FD': '43', 'LDFLAGS': '-L/c5/shared/chimera/1.11/lib -L/c5/shared/openmpi/1.6.3/sge/6.2u4/gcc-4.6.2-gmp-4.3.2-mpfr-3.1.0-mpc-0.8.2--disable-dlopen/lib -L/c5/shared/hdf5/1.8.10/lib -L/c5/shared/git/1.8.2.1/lib -L/c5/shared/gcc/4.6.2-gmp-4.3.2-mpfr-3.1.0-mpc-0.8.2/lib -L/c5/shared/Python/2.7.5-shared/lib -L/c5/shared/boost/1.54.0/python-2.7.5-shared/lib -L/c5/shared/openbabel/2.3.2/python-2.7.3-shared/lib -L/c5/shared/Oracle_java/jre/8/lib -L/usr/share/pvm3/lib/LINUX64 -lpvm3', 'BIS': '/c5/shared', 'OMPI_MCA_orte_cpu_type': 'GenuineIntel', 'SSH_AUTH_SOCK': '/tmp/ssh-vpLNi18584/agent.18584', '__GL_FSAA_MODE': '0', 'GNOME_KEYRING_SOCKET': '/tmp/keyring-2eczAj/socket', 'LOADEDMODULES': 'use.own:null:c5/shared/bin:manpath:pvm:apbs/default:icm/3.7-2a:modeller/9v8:Oracle_java/jre/8:jabref/3.2:matlab/R2012b:mathematica/7.0.1:ncbi_tools/20090809/gnu:openbabel/2.3.2/without-python:povray/3.6.1:R/3.1.3:seamonkey/latest-is-2.r:xournal/0.4.5:vmd/latest:BIS:boost/1.54.0-python-2.7.5-shared:python/2.7.5-shared:gcc/4.6.2-gmp-4.3.2-mpfr-3.1.0-mpc-0.8.2:swig/2.0.4:cmake/3.0.2:ninja/1.3.4:git/1.8.2.1:hdf5/1.8.10:openmpi/1.6.3/gcc-4.6.2-gmp-4.3.2-mpfr-3.1.0-mpc-0.8.2--disable-dlopen:chimera/1.b', 'PWD': '/Bis/home/rpellari/imp-projects/imp-050517/imp_tutorial/rnapolii/modeling', 'DESKTOP_STARTUP_ID': '', 'CFLAGS': '-I/c5/shared/chimera/1.11/include -I/c5/shared/openmpi/1.6.3/sge/6.2u4/gcc-4.6.2-gmp-4.3.2-mpfr-3.1.0-mpc-0.8.2--disable-dlopen/include -I/c5/shared/hdf5/1.8.10/include -I/c5/shared/git/1.8.2.1/include -I/c5/shared/cmake/3.0.2/include -I/c5/shared/gcc/4.6.2-gmp-4.3.2-mpfr-3.1.0-mpc-0.8.2/include -I/c5/shared/Python/2.7.5-shared/include -I/c5/shared/boost/1.54.0/python-2.7.5-shared/include -I/c5/shared/openbabel/2.3.2/python-2.7.3-shared/include -I/c5/shared/Oracle_java/jre/8/include -I/usr/share/pvm3/include'}"} 
{0: '0', 1: '2.19326663017', 2: 17.517523355549113, 3: '0', 4: '0'} 
{0: '1.0', 1: '2.5', 2: 17.249536296560418, 3: '0.0', 4: '0.0'} 
{0: '1.0', 1: '1.0', 2: 16.800666738250893, 3: '0.5', 4: '0.0'} 
{0: '1.0', 1: '1.13985228539', 2: 16.855151412147425, 3: '0.333333333333', 4: '0.333333333333'} 
{0: '1.0', 1: '1.29926323891', 2: 15.682215584288677, 3: '0.25', 4: '0.25'} 
{0: '1.0', 1: '1.48096811771', 2: 16.062617939889925, 3: '0.2', 4: '0.2'} 
{0: '1.0', 1: '1.68808495998', 2: 14.688479015454517, 3: '0.166666666667', 4: '0.166666666667'} 
{0: '0.857142857143', 1: '1.68808495998', 2: 15.407779665566318, 3: '0.142857142857', 4: '0.142857142857'} 
{0: '0.875', 1: '1.48096811771', 2: 14.960914637563958, 3: '0.125', 4: '0.125'} 
{0: '0.888888888889', 1: '1.29926323891', 2: 12.1048318608372, 3: '0.111111111111', 4: '0.111111111111'} 
{0: '0.8', 1: '1.29926323891', 2: 14.374514150320875, 3: '0.1', 4: '0.1'} 
{0: '0.818181818182', 1: '1.48096811771', 2: 12.098953176934499, 3: '0.0909090909091', 4: '0.0909090909091'} 
{0: '0.833333333333', 1: '1.68808495998', 2: 8.82334005866873, 3: '0.0833333333333', 4: '0.0833333333333'} 
{0: '0.846153846154', 1: '1.92416739464', 2: 7.690453544903783, 3: '0.0769230769231', 4: '0.0769230769231'} 
{0: '0.857142857143', 1: '2.19326663017', 2: 10.56009253449693, 3: '0.0714285714286', 4: '0.0714285714286'} 
{0: '0.866666666667', 1: '2.5', 2: 10.119633673781054, 3: '0.0666666666667', 4: '0.0666666666667'} 
{0: '0.8125', 1: '2.5', 2: 11.106541002596233, 3: '0.125', 4: '0.0625'} 
{0: '0.823529411765', 1: '2.19326663017', 2: 8.4469140116421, 3: '0.176470588235', 4: '0.0588235294118'} 
{0: '0.833333333333', 1: '1.92416739464', 2: 10.214326969718677, 3: '0.166666666667', 4: '0.0555555555556'} 
{0: '0.842105263158', 1: '1.68808495998', 2: 8.371010723625174, 3: '0.157894736842', 4: '0.0526315789474'} 
{0: '0.85', 1: '1.48096811771', 2: 9.08941745834973, 3: '0.15', 4: '0.05'} 
{0: '0.857142857143', 1: '1.29926323891', 2: 8.122197797975813, 3: '0.142857142857', 4: '0.047619047619'} 
{0: '0.863636363636', 1: '1.13985228539', 2: 6.882240585186276, 3: '0.136363636364', 4: '0.0454545454545'} 
{0: '0.869565217391', 1: '1.0', 2: 7.796589203362888, 3: '0.130434782609', 4: '0.0434782608696'} 
{0: '0.875', 1: '2.5', 2: 13.638952919636958, 3: '0.125', 4: '0.0833333333333'} 
{0: '0.88', 1: '2.19326663017', 2: 8.863523395110658, 3: '0.16', 4: '0.08'} 
{0: '0.884615384615', 1: '1.92416739464', 2: 11.922104980245832, 3: '0.153846153846', 4: '0.0769230769231'} 
{0: '0.888888888889', 1: '1.68808495998', 2: 13.855472285234686, 3: '0.148148148148', 4: '0.0740740740741'} 
{0: '0.892857142857', 1: '1.48096811771', 2: 12.177227521332329, 3: '0.142857142857', 4: '0.0714285714286'} 
{0: '0.896551724138', 1: '1.29926323891', 2: 13.987101195656923, 3: '0.137931034483', 4: '0.0689655172414'} 
{0: '0.866666666667', 1: '1.29926323891', 2: 14.549077524722357, 3: '0.133333333333', 4: '0.0666666666667'} 
{0: '0.870967741935', 1: '1.48096811771', 2: 13.441858339130174, 3: '0.129032258065', 4: '0.0645161290323'} 
{0: '0.875', 1: '1.68808495998', 2: 11.966078119062303, 3: '0.125', 4: '0.0625'} 
{0: '0.878787878788', 1: '1.92416739464', 2: 13.425407592294704, 3: '0.121212121212', 4: '0.0606060606061'} 
{0: '0.882352941176', 1: '2.19326663017', 2: 11.63713520459521, 3: '0.117647058824', 4: '0.0588235294118'} 
{0: '0.885714285714', 1: '2.5', 2: 11.410484707481586, 3: '0.114285714286', 4: '0.0571428571429'} 
{0: '0.861111111111', 1: '2.5', 2: 11.389088433513814, 3: '0.138888888889', 4: '0.0555555555556'} 
{0: '0.864864864865', 1: '2.19326663017', 2: 12.147802617927667, 3: '0.162162162162', 4: '0.0540540540541'} 
{0: '0.868421052632', 1: '1.92416739464', 2: 12.511158554399609, 3: '0.157894736842', 4: '0.0526315789474'} 
{0: '0.871794871795', 1: '1.68808495998', 2: 8.4071073681971, 3: '0.153846153846', 4: '0.0512820512821'} 
{0: '0.875', 1: '1.48096811771', 2: 9.095073507393622, 3: '0.15', 4: '0.05'} 
{0: '0.878048780488', 1: '1.29926323891', 2: 10.786319820212002, 3: '0.146341463415', 4: '0.0487804878049'} 
{0: '0.880952380952', 1: '1.13985228539', 2: 10.100764307263798, 3: '0.142857142857', 4: '0.047619047619'} 
{0: '0.883720930233', 1: '1.0', 2: 7.143593706870322, 3: '0.139534883721', 4: '0.046511627907'} 
{0: '0.863636363636', 1: '1.0', 2: 11.166157814238687, 3: '0.136363636364', 4: '0.0681818181818'} 
{0: '0.866666666667', 1: '1.13985228539', 2: 9.125781173403345, 3: '0.133333333333', 4: '0.0888888888889'} 
{0: '0.869565217391', 1: '1.29926323891', 2: 6.613654960705214, 3: '0.130434782609', 4: '0.0869565217391'} 
{0: '0.851063829787', 1: '1.29926323891', 2: 5.811811950196835, 3: '0.127659574468', 4: '0.0851063829787'} 
{0: '0.854166666667', 1: '1.13985228539', 2: 5.516717528275534, 3: '0.125', 4: '0.0833333333333'} 
{0: '0.857142857143', 1: '1.0', 2: 7.54853299158522, 3: '0.122448979592', 4: '0.0816326530612'} 
{0: '0.84', 1: '1.0', 2: 6.502477804875111, 3: '0.12', 4: '0.1'} 
{0: '0.823529411765', 1: '1.0', 2: 6.490106551899738, 3: '0.117647058824', 4: '0.117647058824'} 
{0: '0.807692307692', 1: '1.0', 2: 8.458997263690243, 3: '0.115384615385', 4: '0.134615384615'} 
{0: '0.811320754717', 1: '1.13985228539', 2: 6.612728733090522, 3: '0.11320754717', 4: '0.150943396226'} 
{0: '0.814814814815', 1: '1.29926323891', 2: 6.0643406446417165, 3: '0.111111111111', 4: '0.148148148148'} 
{0: '0.818181818182', 1: '1.48096811771', 2: 8.348339456622448, 3: '0.109090909091', 4: '0.145454545455'} 
{0: '0.821428571429', 1: '1.68808495998', 2: 7.292411502452822, 3: '0.107142857143', 4: '0.142857142857'} 
{0: '0.824561403509', 1: '1.92416739464', 2: 5.930473015137814, 3: '0.105263157895', 4: '0.140350877193'} 
{0: '0.827586206897', 1: '2.19326663017', 2: 7.506478475073543, 3: '0.103448275862', 4: '0.137931034483'} 
{0: '0.830508474576', 1: '2.5', 2: 5.908640825657309, 3: '0.101694915254', 4: '0.135593220339'} 
{0: '0.833333333333', 1: '1.0', 2: 6.747631630229204, 3: '0.116666666667', 4: '0.133333333333'} 
{0: '0.819672131148', 1: '1.0', 2: 9.199859875687475, 3: '0.114754098361', 4: '0.147540983607'} 
{0: '0.822580645161', 1: '2.5', 2: 7.420716342389546, 3: '0.112903225806', 4: '0.161290322581'} 
{0: '0.825396825397', 1: '2.19326663017', 2: 6.831571446810418, 3: '0.126984126984', 4: '0.15873015873'} 
{0: '0.828125', 1: '1.92416739464', 2: 6.038558481430616, 3: '0.125', 4: '0.15625'} 
{0: '0.830769230769', 1: '1.68808495998', 2: 6.342941896857553, 3: '0.123076923077', 4: '0.153846153846'} 
{0: '0.833333333333', 1: '1.48096811771', 2: 9.394199559005303, 3: '0.121212121212', 4: '0.151515151515'} 
{0: '0.835820895522', 1: '1.29926323891', 2: 7.163987258166291, 3: '0.119402985075', 4: '0.149253731343'} 
{0: '0.838235294118', 1: '1.13985228539', 2: 6.455020762415189, 3: '0.117647058824', 4: '0.147058823529'} 
{0: '0.840579710145', 1: '1.0', 2: 6.519674837930703, 3: '0.115942028986', 4: '0.144927536232'} 
{0: '0.828571428571', 1: '1.0', 2: 6.244032366511262, 3: '0.114285714286', 4: '0.157142857143'} 
{0: '0.830985915493', 1: '1.13985228539', 2: 6.649738792984818, 3: '0.112676056338', 4: '0.169014084507'} 
{0: '0.833333333333', 1: '1.29926323891', 2: 6.201711599900259, 3: '0.111111111111', 4: '0.166666666667'} 
{0: '0.821917808219', 1: '1.29926323891', 2: 6.384946453453973, 3: '0.109589041096', 4: '0.164383561644'} 
{0: '0.824324324324', 1: '1.13985228539', 2: 5.709613285391899, 3: '0.108108108108', 4: '0.162162162162'} 
{0: '0.826666666667', 1: '1.0', 2: 8.793823307187639, 3: '0.106666666667', 4: '0.16'} 
{0: '0.815789473684', 1: '1.0', 2: 6.779748408702141, 3: '0.105263157895', 4: '0.171052631579'} 
{0: '0.818181818182', 1: '1.13985228539', 2: 8.732389521080616, 3: '0.103896103896', 4: '0.181818181818'} 
{0: '0.807692307692', 1: '1.13985228539', 2: 9.58865982508927, 3: '0.102564102564', 4: '0.179487179487'} 
{0: '0.810126582278', 1: '1.0', 2: 6.757851755980492, 3: '0.101265822785', 4: '0.177215189873'} 
{0: '0.8', 1: '1.0', 2: 6.983390461534193, 3: '0.1', 4: '0.1875'} 
{0: '0.802469135802', 1: '1.13985228539', 2: 5.842339352498922, 3: '0.0987654320988', 4: '0.197530864198'} 
{0: '0.80487804878', 1: '1.29926323891', 2: 6.538286245414751, 3: '0.0975609756098', 4: '0.19512195122'} 
{0: '0.807228915663', 1: '1.48096811771', 2: 6.71518296076494, 3: '0.0963855421687', 4: '0.192771084337'} 
{0: '0.809523809524', 1: '1.68808495998', 2: 5.430961463581185, 3: '0.0952380952381', 4: '0.190476190476'} 
{0: '0.8', 1: '1.68808495998', 2: 7.84607731261167, 3: '0.0941176470588', 4: '0.188235294118'} 
{0: '0.802325581395', 1: '1.48096811771', 2: 6.500706306702494, 3: '0.093023255814', 4: '0.186046511628'} 
{0: '0.804597701149', 1: '1.29926323891', 2: 6.803840908040828, 3: '0.0919540229885', 4: '0.183908045977'} 
{0: '0.806818181818', 1: '1.13985228539', 2: 7.796164219235297, 3: '0.0909090909091', 4: '0.181818181818'} 
{0: '0.808988764045', 1: '1.0', 2: 6.949928658207684, 3: '0.0898876404494', 4: '0.179775280899'} 
{0: '0.8', 1: '1.0', 2: 5.651577935434655, 3: '0.0888888888889', 4: '0.188888888889'} 
{0: '0.802197802198', 1: '1.13985228539', 2: 6.3922810827975685, 3: '0.0879120879121', 4: '0.197802197802'} 
{0: '0.804347826087', 1: '1.29926323891', 2: 5.852689178193341, 3: '0.0869565217391', 4: '0.195652173913'} 
{0: '0.795698924731', 1: '1.29926323891', 2: 6.743445840153645, 3: '0.0860215053763', 4: '0.193548387097'} 
{0: '0.797872340426', 1: '1.13985228539', 2: 7.288351800559675, 3: '0.0851063829787', 4: '0.191489361702'} 
{0: '0.8', 1: '1.0', 2: 7.925286481553316, 3: '0.0842105263158', 4: '0.189473684211'} 
{0: '0.791666666667', 1: '1.0', 2: 6.082219794665478, 3: '0.0833333333333', 4: '0.197916666667'} 
{0: '0.79381443299', 1: '1.13985228539', 2: 8.72577649714636, 3: '0.0824742268041', 4: '0.20618556701'} 
{0: '0.795918367347', 1: '1.29926323891', 2: 6.863190437258617, 3: '0.0816326530612', 4: '0.204081632653'} 
{0: '0.787878787879', 1: '1.29926323891', 2: 6.610498688281501, 3: '0.0808080808081', 4: '0.20202020202'} 
