{0: 'ReplicaExchange_SwapSuccessRatio', 1: 'ReplicaExchange_CurrentTemp', 2: 'score', 3: 'ReplicaExchange_MaxTempFrequency', 4: 'ReplicaExchange_MinTempFrequency', 'STAT2HEADER': 'STAT2HEADER', 'STAT2HEADER_IMP_VERSIONS': "{'PMI_VERSION': 'develop-a5ac050', 'IMP_VERSION': 'develop-a5ac050'}", 'STAT2HEADER_ENVIRON': "{'CPPFLAGS': '-I/c5/shared/chimera/1.11/include -I/c5/shared/openmpi/1.6.3/sge/6.2u4/gcc-4.6.2-gmp-4.3.2-mpfr-3.1.0-mpc-0.8.2--disable-dlopen/include -I/c5/shared/hdf5/1.8.10/include -I/c5/shared/git/1.8.2.1/include -I/c5/shared/cmake/3.0.2/include -I/c5/shared/gcc/4.6.2-gmp-4.3.2-mpfr-3.1.0-mpc-0.8.2/include -I/c5/shared/Python/2.7.5-shared/include -I/c5/shared/boost/1.54.0/python-2.7.5-shared/include -I/c5/shared/openbabel/2.3.2/python-2.7.3-shared/include -I/c5/shared/Oracle_java/jre/8/include', 'DBUS_SESSION_BUS_ADDRESS': 'unix:abstract=/tmp/dbus-8eCxv7Pec0,guid=682d57c811371dcc5569ec0059774852', 'COLORTERM': 'gnome-terminal', 'IMP_BIN_DIR': '/Bis/home/rpellari/imp-projects/imp-050517/imp-fast/bin', 'OMPI_MCA_orte_num_nodes': '1', 'OMPI_MCA_orte_app_num': '0', 'SHELL': '/bin/bash', 'LD_RUN_PATH': '/c5/shared/chimera/1.11/lib:/c5/shared/openmpi/1.6.3/sge/6.2u4/gcc-4.6.2-gmp-4.3.2-mpfr-3.1.0-mpc-0.8.2--disable-dlopen/lib:/c5/shared/hdf5/1.8.10/lib:/c5/shared/git/1.8.2.1/lib:/c5/shared/gcc/4.6.2-gmp-4.3.2-mpfr-3.1.0-mpc-0.8.2/lib64:/c5/shared/gcc/4.6.2-gmp-4.3.2-mpfr-3.1.0-mpc-0.8.2/lib:/c5/shared/Python/2.7.5-shared/lib:/c5/shared/boost/1.54.0/python-2.7.5-shared/lib:/c5/shared/openbabel/2.3.2/python-2.7.3-shared/lib:/c5/shared/Oracle_java/jre/8/lib', 'HISTSIZE': '1000', '__GL_SYNC_DISPLAY_DEVICE': '', 'MANPATH': '/c5/shared/chimera/1.11/share/man:/c5/shared/openmpi/1.6.3/sge/6.2u4/gcc-4.6.2-gmp-4.3.2-mpfr-3.1.0-mpc-0.8.2--disable-dlopen/share/man:/c5/shared/hdf5/1.8.10/share/man:/c5/shared/git/1.8.2.1/share/man:/c5/shared/cmake/3.0.2/share/man:/c5/shared/swig/2.0.4/share/man:/c5/shared/gcc/4.6.2-gmp-4.3.2-mpfr-3.1.0-mpc-0.8.2/share/man:/c5/shared/Python/2.7.5-shared/share/man:/c5/SGE/man:/c5/shared/xournal/0.4.5/share/man:/c5/shared/R/3.1.3/share/man:/c5/shared/povray/3.6.1/share/man:/c5/shared/openbabel/2.3.2/python-2.7.3-shared/share/man:/c5/shared/Oracle_java/jre/8/man:/c5/shared/apbs/1.2.1/share/man:/c5/shared/man:/usr/share/man:/usr/X11R6/man:/usr/local/man:/usr/kerberos/man:/usr/man', 'XMODIFIERS': '@im=none', 'PYTHONPATH': '/Bis/home/rpellari/imp-projects/imp-050517/imp-fast/lib:/Bis/home/rpellari/imp-projects/imp-050517/imp-fast/lib:/c5/shared/modeller/9v8/modlib:/c5/shared/modeller/9v8/lib/x86_64-intel8', 'ICMHOME': '/c5/shared/icm/3.7-2a', 'PVM_ARCH': 'LINUX64', 'MOLSOFTD_LICENSE_FILE': '/c5/shared/icm/license.dat', 'SGE_CLUSTER_NAME': 'BIS', 'MOLBROWSERPROHOME': '/usr/icm-browser-pro/', 'DESKTOP_SESSION': 'default', 'HOSTNAME': 'liberte.bis.pasteur.fr', 'OMPI_MCA_orte_ess_num_procs': '8', 'MAIL': '/var/spool/mail/rpellari', 'LS_COLORS': 'no=00:fi=00:di=00;34:ln=00;36:pi=40;33:so=00;35:bd=40;33;01:cd=40;33;01:or=01;05;37;41:mi=01;05;37;41:ex=00;32:*.cmd=00;32:*.exe=00;32:*.com=00;32:*.btm=00;32:*.bat=00;32:*.sh=00;32:*.csh=00;32:*.tar=00;31:*.tgz=00;31:*.arj=00;31:*.taz=00;31:*.lzh=00;31:*.zip=00;31:*.z=00;31:*.Z=00;31:*.gz=00;31:*.bz2=00;31:*.bz=00;31:*.tz=00;31:*.rpm=00;31:*.cpio=00;31:*.jpg=00;35:*.gif=00;35:*.bmp=00;35:*.xbm=00;35:*.xpm=00;35:*.png=00;35:*.tif=00;35:', 'SSH_ASKPASS': '/usr/libexec/openssh/gnome-ssh-askpass', 'KDE_IS_PRELINKED': '1', 'GNOME_DESKTOP_SESSION_ID': 'Default', 'OMPI_MCA_orte_num_restarts': '0', 'LESSOPEN': '|/usr/bin/lesspipe.sh %s', 'CVS_RSH': 'ssh', 'USER': 'rpellari', 'HOME': '/Bis/home/rpellari', '__GL_SINGLE_THREADED': '0', 'XAUTHORITY': '/tmp/.gdmMJTP3Y', 'SESSION_MANAGER': 'local/liberte.bis.pasteur.fr:/tmp/.ICE-unix/18584', 'SHLVL': '2', 'IMP_DATA': '/Bis/home/rpellari/imp-projects/imp-050517/imp-fast/data', 'IMP_EXAMPLE_DATA': '/Bis/home/rpellari/imp-projects/imp-050517/imp-fast/doc/examples', 'DISPLAY': ':0.0', 'OMPI_MCA_orte_local_daemon_uri': '1246953472.0;tcp://157.99.90.217:48210', 'WINDOWID': '22435983', 'MODULESHOME': '/usr/share/Modules', 'SGE_ROOT': '/c5/SGE', 'QTLIB': '/usr/lib64/qt-3.3/lib', 'OMPI_MCA_orte_ess_node_rank': '1', 'GDMSESSION': 'default', 'OMPI_COMM_WORLD_LOCAL_SIZE': '8', 'MODULEPATH': '/usr/share/Modules/modulefiles:/c5/shared/modulefiles:/Bis/home/rpellari/privatemodules', 'OMPI_MCA_orte_cpu_model': 'Intel(R) Xeon(R) CPU           E5410  @ 2.33GHz', 'OMPI_COMM_WORLD_NODE_RANK': '1', 'PVM_RSH': '/usr/bin/ssh', 'OMPI_MCA_orte_hnp_uri': '1246953472.0;tcp://157.99.90.217:48210', 'GTK_RC_FILES': '/etc/gtk/gtkrc:/Bis/home/rpellari/.gtkrc-1.2-gnome2', 'OMPI_COMM_WORLD_SIZE': '8', '_LMFILES_': '/usr/share/Modules/modulefiles/use.own:/usr/share/Modules/modulefiles/null:/c5/shared/modulefiles/c5/shared/bin:/c5/shared/modulefiles/manpath:/c5/shared/modulefiles/pvm:/c5/shared/modulefiles/apbs/default:/c5/shared/modulefiles/icm/3.7-2a:/c5/shared/modulefiles/modeller/9v8:/c5/shared/modulefiles/Oracle_java/jre/8:/c5/shared/modulefiles/jabref/3.2:/c5/shared/modulefiles/matlab/R2012b:/c5/shared/modulefiles/mathematica/7.0.1:/c5/shared/modulefiles/ncbi_tools/20090809/gnu:/c5/shared/modulefiles/openbabel/2.3.2/without-python:/c5/shared/modulefiles/povray/3.6.1:/c5/shared/modulefiles/R/3.1.3:/c5/shared/modulefiles/seamonkey/latest-is-2.r:/c5/shared/modulefiles/xournal/0.4.5:/c5/shared/modulefiles/vmd/latest:/c5/shared/modulefiles/BIS:/c5/shared/modulefiles/boost/1.54.0-python-2.7.5-shared:/c5/shared/modulefiles/python/2.7.5-shared:/c5/shared/modulefiles/gcc/4.6.2-gmp-4.3.2-mpfr-3.1.0-mpc-0.8.2:/c5/shared/modulefiles/swig/2.0.4:/c5/shared/modulefiles/cmake/3.0.2:/c5/shared/modulefiles/ninja/1.3.4:/c5/shared/modulefiles/git/1.8.2.1:/c5/shared/modulefiles/hdf5/1.8.10:/c5/shared/modulefiles/openmpi/1.6.3/gcc-4.6.2-gmp-4.3.2-mpfr-3.1.0-mpc-0.8.2--disable-dlopen:/c5/shared/modulefiles/chimera/1.b', 'CXXFLAGS': '-I/c5/shared/chimera/1.11/include -I/c5/shared/openmpi/1.6.3/sge/6.2u4/gcc-4.6.2-gmp-4.3.2-mpfr-3.1.0-mpc-0.8.2--disable-dlopen/include -I/c5/shared/hdf5/1.8.10/include -I/c5/shared/git/1.8.2.1/include -I/c5/shared/cmake/3.0.2/include -I/c5/shared/gcc/4.6.2-gmp-4.3.2-mpfr-3.1.0-mpc-0.8.2/include -I/c5/shared/Python/2.7.5-shared/include -I/c5/shared/boost/1.54.0/python-2.7.5-shared/include -I/c5/shared/openbabel/2.3.2/python-2.7.3-shared/include', 'QTDIR': '/usr/lib64/qt-3.3', '__GL_SYNC_TO_VBLANK': '0', 'LD_LIBRARY_PATH': '/Bis/home/rpellari/imp-projects/imp-050517/imp-fast/lib:/Bis/home/rpellari/imp-projects/imp-050517/imp-fast/lib:/c5/shared/chimera/1.11/lib:/c5/shared/openmpi/1.6.3/sge/6.2u4/gcc-4.6.2-gmp-4.3.2-mpfr-3.1.0-mpc-0.8.2--disable-dlopen/lib:/c5/shared/hdf5/1.8.10/lib:/c5/shared/git/1.8.2.1/lib:/c5/shared/gcc/4.6.2-gmp-4.3.2-mpfr-3.1.0-mpc-0.8.2/lib:/c5/shared/gcc/4.6.2-gmp-4.3.2-mpfr-3.1.0-mpc-0.8.2/lib64:/c5/shared/Python/2.7.5-shared/lib:/c5/shared/boost/1.54.0/python-2.7.5-shared/lib:/c5/shared/openbabel/2.3.2/python-2.7.3-shared/lib:/c5/shared/Oracle_java/jre/8/lib/amd64/server:/c5/shared/Oracle_java/jre/8/lib/amd64:/c5/shared/Oracle_java/jre/8/lib:/c5/shared/modeller/9v8/lib/x86_64-intel8', 'LANG': 'en_US.UTF-8', 'KDEDIR': '/usr', 'QTINC': '/usr/lib64/qt-3.3/include', 'NXDIR': '/usr/NX', 'G_BROKEN_FILENAMES': '1', 'IMP_TMP_DIR': '/Bis/home/rpellari/imp-projects/imp-050517/imp-fast/tmp', 'KDE_NO_IPV6': '1', 'OMPI_MCA_orte_precondition_transports': 'a439a2a1b2260542-7636a4b7649038db', 'PVM_ROOT': '/usr/share/pvm3', 'USERNAME': 'rpellari', 'GDM_XSERVER_LOCATION': 'local', '__GL_DEFAULT_LOG_ANISO': '0', 'OMPI_COMM_WORLD_LOCAL_RANK': '1', 'BASH_FUNC_module()': '() {  eval `/usr/bin/modulecmd bash $*`\\n}', 'OMPI_UNIVERSE_SIZE': '1', 'OMPI_COMM_WORLD_RANK': '1', 'OMPI_MCA_mpi_yield_when_idle': '0', 'OMPI_MCA_ess': 'env', 'OMPI_MCA_shmem_RUNTIME_QUERY_hint': 'mmap', 'OMPI_MCA_orte_ess_vpid': '1', 'SGE_CELL': 'default', 'LOGNAME': 'rpellari', 'PATH': '/Bis/home/rpellari/imp-projects/imp-050517/imp-fast/bin:/Bis/home/rpellari/imp-projects/imp-050517/imp-fast/module_bin/algebra:/Bis/home/rpellari/imp-projects/imp-050517/imp-fast/module_bin/atom:/Bis/home/rpellari/imp-projects/imp-050517/imp-fast/module_bin/bayesianem:/Bis/home/rpellari/imp-projects/imp-050517/imp-fast/module_bin/benchmark:/Bis/home/rpellari/imp-projects/imp-050517/imp-fast/module_bin/container:/Bis/home/rpellari/imp-projects/imp-050517/imp-fast/module_bin/core:/Bis/home/rpellari/imp-projects/imp-050517/imp-fast/module_bin/crosslinkms:/Bis/home/rpellari/imp-projects/imp-050517/imp-fast/module_bin/display:/Bis/home/rpellari/imp-projects/imp-050517/imp-fast/module_bin/domino:/Bis/home/rpellari/imp-projects/imp-050517/imp-fast/module_bin/em:/Bis/home/rpellari/imp-projects/imp-050517/imp-fast/module_bin/evcov:/Bis/home/rpellari/imp-projects/imp-050517/imp-fast/module_bin/example:/Bis/home/rpellari/imp-projects/imp-050517/imp-fast/module_bin/foxs:/Bis/home/rpellari/imp-projects/imp-050517/imp-fast/module_bin/gsl:/Bis/home/rpellari/imp-projects/imp-050517/imp-fast/module_bin/isd:/Bis/home/rpellari/imp-projects/imp-050517/imp-fast/module_bin/kernel:/Bis/home/rpellari/imp-projects/imp-050517/imp-fast/module_bin/kinematics:/Bis/home/rpellari/imp-projects/imp-050517/imp-fast/module_bin/kmeans:/Bis/home/rpellari/imp-projects/imp-050517/imp-fast/module_bin/misc:/Bis/home/rpellari/imp-projects/imp-050517/imp-fast/module_bin/modeller:/Bis/home/rpellari/imp-projects/imp-050517/imp-fast/module_bin/mpi:/Bis/home/rpellari/imp-projects/imp-050517/imp-fast/module_bin/multi_state:/Bis/home/rpellari/imp-projects/imp-050517/imp-fast/module_bin/parallel:/Bis/home/rpellari/imp-projects/imp-050517/imp-fast/module_bin/pepdock:/Bis/home/rpellari/imp-projects/imp-050517/imp-fast/module_bin/pmi:/Bis/home/rpellari/imp-projects/imp-050517/imp-fast/module_bin/quantxl:/Bis/home/rpellari/imp-projects/imp-050517/imp-fast/module_bin/rmf:/Bis/home/rpellari/imp-projects/imp-050517/imp-fast/module_bin/rotamer:/Bis/home/rpellari/imp-projects/imp-050517/imp-fast/module_bin/saxs:/Bis/home/rpellari/imp-projects/imp-050517/imp-fast/module_bin/saxs_merge:/Bis/home/rpellari/imp-projects/imp-050517/imp-fast/module_bin/score_functor:/Bis/home/rpellari/imp-projects/imp-050517/imp-fast/module_bin/scratch:/Bis/home/rpellari/imp-projects/imp-050517/imp-fast/module_bin/statistics:/Bis/home/rpellari/imp-projects/imp-050517/imp-fast/module_bin/symmetry:/Bis/home/rpellari/imp-projects/imp-050517/imp-fast/module_bin/test:/Bis/home/rpellari/imp-projects/imp-050517/imp-fast/bin:/Bis/home/rpellari/imp-projects/imp-050517/imp-fast/bin:/c5/shared/chimera/1.11/bin:/c5/shared/openmpi/1.6.3/sge/6.2u4/gcc-4.6.2-gmp-4.3.2-mpfr-3.1.0-mpc-0.8.2--disable-dlopen/bin:/c5/shared/hdf5/1.8.10/bin:/c5/shared/git/1.8.2.1/bin:/c5/shared/ninja/1.3.4:/c5/shared/cmake/3.0.2/bin:/c5/shared/swig/2.0.4/bin:/c5/shared/gcc/4.6.2-gmp-4.3.2-mpfr-3.1.0-mpc-0.8.2/bin:/c5/shared/Python/2.7.5-shared/bin:/Bis/home/rpellari/local/bin:/c5/SGE/bin/lx26-amd64:/Bis/home/rpellari/local/bin:/usr/lib64/qt-3.3/bin:/usr/kerberos/bin:/c5/SGE/bin/lx26-amd64:/c5/shared/vmd/vmd-1.9.1:/c5/shared/xournal/0.4.5/bin:/c5/shared/seamonkey/2.29/:/c5/shared/R/3.1.3/bin:/c5/shared/povray/3.6.1/bin/:/c5/shared/openbabel/2.3.2/python-2.7.3-shared/bin:/c5/shared/ncbi_tools/20090809/ncbi/bin:/c5/shared/Wolfram/Mathematica/7.0/Executables:/c5/shared/matlab/7.15/bin/:/c5/shared/Oracle_java/jre/8/bin:/c5/shared/JabRef/3.2:/c5/shared/modeller/9v8/bin/:/c5/shared/icm/3.7-2a:/c5/shared/apbs/1.2.1/bin/:/usr/share/pvm3/bin/LINUX64:/usr/share/pvm3/lib/LINUX64:/usr/share/pvm3/lib:/c5/shared/bin:/usr/local/bin:/usr/bin:/bin:/usr/X11R6/bin:/usr/NX/bin:/Bis/home/rpellari/bin:/usr/NX/bin', 'OMPI_MCA_orte_ess_jobid': '1246953473', 'SSH_AGENT_PID': '18623', 'TERM': 'xterm', 'OPAL_OUTPUT_STDERR_FD': '28', 'LDFLAGS': '-L/c5/shared/chimera/1.11/lib -L/c5/shared/openmpi/1.6.3/sge/6.2u4/gcc-4.6.2-gmp-4.3.2-mpfr-3.1.0-mpc-0.8.2--disable-dlopen/lib -L/c5/shared/hdf5/1.8.10/lib -L/c5/shared/git/1.8.2.1/lib -L/c5/shared/gcc/4.6.2-gmp-4.3.2-mpfr-3.1.0-mpc-0.8.2/lib -L/c5/shared/Python/2.7.5-shared/lib -L/c5/shared/boost/1.54.0/python-2.7.5-shared/lib -L/c5/shared/openbabel/2.3.2/python-2.7.3-shared/lib -L/c5/shared/Oracle_java/jre/8/lib -L/usr/share/pvm3/lib/LINUX64 -lpvm3', 'BIS': '/c5/shared', 'OMPI_MCA_orte_cpu_type': 'GenuineIntel', 'SSH_AUTH_SOCK': '/tmp/ssh-vpLNi18584/agent.18584', '__GL_FSAA_MODE': '0', 'GNOME_KEYRING_SOCKET': '/tmp/keyring-2eczAj/socket', 'LOADEDMODULES': 'use.own:null:c5/shared/bin:manpath:pvm:apbs/default:icm/3.7-2a:modeller/9v8:Oracle_java/jre/8:jabref/3.2:matlab/R2012b:mathematica/7.0.1:ncbi_tools/20090809/gnu:openbabel/2.3.2/without-python:povray/3.6.1:R/3.1.3:seamonkey/latest-is-2.r:xournal/0.4.5:vmd/latest:BIS:boost/1.54.0-python-2.7.5-shared:python/2.7.5-shared:gcc/4.6.2-gmp-4.3.2-mpfr-3.1.0-mpc-0.8.2:swig/2.0.4:cmake/3.0.2:ninja/1.3.4:git/1.8.2.1:hdf5/1.8.10:openmpi/1.6.3/gcc-4.6.2-gmp-4.3.2-mpfr-3.1.0-mpc-0.8.2--disable-dlopen:chimera/1.b', 'PWD': '/Bis/home/rpellari/imp-projects/imp-050517/imp_tutorial/rnapolii/modeling', 'DESKTOP_STARTUP_ID': '', 'CFLAGS': '-I/c5/shared/chimera/1.11/include -I/c5/shared/openmpi/1.6.3/sge/6.2u4/gcc-4.6.2-gmp-4.3.2-mpfr-3.1.0-mpc-0.8.2--disable-dlopen/include -I/c5/shared/hdf5/1.8.10/include -I/c5/shared/git/1.8.2.1/include -I/c5/shared/cmake/3.0.2/include -I/c5/shared/gcc/4.6.2-gmp-4.3.2-mpfr-3.1.0-mpc-0.8.2/include -I/c5/shared/Python/2.7.5-shared/include -I/c5/shared/boost/1.54.0/python-2.7.5-shared/include -I/c5/shared/openbabel/2.3.2/python-2.7.3-shared/include -I/c5/shared/Oracle_java/jre/8/include -I/usr/share/pvm3/include'}"} 
{0: '0', 1: '1.13985228539', 2: 19.553138375323122, 3: '0', 4: '0'} 
{0: '1.0', 1: '1.0', 2: 18.833802866809027, 3: '0.0', 4: '0.0'} 
{0: '1.0', 1: '2.5', 2: 20.012274978033407, 3: '0.0', 4: '0.5'} 
{0: '1.0', 1: '2.19326663017', 2: 20.375044309424, 3: '0.333333333333', 4: '0.333333333333'} 
{0: '1.0', 1: '1.92416739464', 2: 18.315943211311932, 3: '0.25', 4: '0.25'} 
{0: '1.0', 1: '1.68808495998', 2: 18.21037313811748, 3: '0.2', 4: '0.2'} 
{0: '1.0', 1: '1.48096811771', 2: 17.02443970896747, 3: '0.166666666667', 4: '0.166666666667'} 
{0: '1.0', 1: '1.29926323891', 2: 17.492678586918014, 3: '0.142857142857', 4: '0.142857142857'} 
{0: '0.875', 1: '1.29926323891', 2: 16.54602522378403, 3: '0.125', 4: '0.125'} 
{0: '0.888888888889', 1: '1.48096811771', 2: 18.022601715634572, 3: '0.111111111111', 4: '0.111111111111'} 
{0: '0.9', 1: '1.68808495998', 2: 17.30802429909311, 3: '0.1', 4: '0.1'} 
{0: '0.909090909091', 1: '1.92416739464', 2: 14.549720219654956, 3: '0.0909090909091', 4: '0.0909090909091'} 
{0: '0.916666666667', 1: '2.19326663017', 2: 17.09951188582807, 3: '0.0833333333333', 4: '0.0833333333333'} 
{0: '0.846153846154', 1: '2.19326663017', 2: 16.429510718417507, 3: '0.0769230769231', 4: '0.0769230769231'} 
{0: '0.857142857143', 1: '1.92416739464', 2: 15.422363110108103, 3: '0.0714285714286', 4: '0.0714285714286'} 
{0: '0.866666666667', 1: '1.68808495998', 2: 14.750975618049504, 3: '0.0666666666667', 4: '0.0666666666667'} 
{0: '0.8125', 1: '1.68808495998', 2: 15.115825648586315, 3: '0.0625', 4: '0.0625'} 
{0: '0.823529411765', 1: '1.92416739464', 2: 16.251222235915865, 3: '0.0588235294118', 4: '0.0588235294118'} 
{0: '0.833333333333', 1: '2.19326663017', 2: 16.85208269271768, 3: '0.0555555555556', 4: '0.0555555555556'} 
{0: '0.842105263158', 1: '2.5', 2: 17.473777021122988, 3: '0.0526315789474', 4: '0.0526315789474'} 
{0: '0.8', 1: '2.5', 2: 16.770324297381187, 3: '0.1', 4: '0.05'} 
{0: '0.809523809524', 1: '2.19326663017', 2: 18.422676259052082, 3: '0.142857142857', 4: '0.047619047619'} 
{0: '0.818181818182', 1: '1.92416739464', 2: 17.385863420851102, 3: '0.136363636364', 4: '0.0454545454545'} 
{0: '0.782608695652', 1: '1.92416739464', 2: 17.403975386123083, 3: '0.130434782609', 4: '0.0434782608696'} 
{0: '0.791666666667', 1: '2.19326663017', 2: 19.37206160389377, 3: '0.125', 4: '0.0416666666667'} 
{0: '0.8', 1: '2.5', 2: 17.808574819779807, 3: '0.12', 4: '0.04'} 
{0: '0.769230769231', 1: '2.5', 2: 16.995460163873364, 3: '0.153846153846', 4: '0.0384615384615'} 
{0: '0.777777777778', 1: '2.19326663017', 2: 14.332286275985112, 3: '0.185185185185', 4: '0.037037037037'} 
{0: '0.75', 1: '2.19326663017', 2: 14.511875165733885, 3: '0.178571428571', 4: '0.0357142857143'} 
{0: '0.758620689655', 1: '2.5', 2: 13.815897585759124, 3: '0.172413793103', 4: '0.0344827586207'} 
{0: '0.733333333333', 1: '2.5', 2: 13.942686515489468, 3: '0.2', 4: '0.0333333333333'} 
{0: '0.741935483871', 1: '2.19326663017', 2: 13.470632774101704, 3: '0.225806451613', 4: '0.0322580645161'} 
{0: '0.75', 1: '1.92416739464', 2: 10.488496361840376, 3: '0.21875', 4: '0.03125'} 
{0: '0.757575757576', 1: '1.68808495998', 2: 9.685297435066294, 3: '0.212121212121', 4: '0.030303030303'} 
{0: '0.764705882353', 1: '1.48096811771', 2: 7.145327693905936, 3: '0.205882352941', 4: '0.0294117647059'} 
{0: '0.771428571429', 1: '1.29926323891', 2: 7.037862103167934, 3: '0.2', 4: '0.0285714285714'} 
{0: '0.777777777778', 1: '1.13985228539', 2: 6.368288785123158, 3: '0.194444444444', 4: '0.0277777777778'} 
{0: '0.783783783784', 1: '1.0', 2: 7.966980006329133, 3: '0.189189189189', 4: '0.027027027027'} 
{0: '0.763157894737', 1: '1.0', 2: 7.176157948683284, 3: '0.184210526316', 4: '0.0526315789474'} 
{0: '0.769230769231', 1: '1.13985228539', 2: 6.562563290758119, 3: '0.179487179487', 4: '0.0769230769231'} 
{0: '0.775', 1: '1.29926323891', 2: 8.946424500690703, 3: '0.175', 4: '0.075'} 
{0: '0.780487804878', 1: '1.48096811771', 2: 6.978580176840096, 3: '0.170731707317', 4: '0.0731707317073'} 
{0: '0.785714285714', 1: '1.68808495998', 2: 10.03070959064554, 3: '0.166666666667', 4: '0.0714285714286'} 
{0: '0.790697674419', 1: '1.92416739464', 2: 6.8929013768805065, 3: '0.162790697674', 4: '0.0697674418605'} 
{0: '0.772727272727', 1: '1.92416739464', 2: 12.707997686614101, 3: '0.159090909091', 4: '0.0681818181818'} 
{0: '0.777777777778', 1: '1.68808495998', 2: 13.6304858082072, 3: '0.155555555556', 4: '0.0666666666667'} 
{0: '0.782608695652', 1: '1.48096811771', 2: 14.450576642219886, 3: '0.152173913043', 4: '0.0652173913043'} 
{0: '0.765957446809', 1: '1.48096811771', 2: 13.72933030051042, 3: '0.148936170213', 4: '0.063829787234'} 
{0: '0.770833333333', 1: '1.68808495998', 2: 14.145114595914524, 3: '0.145833333333', 4: '0.0625'} 
{0: '0.775510204082', 1: '1.92416739464', 2: 13.270306896427128, 3: '0.142857142857', 4: '0.0612244897959'} 
{0: '0.78', 1: '2.19326663017', 2: 12.806981529957914, 3: '0.14', 4: '0.06'} 
{0: '0.764705882353', 1: '2.19326663017', 2: 14.717117033734322, 3: '0.137254901961', 4: '0.0588235294118'} 
{0: '0.769230769231', 1: '1.92416739464', 2: 13.969866926048345, 3: '0.134615384615', 4: '0.0576923076923'} 
{0: '0.77358490566', 1: '1.68808495998', 2: 13.138752895015179, 3: '0.132075471698', 4: '0.0566037735849'} 
{0: '0.759259259259', 1: '1.68808495998', 2: 13.401798442015052, 3: '0.12962962963', 4: '0.0555555555556'} 
{0: '0.763636363636', 1: '1.92416739464', 2: 11.382368217802153, 3: '0.127272727273', 4: '0.0545454545455'} 
{0: '0.767857142857', 1: '2.19326663017', 2: 12.355087027648326, 3: '0.125', 4: '0.0535714285714'} 
{0: '0.754385964912', 1: '2.19326663017', 2: 7.512430347714475, 3: '0.122807017544', 4: '0.0526315789474'} 
{0: '0.758620689655', 1: '1.92416739464', 2: 8.170184119385356, 3: '0.120689655172', 4: '0.051724137931'} 
{0: '0.762711864407', 1: '1.68808495998', 2: 7.714348159922222, 3: '0.118644067797', 4: '0.0508474576271'} 
{0: '0.766666666667', 1: '1.48096811771', 2: 9.110243451750865, 3: '0.116666666667', 4: '0.05'} 
{0: '0.770491803279', 1: '1.29926323891', 2: 7.347372293171517, 3: '0.114754098361', 4: '0.0491803278689'} 
{0: '0.774193548387', 1: '1.13985228539', 2: 11.639643381335205, 3: '0.112903225806', 4: '0.0483870967742'} 
{0: '0.777777777778', 1: '1.0', 2: 11.99579554822633, 3: '0.111111111111', 4: '0.047619047619'} 
{0: '0.78125', 1: '2.5', 2: 13.613941886913302, 3: '0.109375', 4: '0.0625'} 
{0: '0.784615384615', 1: '2.19326663017', 2: 13.131859652760559, 3: '0.123076923077', 4: '0.0615384615385'} 
{0: '0.787878787879', 1: '1.92416739464', 2: 13.708482357236754, 3: '0.121212121212', 4: '0.0606060606061'} 
{0: '0.776119402985', 1: '1.92416739464', 2: 12.842135641675613, 3: '0.119402985075', 4: '0.0597014925373'} 
{0: '0.779411764706', 1: '2.19326663017', 2: 15.180840512432859, 3: '0.117647058824', 4: '0.0588235294118'} 
{0: '0.782608695652', 1: '2.5', 2: 14.43173189296393, 3: '0.115942028986', 4: '0.0579710144928'} 
{0: '0.771428571429', 1: '2.5', 2: 15.66663427410744, 3: '0.128571428571', 4: '0.0571428571429'} 
{0: '0.774647887324', 1: '2.19326663017', 2: 16.944397589652663, 3: '0.140845070423', 4: '0.056338028169'} 
{0: '0.777777777778', 1: '1.92416739464', 2: 14.837421846363439, 3: '0.138888888889', 4: '0.0555555555556'} 
{0: '0.780821917808', 1: '1.68808495998', 2: 15.349857450912333, 3: '0.13698630137', 4: '0.0547945205479'} 
{0: '0.783783783784', 1: '1.48096811771', 2: 16.280918237504903, 3: '0.135135135135', 4: '0.0540540540541'} 
{0: '0.773333333333', 1: '1.48096811771', 2: 17.99355958177994, 3: '0.133333333333', 4: '0.0533333333333'} 
{0: '0.776315789474', 1: '1.68808495998', 2: 19.304757652567094, 3: '0.131578947368', 4: '0.0526315789474'} 
{0: '0.779220779221', 1: '1.92416739464', 2: 19.54222906014481, 3: '0.12987012987', 4: '0.0519480519481'} 
{0: '0.782051282051', 1: '2.19326663017', 2: 18.911266913304903, 3: '0.128205128205', 4: '0.0512820512821'} 
{0: '0.784810126582', 1: '2.5', 2: 20.56825332088506, 3: '0.126582278481', 4: '0.0506329113924'} 
{0: '0.775', 1: '2.5', 2: 18.86673308472078, 3: '0.1375', 4: '0.05'} 
{0: '0.777777777778', 1: '2.19326663017', 2: 19.09017862992586, 3: '0.148148148148', 4: '0.0493827160494'} 
{0: '0.780487804878', 1: '1.92416739464', 2: 19.861447433987134, 3: '0.146341463415', 4: '0.0487804878049'} 
{0: '0.771084337349', 1: '1.92416739464', 2: 18.785183051182422, 3: '0.144578313253', 4: '0.0481927710843'} 
{0: '0.77380952381', 1: '2.19326663017', 2: 19.553436958470293, 3: '0.142857142857', 4: '0.047619047619'} 
{0: '0.776470588235', 1: '2.5', 2: 19.235097467531713, 3: '0.141176470588', 4: '0.0470588235294'} 
{0: '0.767441860465', 1: '2.5', 2: 19.440469461133752, 3: '0.151162790698', 4: '0.046511627907'} 
{0: '0.770114942529', 1: '2.19326663017', 2: 19.485083286648383, 3: '0.16091954023', 4: '0.0459770114943'} 
{0: '0.772727272727', 1: '1.92416739464', 2: 18.70540717409671, 3: '0.159090909091', 4: '0.0454545454545'} 
{0: '0.76404494382', 1: '1.92416739464', 2: 19.393485904351117, 3: '0.157303370787', 4: '0.0449438202247'} 
{0: '0.766666666667', 1: '2.19326663017', 2: 19.913031831249718, 3: '0.155555555556', 4: '0.0444444444444'} 
{0: '0.769230769231', 1: '2.5', 2: 17.80063432986285, 3: '0.153846153846', 4: '0.043956043956'} 
{0: '0.760869565217', 1: '2.5', 2: 17.88851783832209, 3: '0.163043478261', 4: '0.0434782608696'} 
{0: '0.763440860215', 1: '2.19326663017', 2: 17.13900070934111, 3: '0.172043010753', 4: '0.0430107526882'} 
{0: '0.765957446809', 1: '1.92416739464', 2: 17.782274341073766, 3: '0.170212765957', 4: '0.0425531914894'} 
{0: '0.757894736842', 1: '1.92416739464', 2: 18.19226485289708, 3: '0.168421052632', 4: '0.0421052631579'} 
{0: '0.760416666667', 1: '2.19326663017', 2: 17.499213431865797, 3: '0.166666666667', 4: '0.0416666666667'} 
{0: '0.762886597938', 1: '2.5', 2: 17.639320969509622, 3: '0.164948453608', 4: '0.0412371134021'} 
{0: '0.755102040816', 1: '2.5', 2: 18.04422974290434, 3: '0.173469387755', 4: '0.0408163265306'} 
{0: '0.757575757576', 1: '2.19326663017', 2: 18.46815740477885, 3: '0.181818181818', 4: '0.040404040404'} 
