{0: 'ReplicaExchange_SwapSuccessRatio', 1: 'ReplicaExchange_CurrentTemp', 2: 'score', 3: 'ReplicaExchange_MaxTempFrequency', 4: 'ReplicaExchange_MinTempFrequency', 'STAT2HEADER': 'STAT2HEADER', 'STAT2HEADER_IMP_VERSIONS': "{'PMI_VERSION': 'develop-a5ac050', 'IMP_VERSION': 'develop-a5ac050'}", 'STAT2HEADER_ENVIRON': "{'CPPFLAGS': '-I/c5/shared/chimera/1.11/include -I/c5/shared/openmpi/1.6.3/sge/6.2u4/gcc-4.6.2-gmp-4.3.2-mpfr-3.1.0-mpc-0.8.2--disable-dlopen/include -I/c5/shared/hdf5/1.8.10/include -I/c5/shared/git/1.8.2.1/include -I/c5/shared/cmake/3.0.2/include -I/c5/shared/gcc/4.6.2-gmp-4.3.2-mpfr-3.1.0-mpc-0.8.2/include -I/c5/shared/Python/2.7.5-shared/include -I/c5/shared/boost/1.54.0/python-2.7.5-shared/include -I/c5/shared/openbabel/2.3.2/python-2.7.3-shared/include -I/c5/shared/Oracle_java/jre/8/include', 'DBUS_SESSION_BUS_ADDRESS': 'unix:abstract=/tmp/dbus-8eCxv7Pec0,guid=682d57c811371dcc5569ec0059774852', 'COLORTERM': 'gnome-terminal', 'IMP_BIN_DIR': '/Bis/home/rpellari/imp-projects/imp-050517/imp-fast/bin', 'OMPI_MCA_orte_num_nodes': '1', 'OMPI_MCA_orte_app_num': '0', 'SHELL': '/bin/bash', 'LD_RUN_PATH': '/c5/shared/chimera/1.11/lib:/c5/shared/openmpi/1.6.3/sge/6.2u4/gcc-4.6.2-gmp-4.3.2-mpfr-3.1.0-mpc-0.8.2--disable-dlopen/lib:/c5/shared/hdf5/1.8.10/lib:/c5/shared/git/1.8.2.1/lib:/c5/shared/gcc/4.6.2-gmp-4.3.2-mpfr-3.1.0-mpc-0.8.2/lib64:/c5/shared/gcc/4.6.2-gmp-4.3.2-mpfr-3.1.0-mpc-0.8.2/lib:/c5/shared/Python/2.7.5-shared/lib:/c5/shared/boost/1.54.0/python-2.7.5-shared/lib:/c5/shared/openbabel/2.3.2/python-2.7.3-shared/lib:/c5/shared/Oracle_java/jre/8/lib', 'HISTSIZE': '1000', '__GL_SYNC_DISPLAY_DEVICE': '', 'MANPATH': '/c5/shared/chimera/1.11/share/man:/c5/shared/openmpi/1.6.3/sge/6.2u4/gcc-4.6.2-gmp-4.3.2-mpfr-3.1.0-mpc-0.8.2--disable-dlopen/share/man:/c5/shared/hdf5/1.8.10/share/man:/c5/shared/git/1.8.2.1/share/man:/c5/shared/cmake/3.0.2/share/man:/c5/shared/swig/2.0.4/share/man:/c5/shared/gcc/4.6.2-gmp-4.3.2-mpfr-3.1.0-mpc-0.8.2/share/man:/c5/shared/Python/2.7.5-shared/share/man:/c5/SGE/man:/c5/shared/xournal/0.4.5/share/man:/c5/shared/R/3.1.3/share/man:/c5/shared/povray/3.6.1/share/man:/c5/shared/openbabel/2.3.2/python-2.7.3-shared/share/man:/c5/shared/Oracle_java/jre/8/man:/c5/shared/apbs/1.2.1/share/man:/c5/shared/man:/usr/share/man:/usr/X11R6/man:/usr/local/man:/usr/kerberos/man:/usr/man', 'XMODIFIERS': '@im=none', 'PYTHONPATH': '/Bis/home/rpellari/imp-projects/imp-050517/imp-fast/lib:/Bis/home/rpellari/imp-projects/imp-050517/imp-fast/lib:/c5/shared/modeller/9v8/modlib:/c5/shared/modeller/9v8/lib/x86_64-intel8', 'ICMHOME': '/c5/shared/icm/3.7-2a', 'PVM_ARCH': 'LINUX64', 'MOLSOFTD_LICENSE_FILE': '/c5/shared/icm/license.dat', 'SGE_CLUSTER_NAME': 'BIS', 'MOLBROWSERPROHOME': '/usr/icm-browser-pro/', 'DESKTOP_SESSION': 'default', 'HOSTNAME': 'liberte.bis.pasteur.fr', 'OMPI_MCA_orte_ess_num_procs': '8', 'MAIL': '/var/spool/mail/rpellari', 'LS_COLORS': 'no=00:fi=00:di=00;34:ln=00;36:pi=40;33:so=00;35:bd=40;33;01:cd=40;33;01:or=01;05;37;41:mi=01;05;37;41:ex=00;32:*.cmd=00;32:*.exe=00;32:*.com=00;32:*.btm=00;32:*.bat=00;32:*.sh=00;32:*.csh=00;32:*.tar=00;31:*.tgz=00;31:*.arj=00;31:*.taz=00;31:*.lzh=00;31:*.zip=00;31:*.z=00;31:*.Z=00;31:*.gz=00;31:*.bz2=00;31:*.bz=00;31:*.tz=00;31:*.rpm=00;31:*.cpio=00;31:*.jpg=00;35:*.gif=00;35:*.bmp=00;35:*.xbm=00;35:*.xpm=00;35:*.png=00;35:*.tif=00;35:', 'SSH_ASKPASS': '/usr/libexec/openssh/gnome-ssh-askpass', 'KDE_IS_PRELINKED': '1', 'GNOME_DESKTOP_SESSION_ID': 'Default', 'OMPI_MCA_orte_num_restarts': '0', 'LESSOPEN': '|/usr/bin/lesspipe.sh %s', 'CVS_RSH': 'ssh', 'USER': 'rpellari', 'HOME': '/Bis/home/rpellari', '__GL_SINGLE_THREADED': '0', 'XAUTHORITY': '/tmp/.gdmMJTP3Y', 'SESSION_MANAGER': 'local/liberte.bis.pasteur.fr:/tmp/.ICE-unix/18584', 'SHLVL': '2', 'IMP_DATA': '/Bis/home/rpellari/imp-projects/imp-050517/imp-fast/data', 'IMP_EXAMPLE_DATA': '/Bis/home/rpellari/imp-projects/imp-050517/imp-fast/doc/examples', 'DISPLAY': ':0.0', 'OMPI_MCA_orte_local_daemon_uri': '1246953472.0;tcp://157.99.90.217:48210', 'WINDOWID': '22435983', 'MODULESHOME': '/usr/share/Modules', 'SGE_ROOT': '/c5/SGE', 'QTLIB': '/usr/lib64/qt-3.3/lib', 'OMPI_MCA_orte_ess_node_rank': '0', 'GDMSESSION': 'default', 'OMPI_COMM_WORLD_LOCAL_SIZE': '8', 'MODULEPATH': '/usr/share/Modules/modulefiles:/c5/shared/modulefiles:/Bis/home/rpellari/privatemodules', 'OMPI_MCA_orte_cpu_model': 'Intel(R) Xeon(R) CPU           E5410  @ 2.33GHz', 'OMPI_COMM_WORLD_NODE_RANK': '0', 'PVM_RSH': '/usr/bin/ssh', 'OMPI_MCA_orte_hnp_uri': '1246953472.0;tcp://157.99.90.217:48210', 'GTK_RC_FILES': '/etc/gtk/gtkrc:/Bis/home/rpellari/.gtkrc-1.2-gnome2', 'OMPI_COMM_WORLD_SIZE': '8', '_LMFILES_': '/usr/share/Modules/modulefiles/use.own:/usr/share/Modules/modulefiles/null:/c5/shared/modulefiles/c5/shared/bin:/c5/shared/modulefiles/manpath:/c5/shared/modulefiles/pvm:/c5/shared/modulefiles/apbs/default:/c5/shared/modulefiles/icm/3.7-2a:/c5/shared/modulefiles/modeller/9v8:/c5/shared/modulefiles/Oracle_java/jre/8:/c5/shared/modulefiles/jabref/3.2:/c5/shared/modulefiles/matlab/R2012b:/c5/shared/modulefiles/mathematica/7.0.1:/c5/shared/modulefiles/ncbi_tools/20090809/gnu:/c5/shared/modulefiles/openbabel/2.3.2/without-python:/c5/shared/modulefiles/povray/3.6.1:/c5/shared/modulefiles/R/3.1.3:/c5/shared/modulefiles/seamonkey/latest-is-2.r:/c5/shared/modulefiles/xournal/0.4.5:/c5/shared/modulefiles/vmd/latest:/c5/shared/modulefiles/BIS:/c5/shared/modulefiles/boost/1.54.0-python-2.7.5-shared:/c5/shared/modulefiles/python/2.7.5-shared:/c5/shared/modulefiles/gcc/4.6.2-gmp-4.3.2-mpfr-3.1.0-mpc-0.8.2:/c5/shared/modulefiles/swig/2.0.4:/c5/shared/modulefiles/cmake/3.0.2:/c5/shared/modulefiles/ninja/1.3.4:/c5/shared/modulefiles/git/1.8.2.1:/c5/shared/modulefiles/hdf5/1.8.10:/c5/shared/modulefiles/openmpi/1.6.3/gcc-4.6.2-gmp-4.3.2-mpfr-3.1.0-mpc-0.8.2--disable-dlopen:/c5/shared/modulefiles/chimera/1.b', 'CXXFLAGS': '-I/c5/shared/chimera/1.11/include -I/c5/shared/openmpi/1.6.3/sge/6.2u4/gcc-4.6.2-gmp-4.3.2-mpfr-3.1.0-mpc-0.8.2--disable-dlopen/include -I/c5/shared/hdf5/1.8.10/include -I/c5/shared/git/1.8.2.1/include -I/c5/shared/cmake/3.0.2/include -I/c5/shared/gcc/4.6.2-gmp-4.3.2-mpfr-3.1.0-mpc-0.8.2/include -I/c5/shared/Python/2.7.5-shared/include -I/c5/shared/boost/1.54.0/python-2.7.5-shared/include -I/c5/shared/openbabel/2.3.2/python-2.7.3-shared/include', 'QTDIR': '/usr/lib64/qt-3.3', '__GL_SYNC_TO_VBLANK': '0', 'LD_LIBRARY_PATH': '/Bis/home/rpellari/imp-projects/imp-050517/imp-fast/lib:/Bis/home/rpellari/imp-projects/imp-050517/imp-fast/lib:/c5/shared/chimera/1.11/lib:/c5/shared/openmpi/1.6.3/sge/6.2u4/gcc-4.6.2-gmp-4.3.2-mpfr-3.1.0-mpc-0.8.2--disable-dlopen/lib:/c5/shared/hdf5/1.8.10/lib:/c5/shared/git/1.8.2.1/lib:/c5/shared/gcc/4.6.2-gmp-4.3.2-mpfr-3.1.0-mpc-0.8.2/lib:/c5/shared/gcc/4.6.2-gmp-4.3.2-mpfr-3.1.0-mpc-0.8.2/lib64:/c5/shared/Python/2.7.5-shared/lib:/c5/shared/boost/1.54.0/python-2.7.5-shared/lib:/c5/shared/openbabel/2.3.2/python-2.7.3-shared/lib:/c5/shared/Oracle_java/jre/8/lib/amd64/server:/c5/shared/Oracle_java/jre/8/lib/amd64:/c5/shared/Oracle_java/jre/8/lib:/c5/shared/modeller/9v8/lib/x86_64-intel8', 'LANG': 'en_US.UTF-8', 'KDEDIR': '/usr', 'QTINC': '/usr/lib64/qt-3.3/include', 'NXDIR': '/usr/NX', 'G_BROKEN_FILENAMES': '1', 'IMP_TMP_DIR': '/Bis/home/rpellari/imp-projects/imp-050517/imp-fast/tmp', 'KDE_NO_IPV6': '1', 'OMPI_MCA_orte_precondition_transports': 'a439a2a1b2260542-7636a4b7649038db', 'PVM_ROOT': '/usr/share/pvm3', 'USERNAME': 'rpellari', 'GDM_XSERVER_LOCATION': 'local', '__GL_DEFAULT_LOG_ANISO': '0', 'OMPI_COMM_WORLD_LOCAL_RANK': '0', 'BASH_FUNC_module()': '() {  eval `/usr/bin/modulecmd bash $*`\\n}', 'OMPI_UNIVERSE_SIZE': '1', 'OMPI_COMM_WORLD_RANK': '0', 'OMPI_MCA_mpi_yield_when_idle': '0', 'OMPI_MCA_ess': 'env', 'OMPI_MCA_shmem_RUNTIME_QUERY_hint': 'mmap', 'OMPI_MCA_orte_ess_vpid': '0', 'SGE_CELL': 'default', 'LOGNAME': 'rpellari', 'PATH': '/Bis/home/rpellari/imp-projects/imp-050517/imp-fast/bin:/Bis/home/rpellari/imp-projects/imp-050517/imp-fast/module_bin/algebra:/Bis/home/rpellari/imp-projects/imp-050517/imp-fast/module_bin/atom:/Bis/home/rpellari/imp-projects/imp-050517/imp-fast/module_bin/bayesianem:/Bis/home/rpellari/imp-projects/imp-050517/imp-fast/module_bin/benchmark:/Bis/home/rpellari/imp-projects/imp-050517/imp-fast/module_bin/container:/Bis/home/rpellari/imp-projects/imp-050517/imp-fast/module_bin/core:/Bis/home/rpellari/imp-projects/imp-050517/imp-fast/module_bin/crosslinkms:/Bis/home/rpellari/imp-projects/imp-050517/imp-fast/module_bin/display:/Bis/home/rpellari/imp-projects/imp-050517/imp-fast/module_bin/domino:/Bis/home/rpellari/imp-projects/imp-050517/imp-fast/module_bin/em:/Bis/home/rpellari/imp-projects/imp-050517/imp-fast/module_bin/evcov:/Bis/home/rpellari/imp-projects/imp-050517/imp-fast/module_bin/example:/Bis/home/rpellari/imp-projects/imp-050517/imp-fast/module_bin/foxs:/Bis/home/rpellari/imp-projects/imp-050517/imp-fast/module_bin/gsl:/Bis/home/rpellari/imp-projects/imp-050517/imp-fast/module_bin/isd:/Bis/home/rpellari/imp-projects/imp-050517/imp-fast/module_bin/kernel:/Bis/home/rpellari/imp-projects/imp-050517/imp-fast/module_bin/kinematics:/Bis/home/rpellari/imp-projects/imp-050517/imp-fast/module_bin/kmeans:/Bis/home/rpellari/imp-projects/imp-050517/imp-fast/module_bin/misc:/Bis/home/rpellari/imp-projects/imp-050517/imp-fast/module_bin/modeller:/Bis/home/rpellari/imp-projects/imp-050517/imp-fast/module_bin/mpi:/Bis/home/rpellari/imp-projects/imp-050517/imp-fast/module_bin/multi_state:/Bis/home/rpellari/imp-projects/imp-050517/imp-fast/module_bin/parallel:/Bis/home/rpellari/imp-projects/imp-050517/imp-fast/module_bin/pepdock:/Bis/home/rpellari/imp-projects/imp-050517/imp-fast/module_bin/pmi:/Bis/home/rpellari/imp-projects/imp-050517/imp-fast/module_bin/quantxl:/Bis/home/rpellari/imp-projects/imp-050517/imp-fast/module_bin/rmf:/Bis/home/rpellari/imp-projects/imp-050517/imp-fast/module_bin/rotamer:/Bis/home/rpellari/imp-projects/imp-050517/imp-fast/module_bin/saxs:/Bis/home/rpellari/imp-projects/imp-050517/imp-fast/module_bin/saxs_merge:/Bis/home/rpellari/imp-projects/imp-050517/imp-fast/module_bin/score_functor:/Bis/home/rpellari/imp-projects/imp-050517/imp-fast/module_bin/scratch:/Bis/home/rpellari/imp-projects/imp-050517/imp-fast/module_bin/statistics:/Bis/home/rpellari/imp-projects/imp-050517/imp-fast/module_bin/symmetry:/Bis/home/rpellari/imp-projects/imp-050517/imp-fast/module_bin/test:/Bis/home/rpellari/imp-projects/imp-050517/imp-fast/bin:/Bis/home/rpellari/imp-projects/imp-050517/imp-fast/bin:/c5/shared/chimera/1.11/bin:/c5/shared/openmpi/1.6.3/sge/6.2u4/gcc-4.6.2-gmp-4.3.2-mpfr-3.1.0-mpc-0.8.2--disable-dlopen/bin:/c5/shared/hdf5/1.8.10/bin:/c5/shared/git/1.8.2.1/bin:/c5/shared/ninja/1.3.4:/c5/shared/cmake/3.0.2/bin:/c5/shared/swig/2.0.4/bin:/c5/shared/gcc/4.6.2-gmp-4.3.2-mpfr-3.1.0-mpc-0.8.2/bin:/c5/shared/Python/2.7.5-shared/bin:/Bis/home/rpellari/local/bin:/c5/SGE/bin/lx26-amd64:/Bis/home/rpellari/local/bin:/usr/lib64/qt-3.3/bin:/usr/kerberos/bin:/c5/SGE/bin/lx26-amd64:/c5/shared/vmd/vmd-1.9.1:/c5/shared/xournal/0.4.5/bin:/c5/shared/seamonkey/2.29/:/c5/shared/R/3.1.3/bin:/c5/shared/povray/3.6.1/bin/:/c5/shared/openbabel/2.3.2/python-2.7.3-shared/bin:/c5/shared/ncbi_tools/20090809/ncbi/bin:/c5/shared/Wolfram/Mathematica/7.0/Executables:/c5/shared/matlab/7.15/bin/:/c5/shared/Oracle_java/jre/8/bin:/c5/shared/JabRef/3.2:/c5/shared/modeller/9v8/bin/:/c5/shared/icm/3.7-2a:/c5/shared/apbs/1.2.1/bin/:/usr/share/pvm3/bin/LINUX64:/usr/share/pvm3/lib/LINUX64:/usr/share/pvm3/lib:/c5/shared/bin:/usr/local/bin:/usr/bin:/bin:/usr/X11R6/bin:/usr/NX/bin:/Bis/home/rpellari/bin:/usr/NX/bin', 'OMPI_MCA_orte_ess_jobid': '1246953473', 'SSH_AGENT_PID': '18623', 'TERM': 'xterm', 'OPAL_OUTPUT_STDERR_FD': '24', 'LDFLAGS': '-L/c5/shared/chimera/1.11/lib -L/c5/shared/openmpi/1.6.3/sge/6.2u4/gcc-4.6.2-gmp-4.3.2-mpfr-3.1.0-mpc-0.8.2--disable-dlopen/lib -L/c5/shared/hdf5/1.8.10/lib -L/c5/shared/git/1.8.2.1/lib -L/c5/shared/gcc/4.6.2-gmp-4.3.2-mpfr-3.1.0-mpc-0.8.2/lib -L/c5/shared/Python/2.7.5-shared/lib -L/c5/shared/boost/1.54.0/python-2.7.5-shared/lib -L/c5/shared/openbabel/2.3.2/python-2.7.3-shared/lib -L/c5/shared/Oracle_java/jre/8/lib -L/usr/share/pvm3/lib/LINUX64 -lpvm3', 'BIS': '/c5/shared', 'OMPI_MCA_orte_cpu_type': 'GenuineIntel', 'SSH_AUTH_SOCK': '/tmp/ssh-vpLNi18584/agent.18584', '__GL_FSAA_MODE': '0', 'GNOME_KEYRING_SOCKET': '/tmp/keyring-2eczAj/socket', 'LOADEDMODULES': 'use.own:null:c5/shared/bin:manpath:pvm:apbs/default:icm/3.7-2a:modeller/9v8:Oracle_java/jre/8:jabref/3.2:matlab/R2012b:mathematica/7.0.1:ncbi_tools/20090809/gnu:openbabel/2.3.2/without-python:povray/3.6.1:R/3.1.3:seamonkey/latest-is-2.r:xournal/0.4.5:vmd/latest:BIS:boost/1.54.0-python-2.7.5-shared:python/2.7.5-shared:gcc/4.6.2-gmp-4.3.2-mpfr-3.1.0-mpc-0.8.2:swig/2.0.4:cmake/3.0.2:ninja/1.3.4:git/1.8.2.1:hdf5/1.8.10:openmpi/1.6.3/gcc-4.6.2-gmp-4.3.2-mpfr-3.1.0-mpc-0.8.2--disable-dlopen:chimera/1.b', 'PWD': '/Bis/home/rpellari/imp-projects/imp-050517/imp_tutorial/rnapolii/modeling', 'DESKTOP_STARTUP_ID': '', 'CFLAGS': '-I/c5/shared/chimera/1.11/include -I/c5/shared/openmpi/1.6.3/sge/6.2u4/gcc-4.6.2-gmp-4.3.2-mpfr-3.1.0-mpc-0.8.2--disable-dlopen/include -I/c5/shared/hdf5/1.8.10/include -I/c5/shared/git/1.8.2.1/include -I/c5/shared/cmake/3.0.2/include -I/c5/shared/gcc/4.6.2-gmp-4.3.2-mpfr-3.1.0-mpc-0.8.2/include -I/c5/shared/Python/2.7.5-shared/include -I/c5/shared/boost/1.54.0/python-2.7.5-shared/include -I/c5/shared/openbabel/2.3.2/python-2.7.3-shared/include -I/c5/shared/Oracle_java/jre/8/include -I/usr/share/pvm3/include'}"} 
{0: '0', 1: '1.0', 2: 20.23187404701599, 3: '0', 4: '0'} 
{0: '1.0', 1: '1.13985228539', 2: 18.7495704322323, 3: '0.0', 4: '1.0'} 
{0: '1.0', 1: '1.29926323891', 2: 17.86923314058761, 3: '0.0', 4: '0.5'} 
{0: '1.0', 1: '1.48096811771', 2: 18.209464293786574, 3: '0.0', 4: '0.333333333333'} 
{0: '1.0', 1: '1.68808495998', 2: 18.992668680392644, 3: '0.0', 4: '0.25'} 
{0: '1.0', 1: '1.92416739464', 2: 19.386597853214056, 3: '0.0', 4: '0.2'} 
{0: '1.0', 1: '2.19326663017', 2: 19.821138698809104, 3: '0.0', 4: '0.166666666667'} 
{0: '1.0', 1: '2.5', 2: 19.59588400559146, 3: '0.0', 4: '0.142857142857'} 
{0: '0.875', 1: '2.5', 2: 19.39194733671733, 3: '0.125', 4: '0.125'} 
{0: '0.777777777778', 1: '2.5', 2: 19.75853427503622, 3: '0.222222222222', 4: '0.111111111111'} 
{0: '0.7', 1: '2.5', 2: 20.11336972882154, 3: '0.3', 4: '0.1'} 
{0: '0.636363636364', 1: '2.5', 2: 20.380539723988754, 3: '0.363636363636', 4: '0.0909090909091'} 
{0: '0.583333333333', 1: '2.5', 2: 18.868038199580443, 3: '0.416666666667', 4: '0.0833333333333'} 
{0: '0.538461538462', 1: '2.5', 2: 18.87516337417249, 3: '0.461538461538', 4: '0.0769230769231'} 
{0: '0.5', 1: '2.5', 2: 18.433499287002846, 3: '0.5', 4: '0.0714285714286'} 
{0: '0.533333333333', 1: '2.19326663017', 2: 19.001078041877275, 3: '0.533333333333', 4: '0.0666666666667'} 
{0: '0.5625', 1: '1.92416739464', 2: 20.040225765311156, 3: '0.5', 4: '0.0625'} 
{0: '0.588235294118', 1: '1.68808495998', 2: 19.178480669824566, 3: '0.470588235294', 4: '0.0588235294118'} 
{0: '0.555555555556', 1: '1.68808495998', 2: 18.36234323793941, 3: '0.444444444444', 4: '0.0555555555556'} 
{0: '0.578947368421', 1: '1.92416739464', 2: 17.177258317038554, 3: '0.421052631579', 4: '0.0526315789474'} 
{0: '0.6', 1: '2.19326663017', 2: 18.205509869264123, 3: '0.4', 4: '0.05'} 
{0: '0.619047619048', 1: '2.5', 2: 17.620341355710007, 3: '0.380952380952', 4: '0.047619047619'} 
{0: '0.590909090909', 1: '2.5', 2: 17.0059853508587, 3: '0.409090909091', 4: '0.0454545454545'} 
{0: '0.608695652174', 1: '2.19326663017', 2: 17.306510051871324, 3: '0.434782608696', 4: '0.0434782608696'} 
{0: '0.625', 1: '1.92416739464', 2: 16.3762173983777, 3: '0.416666666667', 4: '0.0416666666667'} 
{0: '0.64', 1: '1.68808495998', 2: 16.54926507589613, 3: '0.4', 4: '0.04'} 
{0: '0.653846153846', 1: '1.48096811771', 2: 16.085893290977232, 3: '0.384615384615', 4: '0.0384615384615'} 
{0: '0.62962962963', 1: '1.48096811771', 2: 15.997614232941453, 3: '0.37037037037', 4: '0.037037037037'} 
{0: '0.642857142857', 1: '1.68808495998', 2: 14.91710493005523, 3: '0.357142857143', 4: '0.0357142857143'} 
{0: '0.655172413793', 1: '1.92416739464', 2: 14.442751543800343, 3: '0.344827586207', 4: '0.0344827586207'} 
{0: '0.666666666667', 1: '2.19326663017', 2: 12.55584186594788, 3: '0.333333333333', 4: '0.0333333333333'} 
{0: '0.677419354839', 1: '2.5', 2: 12.461032271601665, 3: '0.322580645161', 4: '0.0322580645161'} 
{0: '0.65625', 1: '2.5', 2: 12.630738867006036, 3: '0.34375', 4: '0.03125'} 
{0: '0.666666666667', 1: '2.19326663017', 2: 10.795627719492751, 3: '0.363636363636', 4: '0.030303030303'} 
{0: '0.676470588235', 1: '1.92416739464', 2: 12.772352361554356, 3: '0.352941176471', 4: '0.0294117647059'} 
{0: '0.685714285714', 1: '1.68808495998', 2: 17.07909226499622, 3: '0.342857142857', 4: '0.0285714285714'} 
{0: '0.666666666667', 1: '1.68808495998', 2: 17.369787555761757, 3: '0.333333333333', 4: '0.0277777777778'} 
{0: '0.675675675676', 1: '1.92416739464', 2: 16.346116021368672, 3: '0.324324324324', 4: '0.027027027027'} 
{0: '0.684210526316', 1: '2.19326663017', 2: 13.555139826128626, 3: '0.315789473684', 4: '0.0263157894737'} 
{0: '0.692307692308', 1: '2.5', 2: 13.687910576386713, 3: '0.307692307692', 4: '0.025641025641'} 
{0: '0.675', 1: '2.5', 2: 15.350576976155246, 3: '0.325', 4: '0.025'} 
{0: '0.658536585366', 1: '2.5', 2: 14.82525104492251, 3: '0.341463414634', 4: '0.0243902439024'} 
{0: '0.642857142857', 1: '2.5', 2: 16.347213739232693, 3: '0.357142857143', 4: '0.0238095238095'} 
{0: '0.651162790698', 1: '2.19326663017', 2: 15.036340341042806, 3: '0.372093023256', 4: '0.0232558139535'} 
{0: '0.636363636364', 1: '2.19326663017', 2: 16.973031711156423, 3: '0.363636363636', 4: '0.0227272727273'} 
{0: '0.644444444444', 1: '2.5', 2: 14.737745641008264, 3: '0.355555555556', 4: '0.0222222222222'} 
{0: '0.630434782609', 1: '2.5', 2: 16.840964577512445, 3: '0.369565217391', 4: '0.0217391304348'} 
{0: '0.63829787234', 1: '2.19326663017', 2: 13.03805774222342, 3: '0.382978723404', 4: '0.0212765957447'} 
{0: '0.625', 1: '2.19326663017', 2: 16.23408623436536, 3: '0.375', 4: '0.0208333333333'} 
{0: '0.632653061224', 1: '2.5', 2: 16.84587114060225, 3: '0.367346938776', 4: '0.0204081632653'} 
{0: '0.62', 1: '2.5', 2: 16.62395974498232, 3: '0.38', 4: '0.02'} 
{0: '0.607843137255', 1: '2.5', 2: 18.22875627742484, 3: '0.392156862745', 4: '0.0196078431373'} 
{0: '0.596153846154', 1: '2.5', 2: 17.34708585700621, 3: '0.403846153846', 4: '0.0192307692308'} 
{0: '0.603773584906', 1: '2.19326663017', 2: 21.051576031048388, 3: '0.415094339623', 4: '0.0188679245283'} 
{0: '0.592592592593', 1: '2.19326663017', 2: 20.243516368423357, 3: '0.407407407407', 4: '0.0185185185185'} 
{0: '0.6', 1: '2.5', 2: 20.05101605621206, 3: '0.4', 4: '0.0181818181818'} 
{0: '0.589285714286', 1: '2.5', 2: 18.9857053136499, 3: '0.410714285714', 4: '0.0178571428571'} 
{0: '0.578947368421', 1: '2.5', 2: 18.9188555815145, 3: '0.421052631579', 4: '0.0175438596491'} 
{0: '0.568965517241', 1: '2.5', 2: 19.163174047008614, 3: '0.431034482759', 4: '0.0172413793103'} 
{0: '0.576271186441', 1: '2.19326663017', 2: 18.59005106171475, 3: '0.440677966102', 4: '0.0169491525424'} 
{0: '0.583333333333', 1: '1.92416739464', 2: 19.254519070179363, 3: '0.433333333333', 4: '0.0166666666667'} 
{0: '0.590163934426', 1: '1.68808495998', 2: 20.46839478151719, 3: '0.426229508197', 4: '0.016393442623'} 
{0: '0.58064516129', 1: '1.68808495998', 2: 20.273176243465223, 3: '0.41935483871', 4: '0.0161290322581'} 
{0: '0.587301587302', 1: '1.92416739464', 2: 19.97810176769463, 3: '0.412698412698', 4: '0.015873015873'} 
{0: '0.59375', 1: '2.19326663017', 2: 19.84618184968767, 3: '0.40625', 4: '0.015625'} 
{0: '0.6', 1: '2.5', 2: 19.424224175391725, 3: '0.4', 4: '0.0153846153846'} 
{0: '0.590909090909', 1: '2.5', 2: 20.265903170208105, 3: '0.409090909091', 4: '0.0151515151515'} 
{0: '0.597014925373', 1: '2.19326663017', 2: 20.922734346547976, 3: '0.417910447761', 4: '0.0149253731343'} 
{0: '0.602941176471', 1: '1.92416739464', 2: 21.757519721288453, 3: '0.411764705882', 4: '0.0147058823529'} 
{0: '0.594202898551', 1: '1.92416739464', 2: 22.617525270640087, 3: '0.405797101449', 4: '0.0144927536232'} 
{0: '0.6', 1: '2.19326663017', 2: 22.649006562662144, 3: '0.4', 4: '0.0142857142857'} 
{0: '0.605633802817', 1: '2.5', 2: 21.92902637176382, 3: '0.394366197183', 4: '0.0140845070423'} 
{0: '0.597222222222', 1: '2.5', 2: 21.88199132598722, 3: '0.402777777778', 4: '0.0138888888889'} 
{0: '0.58904109589', 1: '2.5', 2: 21.272114157410627, 3: '0.41095890411', 4: '0.013698630137'} 
{0: '0.581081081081', 1: '2.5', 2: 21.236593478924686, 3: '0.418918918919', 4: '0.0135135135135'} 
{0: '0.573333333333', 1: '2.5', 2: 21.70351947122817, 3: '0.426666666667', 4: '0.0133333333333'} 
{0: '0.565789473684', 1: '2.5', 2: 21.973974491297184, 3: '0.434210526316', 4: '0.0131578947368'} 
{0: '0.571428571429', 1: '2.19326663017', 2: 20.90499432142996, 3: '0.441558441558', 4: '0.012987012987'} 
{0: '0.576923076923', 1: '1.92416739464', 2: 20.88816177166209, 3: '0.435897435897', 4: '0.0128205128205'} 
{0: '0.569620253165', 1: '1.92416739464', 2: 21.67169178210518, 3: '0.430379746835', 4: '0.0126582278481'} 
{0: '0.575', 1: '2.19326663017', 2: 20.96475871845057, 3: '0.425', 4: '0.0125'} 
{0: '0.58024691358', 1: '2.5', 2: 21.47476768557124, 3: '0.41975308642', 4: '0.0123456790123'} 
{0: '0.573170731707', 1: '2.5', 2: 24.333044018918248, 3: '0.426829268293', 4: '0.0121951219512'} 
{0: '0.578313253012', 1: '2.19326663017', 2: 22.618695547313376, 3: '0.433734939759', 4: '0.0120481927711'} 
{0: '0.583333333333', 1: '1.92416739464', 2: 20.69739138857463, 3: '0.428571428571', 4: '0.0119047619048'} 
{0: '0.576470588235', 1: '1.92416739464', 2: 21.136110472164564, 3: '0.423529411765', 4: '0.0117647058824'} 
{0: '0.581395348837', 1: '2.19326663017', 2: 20.245993051724458, 3: '0.418604651163', 4: '0.0116279069767'} 
{0: '0.586206896552', 1: '2.5', 2: 19.922218152241168, 3: '0.413793103448', 4: '0.0114942528736'} 
{0: '0.579545454545', 1: '2.5', 2: 19.56714590292042, 3: '0.420454545455', 4: '0.0113636363636'} 
{0: '0.584269662921', 1: '2.19326663017', 2: 19.59318592784537, 3: '0.426966292135', 4: '0.0112359550562'} 
{0: '0.588888888889', 1: '1.92416739464', 2: 20.042348770255167, 3: '0.422222222222', 4: '0.0111111111111'} 
{0: '0.582417582418', 1: '1.92416739464', 2: 20.0450294760055, 3: '0.417582417582', 4: '0.010989010989'} 
{0: '0.586956521739', 1: '2.19326663017', 2: 18.8283870032861, 3: '0.413043478261', 4: '0.0108695652174'} 
{0: '0.591397849462', 1: '2.5', 2: 18.83526004386534, 3: '0.408602150538', 4: '0.010752688172'} 
{0: '0.585106382979', 1: '2.5', 2: 18.516059227332093, 3: '0.414893617021', 4: '0.0106382978723'} 
{0: '0.589473684211', 1: '2.19326663017', 2: 18.56279941398745, 3: '0.421052631579', 4: '0.0105263157895'} 
{0: '0.59375', 1: '1.92416739464', 2: 18.507810782396223, 3: '0.416666666667', 4: '0.0104166666667'} 
{0: '0.59793814433', 1: '1.68808495998', 2: 19.267082075394537, 3: '0.412371134021', 4: '0.0103092783505'} 
{0: '0.602040816327', 1: '1.48096811771', 2: 18.788891553596816, 3: '0.408163265306', 4: '0.0102040816327'} 
{0: '0.59595959596', 1: '1.48096811771', 2: 19.37035958718062, 3: '0.40404040404', 4: '0.010101010101'} 
