{0: 'ReplicaExchange_SwapSuccessRatio', 1: 'ReplicaExchange_CurrentTemp', 2: 'score', 3: 'ReplicaExchange_MaxTempFrequency', 4: 'ReplicaExchange_MinTempFrequency', 'STAT2HEADER': 'STAT2HEADER', 'STAT2HEADER_IMP_VERSIONS': "{'PMI_VERSION': 'develop-a5ac050', 'IMP_VERSION': 'develop-a5ac050'}", 'STAT2HEADER_ENVIRON': "{'CPPFLAGS': '-I/c5/shared/chimera/1.11/include -I/c5/shared/openmpi/1.6.3/sge/6.2u4/gcc-4.6.2-gmp-4.3.2-mpfr-3.1.0-mpc-0.8.2--disable-dlopen/include -I/c5/shared/hdf5/1.8.10/include -I/c5/shared/git/1.8.2.1/include -I/c5/shared/cmake/3.0.2/include -I/c5/shared/gcc/4.6.2-gmp-4.3.2-mpfr-3.1.0-mpc-0.8.2/include -I/c5/shared/Python/2.7.5-shared/include -I/c5/shared/boost/1.54.0/python-2.7.5-shared/include -I/c5/shared/openbabel/2.3.2/python-2.7.3-shared/include -I/c5/shared/Oracle_java/jre/8/include', 'DBUS_SESSION_BUS_ADDRESS': 'unix:abstract=/tmp/dbus-8eCxv7Pec0,guid=682d57c811371dcc5569ec0059774852', 'COLORTERM': 'gnome-terminal', 'IMP_BIN_DIR': '/Bis/home/rpellari/imp-projects/imp-050517/imp-fast/bin', 'OMPI_MCA_orte_num_nodes': '1', 'OMPI_MCA_orte_app_num': '0', 'SHELL': '/bin/bash', 'LD_RUN_PATH': '/c5/shared/chimera/1.11/lib:/c5/shared/openmpi/1.6.3/sge/6.2u4/gcc-4.6.2-gmp-4.3.2-mpfr-3.1.0-mpc-0.8.2--disable-dlopen/lib:/c5/shared/hdf5/1.8.10/lib:/c5/shared/git/1.8.2.1/lib:/c5/shared/gcc/4.6.2-gmp-4.3.2-mpfr-3.1.0-mpc-0.8.2/lib64:/c5/shared/gcc/4.6.2-gmp-4.3.2-mpfr-3.1.0-mpc-0.8.2/lib:/c5/shared/Python/2.7.5-shared/lib:/c5/shared/boost/1.54.0/python-2.7.5-shared/lib:/c5/shared/openbabel/2.3.2/python-2.7.3-shared/lib:/c5/shared/Oracle_java/jre/8/lib', 'HISTSIZE': '1000', '__GL_SYNC_DISPLAY_DEVICE': '', 'MANPATH': '/c5/shared/chimera/1.11/share/man:/c5/shared/openmpi/1.6.3/sge/6.2u4/gcc-4.6.2-gmp-4.3.2-mpfr-3.1.0-mpc-0.8.2--disable-dlopen/share/man:/c5/shared/hdf5/1.8.10/share/man:/c5/shared/git/1.8.2.1/share/man:/c5/shared/cmake/3.0.2/share/man:/c5/shared/swig/2.0.4/share/man:/c5/shared/gcc/4.6.2-gmp-4.3.2-mpfr-3.1.0-mpc-0.8.2/share/man:/c5/shared/Python/2.7.5-shared/share/man:/c5/SGE/man:/c5/shared/xournal/0.4.5/share/man:/c5/shared/R/3.1.3/share/man:/c5/shared/povray/3.6.1/share/man:/c5/shared/openbabel/2.3.2/python-2.7.3-shared/share/man:/c5/shared/Oracle_java/jre/8/man:/c5/shared/apbs/1.2.1/share/man:/c5/shared/man:/usr/share/man:/usr/X11R6/man:/usr/local/man:/usr/kerberos/man:/usr/man', 'XMODIFIERS': '@im=none', 'PYTHONPATH': '/Bis/home/rpellari/imp-projects/imp-050517/imp-fast/lib:/Bis/home/rpellari/imp-projects/imp-050517/imp-fast/lib:/c5/shared/modeller/9v8/modlib:/c5/shared/modeller/9v8/lib/x86_64-intel8', 'ICMHOME': '/c5/shared/icm/3.7-2a', 'PVM_ARCH': 'LINUX64', 'MOLSOFTD_LICENSE_FILE': '/c5/shared/icm/license.dat', 'SGE_CLUSTER_NAME': 'BIS', 'MOLBROWSERPROHOME': '/usr/icm-browser-pro/', 'DESKTOP_SESSION': 'default', 'HOSTNAME': 'liberte.bis.pasteur.fr', 'OMPI_MCA_orte_ess_num_procs': '8', 'MAIL': '/var/spool/mail/rpellari', 'LS_COLORS': 'no=00:fi=00:di=00;34:ln=00;36:pi=40;33:so=00;35:bd=40;33;01:cd=40;33;01:or=01;05;37;41:mi=01;05;37;41:ex=00;32:*.cmd=00;32:*.exe=00;32:*.com=00;32:*.btm=00;32:*.bat=00;32:*.sh=00;32:*.csh=00;32:*.tar=00;31:*.tgz=00;31:*.arj=00;31:*.taz=00;31:*.lzh=00;31:*.zip=00;31:*.z=00;31:*.Z=00;31:*.gz=00;31:*.bz2=00;31:*.bz=00;31:*.tz=00;31:*.rpm=00;31:*.cpio=00;31:*.jpg=00;35:*.gif=00;35:*.bmp=00;35:*.xbm=00;35:*.xpm=00;35:*.png=00;35:*.tif=00;35:', 'SSH_ASKPASS': '/usr/libexec/openssh/gnome-ssh-askpass', 'KDE_IS_PRELINKED': '1', 'GNOME_DESKTOP_SESSION_ID': 'Default', 'OMPI_MCA_orte_num_restarts': '0', 'LESSOPEN': '|/usr/bin/lesspipe.sh %s', 'CVS_RSH': 'ssh', 'USER': 'rpellari', 'HOME': '/Bis/home/rpellari', '__GL_SINGLE_THREADED': '0', 'XAUTHORITY': '/tmp/.gdmMJTP3Y', 'SESSION_MANAGER': 'local/liberte.bis.pasteur.fr:/tmp/.ICE-unix/18584', 'SHLVL': '2', 'IMP_DATA': '/Bis/home/rpellari/imp-projects/imp-050517/imp-fast/data', 'IMP_EXAMPLE_DATA': '/Bis/home/rpellari/imp-projects/imp-050517/imp-fast/doc/examples', 'DISPLAY': ':0.0', 'OMPI_MCA_orte_local_daemon_uri': '1246953472.0;tcp://157.99.90.217:48210', 'WINDOWID': '22435983', 'MODULESHOME': '/usr/share/Modules', 'SGE_ROOT': '/c5/SGE', 'QTLIB': '/usr/lib64/qt-3.3/lib', 'OMPI_MCA_orte_ess_node_rank': '5', 'GDMSESSION': 'default', 'OMPI_COMM_WORLD_LOCAL_SIZE': '8', 'MODULEPATH': '/usr/share/Modules/modulefiles:/c5/shared/modulefiles:/Bis/home/rpellari/privatemodules', 'OMPI_MCA_orte_cpu_model': 'Intel(R) Xeon(R) CPU           E5410  @ 2.33GHz', 'OMPI_COMM_WORLD_NODE_RANK': '5', 'PVM_RSH': '/usr/bin/ssh', 'OMPI_MCA_orte_hnp_uri': '1246953472.0;tcp://157.99.90.217:48210', 'GTK_RC_FILES': '/etc/gtk/gtkrc:/Bis/home/rpellari/.gtkrc-1.2-gnome2', 'OMPI_COMM_WORLD_SIZE': '8', '_LMFILES_': '/usr/share/Modules/modulefiles/use.own:/usr/share/Modules/modulefiles/null:/c5/shared/modulefiles/c5/shared/bin:/c5/shared/modulefiles/manpath:/c5/shared/modulefiles/pvm:/c5/shared/modulefiles/apbs/default:/c5/shared/modulefiles/icm/3.7-2a:/c5/shared/modulefiles/modeller/9v8:/c5/shared/modulefiles/Oracle_java/jre/8:/c5/shared/modulefiles/jabref/3.2:/c5/shared/modulefiles/matlab/R2012b:/c5/shared/modulefiles/mathematica/7.0.1:/c5/shared/modulefiles/ncbi_tools/20090809/gnu:/c5/shared/modulefiles/openbabel/2.3.2/without-python:/c5/shared/modulefiles/povray/3.6.1:/c5/shared/modulefiles/R/3.1.3:/c5/shared/modulefiles/seamonkey/latest-is-2.r:/c5/shared/modulefiles/xournal/0.4.5:/c5/shared/modulefiles/vmd/latest:/c5/shared/modulefiles/BIS:/c5/shared/modulefiles/boost/1.54.0-python-2.7.5-shared:/c5/shared/modulefiles/python/2.7.5-shared:/c5/shared/modulefiles/gcc/4.6.2-gmp-4.3.2-mpfr-3.1.0-mpc-0.8.2:/c5/shared/modulefiles/swig/2.0.4:/c5/shared/modulefiles/cmake/3.0.2:/c5/shared/modulefiles/ninja/1.3.4:/c5/shared/modulefiles/git/1.8.2.1:/c5/shared/modulefiles/hdf5/1.8.10:/c5/shared/modulefiles/openmpi/1.6.3/gcc-4.6.2-gmp-4.3.2-mpfr-3.1.0-mpc-0.8.2--disable-dlopen:/c5/shared/modulefiles/chimera/1.b', 'CXXFLAGS': '-I/c5/shared/chimera/1.11/include -I/c5/shared/openmpi/1.6.3/sge/6.2u4/gcc-4.6.2-gmp-4.3.2-mpfr-3.1.0-mpc-0.8.2--disable-dlopen/include -I/c5/shared/hdf5/1.8.10/include -I/c5/shared/git/1.8.2.1/include -I/c5/shared/cmake/3.0.2/include -I/c5/shared/gcc/4.6.2-gmp-4.3.2-mpfr-3.1.0-mpc-0.8.2/include -I/c5/shared/Python/2.7.5-shared/include -I/c5/shared/boost/1.54.0/python-2.7.5-shared/include -I/c5/shared/openbabel/2.3.2/python-2.7.3-shared/include', 'QTDIR': '/usr/lib64/qt-3.3', '__GL_SYNC_TO_VBLANK': '0', 'LD_LIBRARY_PATH': '/Bis/home/rpellari/imp-projects/imp-050517/imp-fast/lib:/Bis/home/rpellari/imp-projects/imp-050517/imp-fast/lib:/c5/shared/chimera/1.11/lib:/c5/shared/openmpi/1.6.3/sge/6.2u4/gcc-4.6.2-gmp-4.3.2-mpfr-3.1.0-mpc-0.8.2--disable-dlopen/lib:/c5/shared/hdf5/1.8.10/lib:/c5/shared/git/1.8.2.1/lib:/c5/shared/gcc/4.6.2-gmp-4.3.2-mpfr-3.1.0-mpc-0.8.2/lib:/c5/shared/gcc/4.6.2-gmp-4.3.2-mpfr-3.1.0-mpc-0.8.2/lib64:/c5/shared/Python/2.7.5-shared/lib:/c5/shared/boost/1.54.0/python-2.7.5-shared/lib:/c5/shared/openbabel/2.3.2/python-2.7.3-shared/lib:/c5/shared/Oracle_java/jre/8/lib/amd64/server:/c5/shared/Oracle_java/jre/8/lib/amd64:/c5/shared/Oracle_java/jre/8/lib:/c5/shared/modeller/9v8/lib/x86_64-intel8', 'LANG': 'en_US.UTF-8', 'KDEDIR': '/usr', 'QTINC': '/usr/lib64/qt-3.3/include', 'NXDIR': '/usr/NX', 'G_BROKEN_FILENAMES': '1', 'IMP_TMP_DIR': '/Bis/home/rpellari/imp-projects/imp-050517/imp-fast/tmp', 'KDE_NO_IPV6': '1', 'OMPI_MCA_orte_precondition_transports': 'a439a2a1b2260542-7636a4b7649038db', 'PVM_ROOT': '/usr/share/pvm3', 'USERNAME': 'rpellari', 'GDM_XSERVER_LOCATION': 'local', '__GL_DEFAULT_LOG_ANISO': '0', 'OMPI_COMM_WORLD_LOCAL_RANK': '5', 'BASH_FUNC_module()': '() {  eval `/usr/bin/modulecmd bash $*`\\n}', 'OMPI_UNIVERSE_SIZE': '1', 'OMPI_COMM_WORLD_RANK': '5', 'OMPI_MCA_mpi_yield_when_idle': '0', 'OMPI_MCA_ess': 'env', 'OMPI_MCA_shmem_RUNTIME_QUERY_hint': 'mmap', 'OMPI_MCA_orte_ess_vpid': '5', 'SGE_CELL': 'default', 'LOGNAME': 'rpellari', 'PATH': '/Bis/home/rpellari/imp-projects/imp-050517/imp-fast/bin:/Bis/home/rpellari/imp-projects/imp-050517/imp-fast/module_bin/algebra:/Bis/home/rpellari/imp-projects/imp-050517/imp-fast/module_bin/atom:/Bis/home/rpellari/imp-projects/imp-050517/imp-fast/module_bin/bayesianem:/Bis/home/rpellari/imp-projects/imp-050517/imp-fast/module_bin/benchmark:/Bis/home/rpellari/imp-projects/imp-050517/imp-fast/module_bin/container:/Bis/home/rpellari/imp-projects/imp-050517/imp-fast/module_bin/core:/Bis/home/rpellari/imp-projects/imp-050517/imp-fast/module_bin/crosslinkms:/Bis/home/rpellari/imp-projects/imp-050517/imp-fast/module_bin/display:/Bis/home/rpellari/imp-projects/imp-050517/imp-fast/module_bin/domino:/Bis/home/rpellari/imp-projects/imp-050517/imp-fast/module_bin/em:/Bis/home/rpellari/imp-projects/imp-050517/imp-fast/module_bin/evcov:/Bis/home/rpellari/imp-projects/imp-050517/imp-fast/module_bin/example:/Bis/home/rpellari/imp-projects/imp-050517/imp-fast/module_bin/foxs:/Bis/home/rpellari/imp-projects/imp-050517/imp-fast/module_bin/gsl:/Bis/home/rpellari/imp-projects/imp-050517/imp-fast/module_bin/isd:/Bis/home/rpellari/imp-projects/imp-050517/imp-fast/module_bin/kernel:/Bis/home/rpellari/imp-projects/imp-050517/imp-fast/module_bin/kinematics:/Bis/home/rpellari/imp-projects/imp-050517/imp-fast/module_bin/kmeans:/Bis/home/rpellari/imp-projects/imp-050517/imp-fast/module_bin/misc:/Bis/home/rpellari/imp-projects/imp-050517/imp-fast/module_bin/modeller:/Bis/home/rpellari/imp-projects/imp-050517/imp-fast/module_bin/mpi:/Bis/home/rpellari/imp-projects/imp-050517/imp-fast/module_bin/multi_state:/Bis/home/rpellari/imp-projects/imp-050517/imp-fast/module_bin/parallel:/Bis/home/rpellari/imp-projects/imp-050517/imp-fast/module_bin/pepdock:/Bis/home/rpellari/imp-projects/imp-050517/imp-fast/module_bin/pmi:/Bis/home/rpellari/imp-projects/imp-050517/imp-fast/module_bin/quantxl:/Bis/home/rpellari/imp-projects/imp-050517/imp-fast/module_bin/rmf:/Bis/home/rpellari/imp-projects/imp-050517/imp-fast/module_bin/rotamer:/Bis/home/rpellari/imp-projects/imp-050517/imp-fast/module_bin/saxs:/Bis/home/rpellari/imp-projects/imp-050517/imp-fast/module_bin/saxs_merge:/Bis/home/rpellari/imp-projects/imp-050517/imp-fast/module_bin/score_functor:/Bis/home/rpellari/imp-projects/imp-050517/imp-fast/module_bin/scratch:/Bis/home/rpellari/imp-projects/imp-050517/imp-fast/module_bin/statistics:/Bis/home/rpellari/imp-projects/imp-050517/imp-fast/module_bin/symmetry:/Bis/home/rpellari/imp-projects/imp-050517/imp-fast/module_bin/test:/Bis/home/rpellari/imp-projects/imp-050517/imp-fast/bin:/Bis/home/rpellari/imp-projects/imp-050517/imp-fast/bin:/c5/shared/chimera/1.11/bin:/c5/shared/openmpi/1.6.3/sge/6.2u4/gcc-4.6.2-gmp-4.3.2-mpfr-3.1.0-mpc-0.8.2--disable-dlopen/bin:/c5/shared/hdf5/1.8.10/bin:/c5/shared/git/1.8.2.1/bin:/c5/shared/ninja/1.3.4:/c5/shared/cmake/3.0.2/bin:/c5/shared/swig/2.0.4/bin:/c5/shared/gcc/4.6.2-gmp-4.3.2-mpfr-3.1.0-mpc-0.8.2/bin:/c5/shared/Python/2.7.5-shared/bin:/Bis/home/rpellari/local/bin:/c5/SGE/bin/lx26-amd64:/Bis/home/rpellari/local/bin:/usr/lib64/qt-3.3/bin:/usr/kerberos/bin:/c5/SGE/bin/lx26-amd64:/c5/shared/vmd/vmd-1.9.1:/c5/shared/xournal/0.4.5/bin:/c5/shared/seamonkey/2.29/:/c5/shared/R/3.1.3/bin:/c5/shared/povray/3.6.1/bin/:/c5/shared/openbabel/2.3.2/python-2.7.3-shared/bin:/c5/shared/ncbi_tools/20090809/ncbi/bin:/c5/shared/Wolfram/Mathematica/7.0/Executables:/c5/shared/matlab/7.15/bin/:/c5/shared/Oracle_java/jre/8/bin:/c5/shared/JabRef/3.2:/c5/shared/modeller/9v8/bin/:/c5/shared/icm/3.7-2a:/c5/shared/apbs/1.2.1/bin/:/usr/share/pvm3/bin/LINUX64:/usr/share/pvm3/lib/LINUX64:/usr/share/pvm3/lib:/c5/shared/bin:/usr/local/bin:/usr/bin:/bin:/usr/X11R6/bin:/usr/NX/bin:/Bis/home/rpellari/bin:/usr/NX/bin', 'OMPI_MCA_orte_ess_jobid': '1246953473', 'SSH_AGENT_PID': '18623', 'TERM': 'xterm', 'OPAL_OUTPUT_STDERR_FD': '40', 'LDFLAGS': '-L/c5/shared/chimera/1.11/lib -L/c5/shared/openmpi/1.6.3/sge/6.2u4/gcc-4.6.2-gmp-4.3.2-mpfr-3.1.0-mpc-0.8.2--disable-dlopen/lib -L/c5/shared/hdf5/1.8.10/lib -L/c5/shared/git/1.8.2.1/lib -L/c5/shared/gcc/4.6.2-gmp-4.3.2-mpfr-3.1.0-mpc-0.8.2/lib -L/c5/shared/Python/2.7.5-shared/lib -L/c5/shared/boost/1.54.0/python-2.7.5-shared/lib -L/c5/shared/openbabel/2.3.2/python-2.7.3-shared/lib -L/c5/shared/Oracle_java/jre/8/lib -L/usr/share/pvm3/lib/LINUX64 -lpvm3', 'BIS': '/c5/shared', 'OMPI_MCA_orte_cpu_type': 'GenuineIntel', 'SSH_AUTH_SOCK': '/tmp/ssh-vpLNi18584/agent.18584', '__GL_FSAA_MODE': '0', 'GNOME_KEYRING_SOCKET': '/tmp/keyring-2eczAj/socket', 'LOADEDMODULES': 'use.own:null:c5/shared/bin:manpath:pvm:apbs/default:icm/3.7-2a:modeller/9v8:Oracle_java/jre/8:jabref/3.2:matlab/R2012b:mathematica/7.0.1:ncbi_tools/20090809/gnu:openbabel/2.3.2/without-python:povray/3.6.1:R/3.1.3:seamonkey/latest-is-2.r:xournal/0.4.5:vmd/latest:BIS:boost/1.54.0-python-2.7.5-shared:python/2.7.5-shared:gcc/4.6.2-gmp-4.3.2-mpfr-3.1.0-mpc-0.8.2:swig/2.0.4:cmake/3.0.2:ninja/1.3.4:git/1.8.2.1:hdf5/1.8.10:openmpi/1.6.3/gcc-4.6.2-gmp-4.3.2-mpfr-3.1.0-mpc-0.8.2--disable-dlopen:chimera/1.b', 'PWD': '/Bis/home/rpellari/imp-projects/imp-050517/imp_tutorial/rnapolii/modeling', 'DESKTOP_STARTUP_ID': '', 'CFLAGS': '-I/c5/shared/chimera/1.11/include -I/c5/shared/openmpi/1.6.3/sge/6.2u4/gcc-4.6.2-gmp-4.3.2-mpfr-3.1.0-mpc-0.8.2--disable-dlopen/include -I/c5/shared/hdf5/1.8.10/include -I/c5/shared/git/1.8.2.1/include -I/c5/shared/cmake/3.0.2/include -I/c5/shared/gcc/4.6.2-gmp-4.3.2-mpfr-3.1.0-mpc-0.8.2/include -I/c5/shared/Python/2.7.5-shared/include -I/c5/shared/boost/1.54.0/python-2.7.5-shared/include -I/c5/shared/openbabel/2.3.2/python-2.7.3-shared/include -I/c5/shared/Oracle_java/jre/8/include -I/usr/share/pvm3/include'}"} 
{0: '0', 1: '1.92416739464', 2: 11.572460326871198, 3: '0', 4: '0'} 
{0: '1.0', 1: '1.68808495998', 2: 8.956142125520728, 3: '0.0', 4: '0.0'} 
{0: '1.0', 1: '1.48096811771', 2: 8.900878287586533, 3: '0.0', 4: '0.0'} 
{0: '1.0', 1: '1.29926323891', 2: 6.386306999313692, 3: '0.0', 4: '0.0'} 
{0: '1.0', 1: '1.13985228539', 2: 6.34979582145311, 3: '0.0', 4: '0.0'} 
{0: '1.0', 1: '1.0', 2: 7.793603922274849, 3: '0.0', 4: '0.0'} 
{0: '0.833333333333', 1: '1.0', 2: 7.0189026315863545, 3: '0.0', 4: '0.166666666667'} 
{0: '0.857142857143', 1: '1.13985228539', 2: 6.4744631940230795, 3: '0.0', 4: '0.285714285714'} 
{0: '0.75', 1: '1.13985228539', 2: 6.778428923891664, 3: '0.0', 4: '0.25'} 
{0: '0.777777777778', 1: '1.0', 2: 5.550306571279629, 3: '0.0', 4: '0.222222222222'} 
{0: '0.7', 1: '1.0', 2: 6.884200720998899, 3: '0.0', 4: '0.3'} 
{0: '0.727272727273', 1: '1.13985228539', 2: 7.597012830850696, 3: '0.0', 4: '0.363636363636'} 
{0: '0.75', 1: '1.29926323891', 2: 7.69033281472705, 3: '0.0', 4: '0.333333333333'} 
{0: '0.769230769231', 1: '1.48096811771', 2: 9.43047514832926, 3: '0.0', 4: '0.307692307692'} 
{0: '0.714285714286', 1: '1.48096811771', 2: 8.442290049565287, 3: '0.0', 4: '0.285714285714'} 
{0: '0.733333333333', 1: '1.29926323891', 2: 8.034102582502701, 3: '0.0', 4: '0.266666666667'} 
{0: '0.75', 1: '1.13985228539', 2: 6.125753792632027, 3: '0.0', 4: '0.25'} 
{0: '0.764705882353', 1: '1.0', 2: 6.4713797099237595, 3: '0.0', 4: '0.235294117647'} 
{0: '0.722222222222', 1: '1.0', 2: 6.06582629429882, 3: '0.0', 4: '0.277777777778'} 
{0: '0.736842105263', 1: '1.13985228539', 2: 7.062468178839011, 3: '0.0', 4: '0.315789473684'} 
{0: '0.75', 1: '1.29926323891', 2: 8.495317956014418, 3: '0.0', 4: '0.3'} 
{0: '0.761904761905', 1: '1.48096811771', 2: 7.96710369215055, 3: '0.0', 4: '0.285714285714'} 
{0: '0.772727272727', 1: '1.68808495998', 2: 10.300719088399504, 3: '0.0', 4: '0.272727272727'} 
{0: '0.739130434783', 1: '1.68808495998', 2: 7.736627668332544, 3: '0.0', 4: '0.260869565217'} 
{0: '0.75', 1: '1.48096811771', 2: 7.777988415336467, 3: '0.0', 4: '0.25'} 
{0: '0.76', 1: '1.29926323891', 2: 9.494098952286308, 3: '0.0', 4: '0.24'} 
{0: '0.769230769231', 1: '1.13985228539', 2: 9.944840039122296, 3: '0.0', 4: '0.230769230769'} 
{0: '0.740740740741', 1: '1.13985228539', 2: 10.305104135235634, 3: '0.0', 4: '0.222222222222'} 
{0: '0.75', 1: '1.29926323891', 2: 14.341862709455071, 3: '0.0', 4: '0.214285714286'} 
{0: '0.758620689655', 1: '1.48096811771', 2: 13.418199005832113, 3: '0.0', 4: '0.206896551724'} 
{0: '0.766666666667', 1: '1.68808495998', 2: 11.91454549236983, 3: '0.0', 4: '0.2'} 
{0: '0.774193548387', 1: '1.92416739464', 2: 13.777435350663836, 3: '0.0', 4: '0.193548387097'} 
{0: '0.78125', 1: '2.19326663017', 2: 15.225305216986929, 3: '0.0', 4: '0.1875'} 
{0: '0.787878787879', 1: '2.5', 2: 16.683392596926176, 3: '0.0', 4: '0.181818181818'} 
{0: '0.764705882353', 1: '2.5', 2: 17.45946478460151, 3: '0.0294117647059', 4: '0.176470588235'} 
{0: '0.771428571429', 1: '2.19326663017', 2: 17.48678006706444, 3: '0.0571428571429', 4: '0.171428571429'} 
{0: '0.75', 1: '2.19326663017', 2: 16.193036140312042, 3: '0.0555555555556', 4: '0.166666666667'} 
{0: '0.756756756757', 1: '2.5', 2: 16.838624131551004, 3: '0.0540540540541', 4: '0.162162162162'} 
{0: '0.736842105263', 1: '2.5', 2: 18.089548410903276, 3: '0.0789473684211', 4: '0.157894736842'} 
{0: '0.74358974359', 1: '2.19326663017', 2: 16.738856063972204, 3: '0.102564102564', 4: '0.153846153846'} 
{0: '0.75', 1: '1.92416739464', 2: 16.393385557548097, 3: '0.1', 4: '0.15'} 
{0: '0.731707317073', 1: '1.92416739464', 2: 15.831899785786192, 3: '0.0975609756098', 4: '0.146341463415'} 
{0: '0.738095238095', 1: '2.19326663017', 2: 16.378148117857446, 3: '0.0952380952381', 4: '0.142857142857'} 
{0: '0.744186046512', 1: '2.5', 2: 14.89446441930693, 3: '0.093023255814', 4: '0.139534883721'} 
{0: '0.727272727273', 1: '2.5', 2: 15.080999682064222, 3: '0.113636363636', 4: '0.136363636364'} 
{0: '0.733333333333', 1: '2.19326663017', 2: 15.833610635342236, 3: '0.133333333333', 4: '0.133333333333'} 
{0: '0.717391304348', 1: '2.19326663017', 2: 17.48038830504962, 3: '0.130434782609', 4: '0.130434782609'} 
{0: '0.723404255319', 1: '2.5', 2: 16.28751893723744, 3: '0.127659574468', 4: '0.127659574468'} 
{0: '0.708333333333', 1: '2.5', 2: 14.23467357551083, 3: '0.145833333333', 4: '0.125'} 
{0: '0.714285714286', 1: '2.19326663017', 2: 13.682287926848623, 3: '0.163265306122', 4: '0.122448979592'} 
{0: '0.72', 1: '1.92416739464', 2: 7.796743241534933, 3: '0.16', 4: '0.12'} 
{0: '0.725490196078', 1: '1.68808495998', 2: 6.1547148974223465, 3: '0.156862745098', 4: '0.117647058824'} 
{0: '0.730769230769', 1: '1.48096811771', 2: 9.207830099321841, 3: '0.153846153846', 4: '0.115384615385'} 
{0: '0.735849056604', 1: '1.29926323891', 2: 8.081605939068764, 3: '0.150943396226', 4: '0.11320754717'} 
{0: '0.740740740741', 1: '1.13985228539', 2: 6.50214750529134, 3: '0.148148148148', 4: '0.111111111111'} 
{0: '0.745454545455', 1: '1.0', 2: 5.623417974361781, 3: '0.145454545455', 4: '0.109090909091'} 
{0: '0.732142857143', 1: '1.0', 2: 5.444546911223582, 3: '0.142857142857', 4: '0.125'} 
{0: '0.736842105263', 1: '1.13985228539', 2: 5.620771141758716, 3: '0.140350877193', 4: '0.140350877193'} 
{0: '0.741379310345', 1: '1.29926323891', 2: 5.681480276451109, 3: '0.137931034483', 4: '0.137931034483'} 
{0: '0.745762711864', 1: '1.48096811771', 2: 6.722750633043349, 3: '0.135593220339', 4: '0.135593220339'} 
{0: '0.75', 1: '1.68808495998', 2: 7.384389132380874, 3: '0.133333333333', 4: '0.133333333333'} 
{0: '0.754098360656', 1: '1.92416739464', 2: 6.570163501738063, 3: '0.131147540984', 4: '0.131147540984'} 
{0: '0.758064516129', 1: '2.19326663017', 2: 6.487827107114128, 3: '0.129032258065', 4: '0.129032258065'} 
{0: '0.761904761905', 1: '2.5', 2: 7.44854231119046, 3: '0.126984126984', 4: '0.126984126984'} 
{0: '0.765625', 1: '1.0', 2: 6.030419314847528, 3: '0.140625', 4: '0.125'} 
{0: '0.769230769231', 1: '1.13985228539', 2: 5.576157179031259, 3: '0.138461538462', 4: '0.138461538462'} 
{0: '0.772727272727', 1: '1.29926323891', 2: 5.970701533380739, 3: '0.136363636364', 4: '0.136363636364'} 
{0: '0.776119402985', 1: '1.48096811771', 2: 6.150553976231902, 3: '0.134328358209', 4: '0.134328358209'} 
{0: '0.779411764706', 1: '1.68808495998', 2: 5.936972776897998, 3: '0.132352941176', 4: '0.132352941176'} 
{0: '0.768115942029', 1: '1.68808495998', 2: 6.260249525255887, 3: '0.130434782609', 4: '0.130434782609'} 
{0: '0.771428571429', 1: '1.48096811771', 2: 7.758160182634982, 3: '0.128571428571', 4: '0.128571428571'} 
{0: '0.774647887324', 1: '1.29926323891', 2: 5.790375799005165, 3: '0.12676056338', 4: '0.12676056338'} 
{0: '0.777777777778', 1: '1.13985228539', 2: 8.092782356999843, 3: '0.125', 4: '0.125'} 
{0: '0.780821917808', 1: '1.0', 2: 6.038831468080965, 3: '0.123287671233', 4: '0.123287671233'} 
{0: '0.77027027027', 1: '1.0', 2: 7.430199611228394, 3: '0.121621621622', 4: '0.135135135135'} 
{0: '0.773333333333', 1: '1.13985228539', 2: 9.323933936882856, 3: '0.12', 4: '0.146666666667'} 
{0: '0.776315789474', 1: '1.29926323891', 2: 6.840614981189017, 3: '0.118421052632', 4: '0.144736842105'} 
{0: '0.779220779221', 1: '1.48096811771', 2: 5.577311694691934, 3: '0.116883116883', 4: '0.142857142857'} 
{0: '0.782051282051', 1: '1.68808495998', 2: 6.715283539923857, 3: '0.115384615385', 4: '0.141025641026'} 
{0: '0.772151898734', 1: '1.68808495998', 2: 10.378851311824175, 3: '0.113924050633', 4: '0.139240506329'} 
{0: '0.775', 1: '1.48096811771', 2: 5.8734298458005405, 3: '0.1125', 4: '0.1375'} 
{0: '0.777777777778', 1: '1.29926323891', 2: 6.054573836804386, 3: '0.111111111111', 4: '0.135802469136'} 
{0: '0.780487804878', 1: '1.13985228539', 2: 5.7812082051578155, 3: '0.109756097561', 4: '0.134146341463'} 
{0: '0.78313253012', 1: '1.0', 2: 6.384667670353596, 3: '0.10843373494', 4: '0.132530120482'} 
{0: '0.77380952381', 1: '1.0', 2: 7.416904047165397, 3: '0.107142857143', 4: '0.142857142857'} 
{0: '0.776470588235', 1: '1.13985228539', 2: 7.063076124237881, 3: '0.105882352941', 4: '0.152941176471'} 
{0: '0.779069767442', 1: '1.29926323891', 2: 10.472469747370546, 3: '0.104651162791', 4: '0.151162790698'} 
{0: '0.781609195402', 1: '1.48096811771', 2: 9.42713639912745, 3: '0.103448275862', 4: '0.149425287356'} 
{0: '0.784090909091', 1: '1.68808495998', 2: 7.358380405401546, 3: '0.102272727273', 4: '0.147727272727'} 
{0: '0.775280898876', 1: '1.68808495998', 2: 8.78326325924387, 3: '0.101123595506', 4: '0.14606741573'} 
{0: '0.777777777778', 1: '1.48096811771', 2: 6.495410265169637, 3: '0.1', 4: '0.144444444444'} 
{0: '0.78021978022', 1: '1.29926323891', 2: 7.597743352392825, 3: '0.0989010989011', 4: '0.142857142857'} 
{0: '0.782608695652', 1: '1.13985228539', 2: 5.593851575501618, 3: '0.0978260869565', 4: '0.141304347826'} 
{0: '0.784946236559', 1: '1.0', 2: 6.43019562321713, 3: '0.0967741935484', 4: '0.139784946237'} 
{0: '0.776595744681', 1: '1.0', 2: 10.575156562019757, 3: '0.0957446808511', 4: '0.148936170213'} 
{0: '0.778947368421', 1: '1.13985228539', 2: 8.05123477508331, 3: '0.0947368421053', 4: '0.157894736842'} 
{0: '0.78125', 1: '1.29926323891', 2: 6.420771571706014, 3: '0.09375', 4: '0.15625'} 
{0: '0.783505154639', 1: '1.48096811771', 2: 5.581606037437584, 3: '0.0927835051546', 4: '0.154639175258'} 
{0: '0.785714285714', 1: '1.68808495998', 2: 8.618279198738803, 3: '0.0918367346939', 4: '0.15306122449'} 
{0: '0.787878787879', 1: '1.92416739464', 2: 11.25581514564385, 3: '0.0909090909091', 4: '0.151515151515'} 
