{0: 'ReplicaExchange_SwapSuccessRatio', 1: 'ReplicaExchange_CurrentTemp', 2: 'score', 3: 'ReplicaExchange_MaxTempFrequency', 4: 'ReplicaExchange_MinTempFrequency', 'STAT2HEADER': 'STAT2HEADER', 'STAT2HEADER_IMP_VERSIONS': "{'PMI_VERSION': 'develop-a5ac050', 'IMP_VERSION': 'develop-a5ac050'}", 'STAT2HEADER_ENVIRON': "{'CPPFLAGS': '-I/c5/shared/chimera/1.11/include -I/c5/shared/openmpi/1.6.3/sge/6.2u4/gcc-4.6.2-gmp-4.3.2-mpfr-3.1.0-mpc-0.8.2--disable-dlopen/include -I/c5/shared/hdf5/1.8.10/include -I/c5/shared/git/1.8.2.1/include -I/c5/shared/cmake/3.0.2/include -I/c5/shared/gcc/4.6.2-gmp-4.3.2-mpfr-3.1.0-mpc-0.8.2/include -I/c5/shared/Python/2.7.5-shared/include -I/c5/shared/boost/1.54.0/python-2.7.5-shared/include -I/c5/shared/openbabel/2.3.2/python-2.7.3-shared/include -I/c5/shared/Oracle_java/jre/8/include', 'DBUS_SESSION_BUS_ADDRESS': 'unix:abstract=/tmp/dbus-8eCxv7Pec0,guid=682d57c811371dcc5569ec0059774852', 'COLORTERM': 'gnome-terminal', 'IMP_BIN_DIR': '/Bis/home/rpellari/imp-projects/imp-050517/imp-fast/bin', 'OMPI_MCA_orte_num_nodes': '1', 'OMPI_MCA_orte_app_num': '0', 'SHELL': '/bin/bash', 'LD_RUN_PATH': '/c5/shared/chimera/1.11/lib:/c5/shared/openmpi/1.6.3/sge/6.2u4/gcc-4.6.2-gmp-4.3.2-mpfr-3.1.0-mpc-0.8.2--disable-dlopen/lib:/c5/shared/hdf5/1.8.10/lib:/c5/shared/git/1.8.2.1/lib:/c5/shared/gcc/4.6.2-gmp-4.3.2-mpfr-3.1.0-mpc-0.8.2/lib64:/c5/shared/gcc/4.6.2-gmp-4.3.2-mpfr-3.1.0-mpc-0.8.2/lib:/c5/shared/Python/2.7.5-shared/lib:/c5/shared/boost/1.54.0/python-2.7.5-shared/lib:/c5/shared/openbabel/2.3.2/python-2.7.3-shared/lib:/c5/shared/Oracle_java/jre/8/lib', 'HISTSIZE': '1000', '__GL_SYNC_DISPLAY_DEVICE': '', 'MANPATH': '/c5/shared/chimera/1.11/share/man:/c5/shared/openmpi/1.6.3/sge/6.2u4/gcc-4.6.2-gmp-4.3.2-mpfr-3.1.0-mpc-0.8.2--disable-dlopen/share/man:/c5/shared/hdf5/1.8.10/share/man:/c5/shared/git/1.8.2.1/share/man:/c5/shared/cmake/3.0.2/share/man:/c5/shared/swig/2.0.4/share/man:/c5/shared/gcc/4.6.2-gmp-4.3.2-mpfr-3.1.0-mpc-0.8.2/share/man:/c5/shared/Python/2.7.5-shared/share/man:/c5/SGE/man:/c5/shared/xournal/0.4.5/share/man:/c5/shared/R/3.1.3/share/man:/c5/shared/povray/3.6.1/share/man:/c5/shared/openbabel/2.3.2/python-2.7.3-shared/share/man:/c5/shared/Oracle_java/jre/8/man:/c5/shared/apbs/1.2.1/share/man:/c5/shared/man:/usr/share/man:/usr/X11R6/man:/usr/local/man:/usr/kerberos/man:/usr/man', 'XMODIFIERS': '@im=none', 'PYTHONPATH': '/Bis/home/rpellari/imp-projects/imp-050517/imp-fast/lib:/Bis/home/rpellari/imp-projects/imp-050517/imp-fast/lib:/c5/shared/modeller/9v8/modlib:/c5/shared/modeller/9v8/lib/x86_64-intel8', 'ICMHOME': '/c5/shared/icm/3.7-2a', 'PVM_ARCH': 'LINUX64', 'MOLSOFTD_LICENSE_FILE': '/c5/shared/icm/license.dat', 'SGE_CLUSTER_NAME': 'BIS', 'MOLBROWSERPROHOME': '/usr/icm-browser-pro/', 'DESKTOP_SESSION': 'default', 'HOSTNAME': 'liberte.bis.pasteur.fr', 'OMPI_MCA_orte_ess_num_procs': '8', 'MAIL': '/var/spool/mail/rpellari', 'LS_COLORS': 'no=00:fi=00:di=00;34:ln=00;36:pi=40;33:so=00;35:bd=40;33;01:cd=40;33;01:or=01;05;37;41:mi=01;05;37;41:ex=00;32:*.cmd=00;32:*.exe=00;32:*.com=00;32:*.btm=00;32:*.bat=00;32:*.sh=00;32:*.csh=00;32:*.tar=00;31:*.tgz=00;31:*.arj=00;31:*.taz=00;31:*.lzh=00;31:*.zip=00;31:*.z=00;31:*.Z=00;31:*.gz=00;31:*.bz2=00;31:*.bz=00;31:*.tz=00;31:*.rpm=00;31:*.cpio=00;31:*.jpg=00;35:*.gif=00;35:*.bmp=00;35:*.xbm=00;35:*.xpm=00;35:*.png=00;35:*.tif=00;35:', 'SSH_ASKPASS': '/usr/libexec/openssh/gnome-ssh-askpass', 'KDE_IS_PRELINKED': '1', 'GNOME_DESKTOP_SESSION_ID': 'Default', 'OMPI_MCA_orte_num_restarts': '0', 'LESSOPEN': '|/usr/bin/lesspipe.sh %s', 'CVS_RSH': 'ssh', 'USER': 'rpellari', 'HOME': '/Bis/home/rpellari', '__GL_SINGLE_THREADED': '0', 'XAUTHORITY': '/tmp/.gdmMJTP3Y', 'SESSION_MANAGER': 'local/liberte.bis.pasteur.fr:/tmp/.ICE-unix/18584', 'SHLVL': '2', 'IMP_DATA': '/Bis/home/rpellari/imp-projects/imp-050517/imp-fast/data', 'IMP_EXAMPLE_DATA': '/Bis/home/rpellari/imp-projects/imp-050517/imp-fast/doc/examples', 'DISPLAY': ':0.0', 'OMPI_MCA_orte_local_daemon_uri': '1246953472.0;tcp://157.99.90.217:48210', 'WINDOWID': '22435983', 'MODULESHOME': '/usr/share/Modules', 'SGE_ROOT': '/c5/SGE', 'QTLIB': '/usr/lib64/qt-3.3/lib', 'OMPI_MCA_orte_ess_node_rank': '2', 'GDMSESSION': 'default', 'OMPI_COMM_WORLD_LOCAL_SIZE': '8', 'MODULEPATH': '/usr/share/Modules/modulefiles:/c5/shared/modulefiles:/Bis/home/rpellari/privatemodules', 'OMPI_MCA_orte_cpu_model': 'Intel(R) Xeon(R) CPU           E5410  @ 2.33GHz', 'OMPI_COMM_WORLD_NODE_RANK': '2', 'PVM_RSH': '/usr/bin/ssh', 'OMPI_MCA_orte_hnp_uri': '1246953472.0;tcp://157.99.90.217:48210', 'GTK_RC_FILES': '/etc/gtk/gtkrc:/Bis/home/rpellari/.gtkrc-1.2-gnome2', 'OMPI_COMM_WORLD_SIZE': '8', '_LMFILES_': '/usr/share/Modules/modulefiles/use.own:/usr/share/Modules/modulefiles/null:/c5/shared/modulefiles/c5/shared/bin:/c5/shared/modulefiles/manpath:/c5/shared/modulefiles/pvm:/c5/shared/modulefiles/apbs/default:/c5/shared/modulefiles/icm/3.7-2a:/c5/shared/modulefiles/modeller/9v8:/c5/shared/modulefiles/Oracle_java/jre/8:/c5/shared/modulefiles/jabref/3.2:/c5/shared/modulefiles/matlab/R2012b:/c5/shared/modulefiles/mathematica/7.0.1:/c5/shared/modulefiles/ncbi_tools/20090809/gnu:/c5/shared/modulefiles/openbabel/2.3.2/without-python:/c5/shared/modulefiles/povray/3.6.1:/c5/shared/modulefiles/R/3.1.3:/c5/shared/modulefiles/seamonkey/latest-is-2.r:/c5/shared/modulefiles/xournal/0.4.5:/c5/shared/modulefiles/vmd/latest:/c5/shared/modulefiles/BIS:/c5/shared/modulefiles/boost/1.54.0-python-2.7.5-shared:/c5/shared/modulefiles/python/2.7.5-shared:/c5/shared/modulefiles/gcc/4.6.2-gmp-4.3.2-mpfr-3.1.0-mpc-0.8.2:/c5/shared/modulefiles/swig/2.0.4:/c5/shared/modulefiles/cmake/3.0.2:/c5/shared/modulefiles/ninja/1.3.4:/c5/shared/modulefiles/git/1.8.2.1:/c5/shared/modulefiles/hdf5/1.8.10:/c5/shared/modulefiles/openmpi/1.6.3/gcc-4.6.2-gmp-4.3.2-mpfr-3.1.0-mpc-0.8.2--disable-dlopen:/c5/shared/modulefiles/chimera/1.b', 'CXXFLAGS': '-I/c5/shared/chimera/1.11/include -I/c5/shared/openmpi/1.6.3/sge/6.2u4/gcc-4.6.2-gmp-4.3.2-mpfr-3.1.0-mpc-0.8.2--disable-dlopen/include -I/c5/shared/hdf5/1.8.10/include -I/c5/shared/git/1.8.2.1/include -I/c5/shared/cmake/3.0.2/include -I/c5/shared/gcc/4.6.2-gmp-4.3.2-mpfr-3.1.0-mpc-0.8.2/include -I/c5/shared/Python/2.7.5-shared/include -I/c5/shared/boost/1.54.0/python-2.7.5-shared/include -I/c5/shared/openbabel/2.3.2/python-2.7.3-shared/include', 'QTDIR': '/usr/lib64/qt-3.3', '__GL_SYNC_TO_VBLANK': '0', 'LD_LIBRARY_PATH': '/Bis/home/rpellari/imp-projects/imp-050517/imp-fast/lib:/Bis/home/rpellari/imp-projects/imp-050517/imp-fast/lib:/c5/shared/chimera/1.11/lib:/c5/shared/openmpi/1.6.3/sge/6.2u4/gcc-4.6.2-gmp-4.3.2-mpfr-3.1.0-mpc-0.8.2--disable-dlopen/lib:/c5/shared/hdf5/1.8.10/lib:/c5/shared/git/1.8.2.1/lib:/c5/shared/gcc/4.6.2-gmp-4.3.2-mpfr-3.1.0-mpc-0.8.2/lib:/c5/shared/gcc/4.6.2-gmp-4.3.2-mpfr-3.1.0-mpc-0.8.2/lib64:/c5/shared/Python/2.7.5-shared/lib:/c5/shared/boost/1.54.0/python-2.7.5-shared/lib:/c5/shared/openbabel/2.3.2/python-2.7.3-shared/lib:/c5/shared/Oracle_java/jre/8/lib/amd64/server:/c5/shared/Oracle_java/jre/8/lib/amd64:/c5/shared/Oracle_java/jre/8/lib:/c5/shared/modeller/9v8/lib/x86_64-intel8', 'LANG': 'en_US.UTF-8', 'KDEDIR': '/usr', 'QTINC': '/usr/lib64/qt-3.3/include', 'NXDIR': '/usr/NX', 'G_BROKEN_FILENAMES': '1', 'IMP_TMP_DIR': '/Bis/home/rpellari/imp-projects/imp-050517/imp-fast/tmp', 'KDE_NO_IPV6': '1', 'OMPI_MCA_orte_precondition_transports': 'a439a2a1b2260542-7636a4b7649038db', 'PVM_ROOT': '/usr/share/pvm3', 'USERNAME': 'rpellari', 'GDM_XSERVER_LOCATION': 'local', '__GL_DEFAULT_LOG_ANISO': '0', 'OMPI_COMM_WORLD_LOCAL_RANK': '2', 'BASH_FUNC_module()': '() {  eval `/usr/bin/modulecmd bash $*`\\n}', 'OMPI_UNIVERSE_SIZE': '1', 'OMPI_COMM_WORLD_RANK': '2', 'OMPI_MCA_mpi_yield_when_idle': '0', 'OMPI_MCA_ess': 'env', 'OMPI_MCA_shmem_RUNTIME_QUERY_hint': 'mmap', 'OMPI_MCA_orte_ess_vpid': '2', 'SGE_CELL': 'default', 'LOGNAME': 'rpellari', 'PATH': '/Bis/home/rpellari/imp-projects/imp-050517/imp-fast/bin:/Bis/home/rpellari/imp-projects/imp-050517/imp-fast/module_bin/algebra:/Bis/home/rpellari/imp-projects/imp-050517/imp-fast/module_bin/atom:/Bis/home/rpellari/imp-projects/imp-050517/imp-fast/module_bin/bayesianem:/Bis/home/rpellari/imp-projects/imp-050517/imp-fast/module_bin/benchmark:/Bis/home/rpellari/imp-projects/imp-050517/imp-fast/module_bin/container:/Bis/home/rpellari/imp-projects/imp-050517/imp-fast/module_bin/core:/Bis/home/rpellari/imp-projects/imp-050517/imp-fast/module_bin/crosslinkms:/Bis/home/rpellari/imp-projects/imp-050517/imp-fast/module_bin/display:/Bis/home/rpellari/imp-projects/imp-050517/imp-fast/module_bin/domino:/Bis/home/rpellari/imp-projects/imp-050517/imp-fast/module_bin/em:/Bis/home/rpellari/imp-projects/imp-050517/imp-fast/module_bin/evcov:/Bis/home/rpellari/imp-projects/imp-050517/imp-fast/module_bin/example:/Bis/home/rpellari/imp-projects/imp-050517/imp-fast/module_bin/foxs:/Bis/home/rpellari/imp-projects/imp-050517/imp-fast/module_bin/gsl:/Bis/home/rpellari/imp-projects/imp-050517/imp-fast/module_bin/isd:/Bis/home/rpellari/imp-projects/imp-050517/imp-fast/module_bin/kernel:/Bis/home/rpellari/imp-projects/imp-050517/imp-fast/module_bin/kinematics:/Bis/home/rpellari/imp-projects/imp-050517/imp-fast/module_bin/kmeans:/Bis/home/rpellari/imp-projects/imp-050517/imp-fast/module_bin/misc:/Bis/home/rpellari/imp-projects/imp-050517/imp-fast/module_bin/modeller:/Bis/home/rpellari/imp-projects/imp-050517/imp-fast/module_bin/mpi:/Bis/home/rpellari/imp-projects/imp-050517/imp-fast/module_bin/multi_state:/Bis/home/rpellari/imp-projects/imp-050517/imp-fast/module_bin/parallel:/Bis/home/rpellari/imp-projects/imp-050517/imp-fast/module_bin/pepdock:/Bis/home/rpellari/imp-projects/imp-050517/imp-fast/module_bin/pmi:/Bis/home/rpellari/imp-projects/imp-050517/imp-fast/module_bin/quantxl:/Bis/home/rpellari/imp-projects/imp-050517/imp-fast/module_bin/rmf:/Bis/home/rpellari/imp-projects/imp-050517/imp-fast/module_bin/rotamer:/Bis/home/rpellari/imp-projects/imp-050517/imp-fast/module_bin/saxs:/Bis/home/rpellari/imp-projects/imp-050517/imp-fast/module_bin/saxs_merge:/Bis/home/rpellari/imp-projects/imp-050517/imp-fast/module_bin/score_functor:/Bis/home/rpellari/imp-projects/imp-050517/imp-fast/module_bin/scratch:/Bis/home/rpellari/imp-projects/imp-050517/imp-fast/module_bin/statistics:/Bis/home/rpellari/imp-projects/imp-050517/imp-fast/module_bin/symmetry:/Bis/home/rpellari/imp-projects/imp-050517/imp-fast/module_bin/test:/Bis/home/rpellari/imp-projects/imp-050517/imp-fast/bin:/Bis/home/rpellari/imp-projects/imp-050517/imp-fast/bin:/c5/shared/chimera/1.11/bin:/c5/shared/openmpi/1.6.3/sge/6.2u4/gcc-4.6.2-gmp-4.3.2-mpfr-3.1.0-mpc-0.8.2--disable-dlopen/bin:/c5/shared/hdf5/1.8.10/bin:/c5/shared/git/1.8.2.1/bin:/c5/shared/ninja/1.3.4:/c5/shared/cmake/3.0.2/bin:/c5/shared/swig/2.0.4/bin:/c5/shared/gcc/4.6.2-gmp-4.3.2-mpfr-3.1.0-mpc-0.8.2/bin:/c5/shared/Python/2.7.5-shared/bin:/Bis/home/rpellari/local/bin:/c5/SGE/bin/lx26-amd64:/Bis/home/rpellari/local/bin:/usr/lib64/qt-3.3/bin:/usr/kerberos/bin:/c5/SGE/bin/lx26-amd64:/c5/shared/vmd/vmd-1.9.1:/c5/shared/xournal/0.4.5/bin:/c5/shared/seamonkey/2.29/:/c5/shared/R/3.1.3/bin:/c5/shared/povray/3.6.1/bin/:/c5/shared/openbabel/2.3.2/python-2.7.3-shared/bin:/c5/shared/ncbi_tools/20090809/ncbi/bin:/c5/shared/Wolfram/Mathematica/7.0/Executables:/c5/shared/matlab/7.15/bin/:/c5/shared/Oracle_java/jre/8/bin:/c5/shared/JabRef/3.2:/c5/shared/modeller/9v8/bin/:/c5/shared/icm/3.7-2a:/c5/shared/apbs/1.2.1/bin/:/usr/share/pvm3/bin/LINUX64:/usr/share/pvm3/lib/LINUX64:/usr/share/pvm3/lib:/c5/shared/bin:/usr/local/bin:/usr/bin:/bin:/usr/X11R6/bin:/usr/NX/bin:/Bis/home/rpellari/bin:/usr/NX/bin', 'OMPI_MCA_orte_ess_jobid': '1246953473', 'SSH_AGENT_PID': '18623', 'TERM': 'xterm', 'OPAL_OUTPUT_STDERR_FD': '31', 'LDFLAGS': '-L/c5/shared/chimera/1.11/lib -L/c5/shared/openmpi/1.6.3/sge/6.2u4/gcc-4.6.2-gmp-4.3.2-mpfr-3.1.0-mpc-0.8.2--disable-dlopen/lib -L/c5/shared/hdf5/1.8.10/lib -L/c5/shared/git/1.8.2.1/lib -L/c5/shared/gcc/4.6.2-gmp-4.3.2-mpfr-3.1.0-mpc-0.8.2/lib -L/c5/shared/Python/2.7.5-shared/lib -L/c5/shared/boost/1.54.0/python-2.7.5-shared/lib -L/c5/shared/openbabel/2.3.2/python-2.7.3-shared/lib -L/c5/shared/Oracle_java/jre/8/lib -L/usr/share/pvm3/lib/LINUX64 -lpvm3', 'BIS': '/c5/shared', 'OMPI_MCA_orte_cpu_type': 'GenuineIntel', 'SSH_AUTH_SOCK': '/tmp/ssh-vpLNi18584/agent.18584', '__GL_FSAA_MODE': '0', 'GNOME_KEYRING_SOCKET': '/tmp/keyring-2eczAj/socket', 'LOADEDMODULES': 'use.own:null:c5/shared/bin:manpath:pvm:apbs/default:icm/3.7-2a:modeller/9v8:Oracle_java/jre/8:jabref/3.2:matlab/R2012b:mathematica/7.0.1:ncbi_tools/20090809/gnu:openbabel/2.3.2/without-python:povray/3.6.1:R/3.1.3:seamonkey/latest-is-2.r:xournal/0.4.5:vmd/latest:BIS:boost/1.54.0-python-2.7.5-shared:python/2.7.5-shared:gcc/4.6.2-gmp-4.3.2-mpfr-3.1.0-mpc-0.8.2:swig/2.0.4:cmake/3.0.2:ninja/1.3.4:git/1.8.2.1:hdf5/1.8.10:openmpi/1.6.3/gcc-4.6.2-gmp-4.3.2-mpfr-3.1.0-mpc-0.8.2--disable-dlopen:chimera/1.b', 'PWD': '/Bis/home/rpellari/imp-projects/imp-050517/imp_tutorial/rnapolii/modeling', 'DESKTOP_STARTUP_ID': '', 'CFLAGS': '-I/c5/shared/chimera/1.11/include -I/c5/shared/openmpi/1.6.3/sge/6.2u4/gcc-4.6.2-gmp-4.3.2-mpfr-3.1.0-mpc-0.8.2--disable-dlopen/include -I/c5/shared/hdf5/1.8.10/include -I/c5/shared/git/1.8.2.1/include -I/c5/shared/cmake/3.0.2/include -I/c5/shared/gcc/4.6.2-gmp-4.3.2-mpfr-3.1.0-mpc-0.8.2/include -I/c5/shared/Python/2.7.5-shared/include -I/c5/shared/boost/1.54.0/python-2.7.5-shared/include -I/c5/shared/openbabel/2.3.2/python-2.7.3-shared/include -I/c5/shared/Oracle_java/jre/8/include -I/usr/share/pvm3/include'}"} 
{0: '0', 1: '1.29926323891', 2: 8.098962823873178, 3: '0', 4: '0'} 
{0: '1.0', 1: '1.48096811771', 2: 5.546720200063716, 3: '0.0', 4: '0.0'} 
{0: '1.0', 1: '1.68808495998', 2: 6.452270736231956, 3: '0.0', 4: '0.0'} 
{0: '0.666666666667', 1: '1.68808495998', 2: 6.695426061110074, 3: '0.0', 4: '0.0'} 
{0: '0.75', 1: '1.48096811771', 2: 5.7967331759780745, 3: '0.0', 4: '0.0'} 
{0: '0.8', 1: '1.29926323891', 2: 6.006505922924018, 3: '0.0', 4: '0.0'} 
{0: '0.833333333333', 1: '1.13985228539', 2: 6.679572818908955, 3: '0.0', 4: '0.0'} 
{0: '0.857142857143', 1: '1.0', 2: 7.58569934380788, 3: '0.0', 4: '0.0'} 
{0: '0.75', 1: '1.0', 2: 7.2869950542603785, 3: '0.0', 4: '0.125'} 
{0: '0.777777777778', 1: '1.13985228539', 2: 10.422367081977738, 3: '0.0', 4: '0.222222222222'} 
{0: '0.7', 1: '1.13985228539', 2: 12.180869067825082, 3: '0.0', 4: '0.2'} 
{0: '0.727272727273', 1: '1.0', 2: 10.000446930582394, 3: '0.0', 4: '0.181818181818'} 
{0: '0.666666666667', 1: '1.0', 2: 7.005661279382825, 3: '0.0', 4: '0.25'} 
{0: '0.692307692308', 1: '1.13985228539', 2: 11.389295773459313, 3: '0.0', 4: '0.307692307692'} 
{0: '0.714285714286', 1: '1.29926323891', 2: 10.099595855285466, 3: '0.0', 4: '0.285714285714'} 
{0: '0.733333333333', 1: '1.48096811771', 2: 8.181377482705402, 3: '0.0', 4: '0.266666666667'} 
{0: '0.6875', 1: '1.48096811771', 2: 8.699175879685301, 3: '0.0', 4: '0.25'} 
{0: '0.705882352941', 1: '1.29926323891', 2: 9.323163902834345, 3: '0.0', 4: '0.235294117647'} 
{0: '0.722222222222', 1: '1.13985228539', 2: 9.521217991388832, 3: '0.0', 4: '0.222222222222'} 
{0: '0.736842105263', 1: '1.0', 2: 7.500221728124985, 3: '0.0', 4: '0.210526315789'} 
{0: '0.7', 1: '1.0', 2: 7.587343089292502, 3: '0.0', 4: '0.25'} 
{0: '0.714285714286', 1: '1.13985228539', 2: 8.665962836041793, 3: '0.0', 4: '0.285714285714'} 
{0: '0.727272727273', 1: '1.29926323891', 2: 8.736180815236137, 3: '0.0', 4: '0.272727272727'} 
{0: '0.695652173913', 1: '1.29926323891', 2: 9.228642806193884, 3: '0.0', 4: '0.260869565217'} 
{0: '0.708333333333', 1: '1.13985228539', 2: 8.173830384601308, 3: '0.0', 4: '0.25'} 
{0: '0.72', 1: '1.0', 2: 6.093865879806487, 3: '0.0', 4: '0.24'} 
{0: '0.692307692308', 1: '1.0', 2: 6.086667636325814, 3: '0.0', 4: '0.269230769231'} 
{0: '0.666666666667', 1: '1.0', 2: 5.993691079742414, 3: '0.0', 4: '0.296296296296'} 
{0: '0.642857142857', 1: '1.0', 2: 5.813452240282951, 3: '0.0', 4: '0.321428571429'} 
{0: '0.655172413793', 1: '1.13985228539', 2: 8.586707015418968, 3: '0.0', 4: '0.344827586207'} 
{0: '0.633333333333', 1: '1.13985228539', 2: 5.40914924174734, 3: '0.0', 4: '0.333333333333'} 
{0: '0.645161290323', 1: '1.0', 2: 6.597155743219442, 3: '0.0', 4: '0.322580645161'} 
{0: '0.625', 1: '1.0', 2: 9.73680324810544, 3: '0.0', 4: '0.34375'} 
{0: '0.636363636364', 1: '1.13985228539', 2: 8.168215213848992, 3: '0.0', 4: '0.363636363636'} 
{0: '0.647058823529', 1: '1.29926323891', 2: 10.5270562674963, 3: '0.0', 4: '0.352941176471'} 
{0: '0.657142857143', 1: '1.48096811771', 2: 7.595058700275573, 3: '0.0', 4: '0.342857142857'} 
{0: '0.638888888889', 1: '1.48096811771', 2: 9.787131470671888, 3: '0.0', 4: '0.333333333333'} 
{0: '0.648648648649', 1: '1.29926323891', 2: 6.895047707803964, 3: '0.0', 4: '0.324324324324'} 
{0: '0.657894736842', 1: '1.13985228539', 2: 5.783456620051867, 3: '0.0', 4: '0.315789473684'} 
{0: '0.666666666667', 1: '1.0', 2: 6.93728238713093, 3: '0.0', 4: '0.307692307692'} 
{0: '0.65', 1: '1.0', 2: 6.680424783924338, 3: '0.0', 4: '0.325'} 
{0: '0.658536585366', 1: '1.13985228539', 2: 6.317349640005769, 3: '0.0', 4: '0.341463414634'} 
{0: '0.666666666667', 1: '1.29926323891', 2: 6.2977102703075785, 3: '0.0', 4: '0.333333333333'} 
{0: '0.674418604651', 1: '1.48096811771', 2: 7.684487921011525, 3: '0.0', 4: '0.325581395349'} 
{0: '0.681818181818', 1: '1.68808495998', 2: 9.161088613356714, 3: '0.0', 4: '0.318181818182'} 
{0: '0.688888888889', 1: '1.92416739464', 2: 8.130631867385134, 3: '0.0', 4: '0.311111111111'} 
{0: '0.673913043478', 1: '1.92416739464', 2: 7.73435146773563, 3: '0.0', 4: '0.304347826087'} 
{0: '0.68085106383', 1: '1.68808495998', 2: 8.795076929090271, 3: '0.0', 4: '0.297872340426'} 
{0: '0.6875', 1: '1.48096811771', 2: 9.843058517019502, 3: '0.0', 4: '0.291666666667'} 
{0: '0.69387755102', 1: '1.29926323891', 2: 12.745340244072553, 3: '0.0', 4: '0.285714285714'} 
{0: '0.7', 1: '1.13985228539', 2: 9.473626959942072, 3: '0.0', 4: '0.28'} 
{0: '0.686274509804', 1: '1.13985228539', 2: 9.438179800870632, 3: '0.0', 4: '0.274509803922'} 
{0: '0.673076923077', 1: '1.13985228539', 2: 8.514450708649495, 3: '0.0', 4: '0.269230769231'} 
{0: '0.679245283019', 1: '1.0', 2: 12.256821700536934, 3: '0.0', 4: '0.264150943396'} 
{0: '0.685185185185', 1: '2.5', 2: 12.318211349032879, 3: '0.0', 4: '0.277777777778'} 
{0: '0.690909090909', 1: '2.19326663017', 2: 12.47462698553844, 3: '0.0181818181818', 4: '0.272727272727'} 
{0: '0.696428571429', 1: '1.92416739464', 2: 7.468633623304268, 3: '0.0178571428571', 4: '0.267857142857'} 
{0: '0.701754385965', 1: '1.68808495998', 2: 10.652747215935083, 3: '0.0175438596491', 4: '0.263157894737'} 
{0: '0.706896551724', 1: '1.48096811771', 2: 9.367052677753549, 3: '0.0172413793103', 4: '0.258620689655'} 
{0: '0.71186440678', 1: '1.29926323891', 2: 7.840353296747368, 3: '0.0169491525424', 4: '0.254237288136'} 
{0: '0.716666666667', 1: '1.13985228539', 2: 10.068544249748399, 3: '0.0166666666667', 4: '0.25'} 
{0: '0.704918032787', 1: '1.13985228539', 2: 6.870695428516502, 3: '0.016393442623', 4: '0.245901639344'} 
{0: '0.709677419355', 1: '1.29926323891', 2: 7.229292055268319, 3: '0.0161290322581', 4: '0.241935483871'} 
{0: '0.698412698413', 1: '1.29926323891', 2: 8.72754944654293, 3: '0.015873015873', 4: '0.238095238095'} 
{0: '0.703125', 1: '1.13985228539', 2: 6.925421441620718, 3: '0.015625', 4: '0.234375'} 
{0: '0.707692307692', 1: '1.0', 2: 6.664311880519645, 3: '0.0153846153846', 4: '0.230769230769'} 
{0: '0.69696969697', 1: '1.0', 2: 5.654372502517529, 3: '0.0151515151515', 4: '0.242424242424'} 
{0: '0.701492537313', 1: '1.13985228539', 2: 10.292653027361737, 3: '0.0149253731343', 4: '0.253731343284'} 
{0: '0.705882352941', 1: '1.29926323891', 2: 6.138282649712394, 3: '0.0147058823529', 4: '0.25'} 
{0: '0.710144927536', 1: '1.48096811771', 2: 5.905202336934235, 3: '0.0144927536232', 4: '0.246376811594'} 
{0: '0.714285714286', 1: '1.68808495998', 2: 6.503540635986109, 3: '0.0142857142857', 4: '0.242857142857'} 
{0: '0.704225352113', 1: '1.68808495998', 2: 8.196948509278947, 3: '0.0140845070423', 4: '0.239436619718'} 
{0: '0.708333333333', 1: '1.48096811771', 2: 13.430203257470469, 3: '0.0138888888889', 4: '0.236111111111'} 
{0: '0.698630136986', 1: '1.48096811771', 2: 11.821088712534348, 3: '0.013698630137', 4: '0.232876712329'} 
{0: '0.702702702703', 1: '1.68808495998', 2: 11.943871093046445, 3: '0.0135135135135', 4: '0.22972972973'} 
{0: '0.706666666667', 1: '1.92416739464', 2: 7.767485574413733, 3: '0.0133333333333', 4: '0.226666666667'} 
{0: '0.710526315789', 1: '2.19326663017', 2: 12.451861883710734, 3: '0.0131578947368', 4: '0.223684210526'} 
{0: '0.714285714286', 1: '2.5', 2: 13.45613155563504, 3: '0.012987012987', 4: '0.220779220779'} 
{0: '0.705128205128', 1: '2.5', 2: 13.312545116377507, 3: '0.025641025641', 4: '0.217948717949'} 
{0: '0.708860759494', 1: '2.19326663017', 2: 13.83232814248688, 3: '0.0379746835443', 4: '0.215189873418'} 
{0: '0.7125', 1: '1.92416739464', 2: 14.14991397926463, 3: '0.0375', 4: '0.2125'} 
{0: '0.716049382716', 1: '1.68808495998', 2: 17.150496307386785, 3: '0.037037037037', 4: '0.20987654321'} 
{0: '0.719512195122', 1: '1.48096811771', 2: 15.968025472142747, 3: '0.0365853658537', 4: '0.207317073171'} 
{0: '0.722891566265', 1: '1.29926323891', 2: 16.61097779794635, 3: '0.0361445783133', 4: '0.204819277108'} 
{0: '0.72619047619', 1: '1.13985228539', 2: 16.79588711121881, 3: '0.0357142857143', 4: '0.202380952381'} 
{0: '0.729411764706', 1: '1.0', 2: 17.063628033365035, 3: '0.0352941176471', 4: '0.2'} 
{0: '0.720930232558', 1: '1.0', 2: 16.162782695597247, 3: '0.0348837209302', 4: '0.209302325581'} 
{0: '0.724137931034', 1: '1.13985228539', 2: 16.052754619504565, 3: '0.0344827586207', 4: '0.218390804598'} 
{0: '0.727272727273', 1: '1.29926323891', 2: 13.734213964730198, 3: '0.0340909090909', 4: '0.215909090909'} 
{0: '0.730337078652', 1: '1.48096811771', 2: 14.642916584378836, 3: '0.0337078651685', 4: '0.213483146067'} 
{0: '0.733333333333', 1: '1.68808495998', 2: 10.840113499196304, 3: '0.0333333333333', 4: '0.211111111111'} 
{0: '0.725274725275', 1: '1.68808495998', 2: 11.843234409369048, 3: '0.032967032967', 4: '0.208791208791'} 
{0: '0.717391304348', 1: '1.68808495998', 2: 14.156678982213709, 3: '0.0326086956522', 4: '0.20652173913'} 
{0: '0.720430107527', 1: '1.92416739464', 2: 16.580693247221284, 3: '0.0322580645161', 4: '0.204301075269'} 
{0: '0.723404255319', 1: '2.19326663017', 2: 18.170877256873784, 3: '0.031914893617', 4: '0.202127659574'} 
{0: '0.726315789474', 1: '2.5', 2: 15.107887561334598, 3: '0.0315789473684', 4: '0.2'} 
{0: '0.71875', 1: '2.5', 2: 16.546459320010406, 3: '0.0416666666667', 4: '0.197916666667'} 
{0: '0.721649484536', 1: '2.19326663017', 2: 18.795640851158456, 3: '0.0515463917526', 4: '0.19587628866'} 
{0: '0.724489795918', 1: '1.92416739464', 2: 15.798261666581496, 3: '0.0510204081633', 4: '0.19387755102'} 
{0: '0.727272727273', 1: '1.68808495998', 2: 14.209633110647465, 3: '0.0505050505051', 4: '0.191919191919'} 
