{0: 'CrossLinkingMassSpectrometryRestraint_PriorPsi_Score_XL', 1: 'CrossLinkingMassSpectrometryRestraint_Distance_|0|0|0|XL|51.1|Rpb4|60|Rpb4|71|', 2: 'CrossLinkingMassSpectrometryRestraint_Distance_|0|0|0|XL|52.1|Rpb4|60|Rpb4|121|', 3: 'ReplicaExchange_MinTempFrequency', 4: 'rmf_frame_index', 5: 'CrossLinkingMassSpectrometryRestraint_PriorSig_Score_XL', 6: 'CrossLinkingMassSpectrometryRestraint_Data_Score_XL', 7: 'Total_Score', 8: 'Stopwatch_None_delta_seconds', 9: 'CrossLinkingMassSpectrometryRestraint_Distance_|0|0|0|XL|102.1|Rpb4|1|Rpb7|73|', 10: 'CrossLinkingMassSpectrometryRestraint_Score_|XL|51.1|Rpb4|60|Rpb4|71|', 11: 'ReplicaExchange_CurrentTemp', 12: 'ReplicaExchange_MaxTempFrequency', 13: 'MonteCarlo_StepSize_Nuisances_CrossLinkingMassSpectrometryRestraint_Psi_PSI_XL_3', 14: 'CrossLinkingMassSpectrometryRestraint_Score_|XL|102.1|Rpb4|1|Rpb7|73|', 15: 'ExcludedVolumeSphere_None', 16: 'CrossLinkingMassSpectrometryRestraint_Distance_|0|0|0|XL|53.1|Rpb4|60|Rpb4|142|', 17: 'CrossLinkingMassSpectrometryRestraint_Score_|XL|52.1|Rpb4|60|Rpb4|121|', 18: 'MonteCarlo_Acceptance_Nuisances_CrossLinkingMassSpectrometryRestraint_Psi_PSI_XL_3', 19: 'CrossLinkingMassSpectrometryRestraint_Score_|XL|53.1|Rpb4|60|Rpb4|142|', 20: 'ConnectivityRestraint_Rpb4', 21: 'ReplicaExchange_SwapSuccessRatio', 22: 'ConnectivityRestraint_Rpb7', 23: 'RMSD_None', 24: 'MonteCarlo_Nframe', 25: 'MonteCarlo_Acceptance_P6901 mover_0', 26: 'CrossLinkingMassSpectrometryRestraint_Distance_|0|0|0|XL|101.1|Rpb4|1|Rpb7|29|', 27: 'rmf_file', 28: 'MonteCarlo_Temperature', 29: 'CrossLinkingMassSpectrometryRestraint_Score_|XL|101.1|Rpb4|1|Rpb7|29|', 30: 'CrossLinkingMassSpectrometryRestraint_Sigma_SIGMA_XL', 31: 'RMSD_assignments_None', 32: 'CrossLinkingMassSpectrometryRestraint_Psi_PSI_XL', 33: 'MonteCarlo_Acceptance_Nuisances_CrossLinkingMassSpectrometryRestraint_Sigma_SIGMA_XL_2', 34: 'MonteCarlo_StepSize_Nuisances_CrossLinkingMassSpectrometryRestraint_Sigma_SIGMA_XL_2', 35: 'MonteCarlo_Acceptance_P6903 mover_1', 'STAT2HEADER': 'STAT2HEADER', 'STAT2HEADER_IMP_VERSIONS': "{'PMI_VERSION': 'develop-a5ac050', 'IMP_VERSION': 'develop-a5ac050'}", 'STAT2HEADER_ENVIRON': "{'CPPFLAGS': '-I/c5/shared/chimera/1.11/include -I/c5/shared/openmpi/1.6.3/sge/6.2u4/gcc-4.6.2-gmp-4.3.2-mpfr-3.1.0-mpc-0.8.2--disable-dlopen/include -I/c5/shared/hdf5/1.8.10/include -I/c5/shared/git/1.8.2.1/include -I/c5/shared/cmake/3.0.2/include -I/c5/shared/gcc/4.6.2-gmp-4.3.2-mpfr-3.1.0-mpc-0.8.2/include -I/c5/shared/Python/2.7.5-shared/include -I/c5/shared/boost/1.54.0/python-2.7.5-shared/include -I/c5/shared/openbabel/2.3.2/python-2.7.3-shared/include -I/c5/shared/Oracle_java/jre/8/include', 'DBUS_SESSION_BUS_ADDRESS': 'unix:abstract=/tmp/dbus-8eCxv7Pec0,guid=682d57c811371dcc5569ec0059774852', 'COLORTERM': 'gnome-terminal', 'IMP_BIN_DIR': '/Bis/home/rpellari/imp-projects/imp-050517/imp-fast/bin', 'OMPI_MCA_orte_num_nodes': '1', 'OMPI_MCA_orte_app_num': '0', 'SHELL': '/bin/bash', 'LD_RUN_PATH': '/c5/shared/chimera/1.11/lib:/c5/shared/openmpi/1.6.3/sge/6.2u4/gcc-4.6.2-gmp-4.3.2-mpfr-3.1.0-mpc-0.8.2--disable-dlopen/lib:/c5/shared/hdf5/1.8.10/lib:/c5/shared/git/1.8.2.1/lib:/c5/shared/gcc/4.6.2-gmp-4.3.2-mpfr-3.1.0-mpc-0.8.2/lib64:/c5/shared/gcc/4.6.2-gmp-4.3.2-mpfr-3.1.0-mpc-0.8.2/lib:/c5/shared/Python/2.7.5-shared/lib:/c5/shared/boost/1.54.0/python-2.7.5-shared/lib:/c5/shared/openbabel/2.3.2/python-2.7.3-shared/lib:/c5/shared/Oracle_java/jre/8/lib', 'HISTSIZE': '1000', '__GL_SYNC_DISPLAY_DEVICE': '', 'MANPATH': '/c5/shared/chimera/1.11/share/man:/c5/shared/openmpi/1.6.3/sge/6.2u4/gcc-4.6.2-gmp-4.3.2-mpfr-3.1.0-mpc-0.8.2--disable-dlopen/share/man:/c5/shared/hdf5/1.8.10/share/man:/c5/shared/git/1.8.2.1/share/man:/c5/shared/cmake/3.0.2/share/man:/c5/shared/swig/2.0.4/share/man:/c5/shared/gcc/4.6.2-gmp-4.3.2-mpfr-3.1.0-mpc-0.8.2/share/man:/c5/shared/Python/2.7.5-shared/share/man:/c5/SGE/man:/c5/shared/xournal/0.4.5/share/man:/c5/shared/R/3.1.3/share/man:/c5/shared/povray/3.6.1/share/man:/c5/shared/openbabel/2.3.2/python-2.7.3-shared/share/man:/c5/shared/Oracle_java/jre/8/man:/c5/shared/apbs/1.2.1/share/man:/c5/shared/man:/usr/share/man:/usr/X11R6/man:/usr/local/man:/usr/kerberos/man:/usr/man', 'XMODIFIERS': '@im=none', 'PYTHONPATH': '/Bis/home/rpellari/imp-projects/imp-050517/imp-fast/lib:/Bis/home/rpellari/imp-projects/imp-050517/imp-fast/lib:/c5/shared/modeller/9v8/modlib:/c5/shared/modeller/9v8/lib/x86_64-intel8', 'ICMHOME': '/c5/shared/icm/3.7-2a', 'PVM_ARCH': 'LINUX64', 'MOLSOFTD_LICENSE_FILE': '/c5/shared/icm/license.dat', 'SGE_CLUSTER_NAME': 'BIS', 'MOLBROWSERPROHOME': '/usr/icm-browser-pro/', 'DESKTOP_SESSION': 'default', 'HOSTNAME': 'liberte.bis.pasteur.fr', 'OMPI_MCA_orte_ess_num_procs': '8', 'MAIL': '/var/spool/mail/rpellari', 'LS_COLORS': 'no=00:fi=00:di=00;34:ln=00;36:pi=40;33:so=00;35:bd=40;33;01:cd=40;33;01:or=01;05;37;41:mi=01;05;37;41:ex=00;32:*.cmd=00;32:*.exe=00;32:*.com=00;32:*.btm=00;32:*.bat=00;32:*.sh=00;32:*.csh=00;32:*.tar=00;31:*.tgz=00;31:*.arj=00;31:*.taz=00;31:*.lzh=00;31:*.zip=00;31:*.z=00;31:*.Z=00;31:*.gz=00;31:*.bz2=00;31:*.bz=00;31:*.tz=00;31:*.rpm=00;31:*.cpio=00;31:*.jpg=00;35:*.gif=00;35:*.bmp=00;35:*.xbm=00;35:*.xpm=00;35:*.png=00;35:*.tif=00;35:', 'SSH_ASKPASS': '/usr/libexec/openssh/gnome-ssh-askpass', 'KDE_IS_PRELINKED': '1', 'GNOME_DESKTOP_SESSION_ID': 'Default', 'OMPI_MCA_orte_num_restarts': '0', 'LESSOPEN': '|/usr/bin/lesspipe.sh %s', 'CVS_RSH': 'ssh', 'USER': 'rpellari', 'HOME': '/Bis/home/rpellari', '__GL_SINGLE_THREADED': '0', 'XAUTHORITY': '/tmp/.gdmMJTP3Y', 'SESSION_MANAGER': 'local/liberte.bis.pasteur.fr:/tmp/.ICE-unix/18584', 'SHLVL': '2', 'IMP_DATA': '/Bis/home/rpellari/imp-projects/imp-050517/imp-fast/data', 'IMP_EXAMPLE_DATA': '/Bis/home/rpellari/imp-projects/imp-050517/imp-fast/doc/examples', 'DISPLAY': ':0.0', 'OMPI_MCA_orte_local_daemon_uri': '1246953472.0;tcp://157.99.90.217:48210', 'WINDOWID': '22435983', 'MODULESHOME': '/usr/share/Modules', 'SGE_ROOT': '/c5/SGE', 'QTLIB': '/usr/lib64/qt-3.3/lib', 'OMPI_MCA_orte_ess_node_rank': '1', 'GDMSESSION': 'default', 'OMPI_COMM_WORLD_LOCAL_SIZE': '8', 'MODULEPATH': '/usr/share/Modules/modulefiles:/c5/shared/modulefiles:/Bis/home/rpellari/privatemodules', 'OMPI_MCA_orte_cpu_model': 'Intel(R) Xeon(R) CPU           E5410  @ 2.33GHz', 'OMPI_COMM_WORLD_NODE_RANK': '1', 'PVM_RSH': '/usr/bin/ssh', 'OMPI_MCA_orte_hnp_uri': '1246953472.0;tcp://157.99.90.217:48210', 'GTK_RC_FILES': '/etc/gtk/gtkrc:/Bis/home/rpellari/.gtkrc-1.2-gnome2', 'OMPI_COMM_WORLD_SIZE': '8', '_LMFILES_': '/usr/share/Modules/modulefiles/use.own:/usr/share/Modules/modulefiles/null:/c5/shared/modulefiles/c5/shared/bin:/c5/shared/modulefiles/manpath:/c5/shared/modulefiles/pvm:/c5/shared/modulefiles/apbs/default:/c5/shared/modulefiles/icm/3.7-2a:/c5/shared/modulefiles/modeller/9v8:/c5/shared/modulefiles/Oracle_java/jre/8:/c5/shared/modulefiles/jabref/3.2:/c5/shared/modulefiles/matlab/R2012b:/c5/shared/modulefiles/mathematica/7.0.1:/c5/shared/modulefiles/ncbi_tools/20090809/gnu:/c5/shared/modulefiles/openbabel/2.3.2/without-python:/c5/shared/modulefiles/povray/3.6.1:/c5/shared/modulefiles/R/3.1.3:/c5/shared/modulefiles/seamonkey/latest-is-2.r:/c5/shared/modulefiles/xournal/0.4.5:/c5/shared/modulefiles/vmd/latest:/c5/shared/modulefiles/BIS:/c5/shared/modulefiles/boost/1.54.0-python-2.7.5-shared:/c5/shared/modulefiles/python/2.7.5-shared:/c5/shared/modulefiles/gcc/4.6.2-gmp-4.3.2-mpfr-3.1.0-mpc-0.8.2:/c5/shared/modulefiles/swig/2.0.4:/c5/shared/modulefiles/cmake/3.0.2:/c5/shared/modulefiles/ninja/1.3.4:/c5/shared/modulefiles/git/1.8.2.1:/c5/shared/modulefiles/hdf5/1.8.10:/c5/shared/modulefiles/openmpi/1.6.3/gcc-4.6.2-gmp-4.3.2-mpfr-3.1.0-mpc-0.8.2--disable-dlopen:/c5/shared/modulefiles/chimera/1.b', 'CXXFLAGS': '-I/c5/shared/chimera/1.11/include -I/c5/shared/openmpi/1.6.3/sge/6.2u4/gcc-4.6.2-gmp-4.3.2-mpfr-3.1.0-mpc-0.8.2--disable-dlopen/include -I/c5/shared/hdf5/1.8.10/include -I/c5/shared/git/1.8.2.1/include -I/c5/shared/cmake/3.0.2/include -I/c5/shared/gcc/4.6.2-gmp-4.3.2-mpfr-3.1.0-mpc-0.8.2/include -I/c5/shared/Python/2.7.5-shared/include -I/c5/shared/boost/1.54.0/python-2.7.5-shared/include -I/c5/shared/openbabel/2.3.2/python-2.7.3-shared/include', 'QTDIR': '/usr/lib64/qt-3.3', '__GL_SYNC_TO_VBLANK': '0', 'LD_LIBRARY_PATH': '/Bis/home/rpellari/imp-projects/imp-050517/imp-fast/lib:/Bis/home/rpellari/imp-projects/imp-050517/imp-fast/lib:/c5/shared/chimera/1.11/lib:/c5/shared/openmpi/1.6.3/sge/6.2u4/gcc-4.6.2-gmp-4.3.2-mpfr-3.1.0-mpc-0.8.2--disable-dlopen/lib:/c5/shared/hdf5/1.8.10/lib:/c5/shared/git/1.8.2.1/lib:/c5/shared/gcc/4.6.2-gmp-4.3.2-mpfr-3.1.0-mpc-0.8.2/lib:/c5/shared/gcc/4.6.2-gmp-4.3.2-mpfr-3.1.0-mpc-0.8.2/lib64:/c5/shared/Python/2.7.5-shared/lib:/c5/shared/boost/1.54.0/python-2.7.5-shared/lib:/c5/shared/openbabel/2.3.2/python-2.7.3-shared/lib:/c5/shared/Oracle_java/jre/8/lib/amd64/server:/c5/shared/Oracle_java/jre/8/lib/amd64:/c5/shared/Oracle_java/jre/8/lib:/c5/shared/modeller/9v8/lib/x86_64-intel8', 'LANG': 'en_US.UTF-8', 'KDEDIR': '/usr', 'QTINC': '/usr/lib64/qt-3.3/include', 'NXDIR': '/usr/NX', 'G_BROKEN_FILENAMES': '1', 'IMP_TMP_DIR': '/Bis/home/rpellari/imp-projects/imp-050517/imp-fast/tmp', 'KDE_NO_IPV6': '1', 'OMPI_MCA_orte_precondition_transports': 'a439a2a1b2260542-7636a4b7649038db', 'PVM_ROOT': '/usr/share/pvm3', 'USERNAME': 'rpellari', 'GDM_XSERVER_LOCATION': 'local', '__GL_DEFAULT_LOG_ANISO': '0', 'OMPI_COMM_WORLD_LOCAL_RANK': '1', 'BASH_FUNC_module()': '() {  eval `/usr/bin/modulecmd bash $*`\\n}', 'OMPI_UNIVERSE_SIZE': '1', 'OMPI_COMM_WORLD_RANK': '1', 'OMPI_MCA_mpi_yield_when_idle': '0', 'OMPI_MCA_ess': 'env', 'OMPI_MCA_shmem_RUNTIME_QUERY_hint': 'mmap', 'OMPI_MCA_orte_ess_vpid': '1', 'SGE_CELL': 'default', 'LOGNAME': 'rpellari', 'PATH': '/Bis/home/rpellari/imp-projects/imp-050517/imp-fast/bin:/Bis/home/rpellari/imp-projects/imp-050517/imp-fast/module_bin/algebra:/Bis/home/rpellari/imp-projects/imp-050517/imp-fast/module_bin/atom:/Bis/home/rpellari/imp-projects/imp-050517/imp-fast/module_bin/bayesianem:/Bis/home/rpellari/imp-projects/imp-050517/imp-fast/module_bin/benchmark:/Bis/home/rpellari/imp-projects/imp-050517/imp-fast/module_bin/container:/Bis/home/rpellari/imp-projects/imp-050517/imp-fast/module_bin/core:/Bis/home/rpellari/imp-projects/imp-050517/imp-fast/module_bin/crosslinkms:/Bis/home/rpellari/imp-projects/imp-050517/imp-fast/module_bin/display:/Bis/home/rpellari/imp-projects/imp-050517/imp-fast/module_bin/domino:/Bis/home/rpellari/imp-projects/imp-050517/imp-fast/module_bin/em:/Bis/home/rpellari/imp-projects/imp-050517/imp-fast/module_bin/evcov:/Bis/home/rpellari/imp-projects/imp-050517/imp-fast/module_bin/example:/Bis/home/rpellari/imp-projects/imp-050517/imp-fast/module_bin/foxs:/Bis/home/rpellari/imp-projects/imp-050517/imp-fast/module_bin/gsl:/Bis/home/rpellari/imp-projects/imp-050517/imp-fast/module_bin/isd:/Bis/home/rpellari/imp-projects/imp-050517/imp-fast/module_bin/kernel:/Bis/home/rpellari/imp-projects/imp-050517/imp-fast/module_bin/kinematics:/Bis/home/rpellari/imp-projects/imp-050517/imp-fast/module_bin/kmeans:/Bis/home/rpellari/imp-projects/imp-050517/imp-fast/module_bin/misc:/Bis/home/rpellari/imp-projects/imp-050517/imp-fast/module_bin/modeller:/Bis/home/rpellari/imp-projects/imp-050517/imp-fast/module_bin/mpi:/Bis/home/rpellari/imp-projects/imp-050517/imp-fast/module_bin/multi_state:/Bis/home/rpellari/imp-projects/imp-050517/imp-fast/module_bin/parallel:/Bis/home/rpellari/imp-projects/imp-050517/imp-fast/module_bin/pepdock:/Bis/home/rpellari/imp-projects/imp-050517/imp-fast/module_bin/pmi:/Bis/home/rpellari/imp-projects/imp-050517/imp-fast/module_bin/quantxl:/Bis/home/rpellari/imp-projects/imp-050517/imp-fast/module_bin/rmf:/Bis/home/rpellari/imp-projects/imp-050517/imp-fast/module_bin/rotamer:/Bis/home/rpellari/imp-projects/imp-050517/imp-fast/module_bin/saxs:/Bis/home/rpellari/imp-projects/imp-050517/imp-fast/module_bin/saxs_merge:/Bis/home/rpellari/imp-projects/imp-050517/imp-fast/module_bin/score_functor:/Bis/home/rpellari/imp-projects/imp-050517/imp-fast/module_bin/scratch:/Bis/home/rpellari/imp-projects/imp-050517/imp-fast/module_bin/statistics:/Bis/home/rpellari/imp-projects/imp-050517/imp-fast/module_bin/symmetry:/Bis/home/rpellari/imp-projects/imp-050517/imp-fast/module_bin/test:/Bis/home/rpellari/imp-projects/imp-050517/imp-fast/bin:/Bis/home/rpellari/imp-projects/imp-050517/imp-fast/bin:/c5/shared/chimera/1.11/bin:/c5/shared/openmpi/1.6.3/sge/6.2u4/gcc-4.6.2-gmp-4.3.2-mpfr-3.1.0-mpc-0.8.2--disable-dlopen/bin:/c5/shared/hdf5/1.8.10/bin:/c5/shared/git/1.8.2.1/bin:/c5/shared/ninja/1.3.4:/c5/shared/cmake/3.0.2/bin:/c5/shared/swig/2.0.4/bin:/c5/shared/gcc/4.6.2-gmp-4.3.2-mpfr-3.1.0-mpc-0.8.2/bin:/c5/shared/Python/2.7.5-shared/bin:/Bis/home/rpellari/local/bin:/c5/SGE/bin/lx26-amd64:/Bis/home/rpellari/local/bin:/usr/lib64/qt-3.3/bin:/usr/kerberos/bin:/c5/SGE/bin/lx26-amd64:/c5/shared/vmd/vmd-1.9.1:/c5/shared/xournal/0.4.5/bin:/c5/shared/seamonkey/2.29/:/c5/shared/R/3.1.3/bin:/c5/shared/povray/3.6.1/bin/:/c5/shared/openbabel/2.3.2/python-2.7.3-shared/bin:/c5/shared/ncbi_tools/20090809/ncbi/bin:/c5/shared/Wolfram/Mathematica/7.0/Executables:/c5/shared/matlab/7.15/bin/:/c5/shared/Oracle_java/jre/8/bin:/c5/shared/JabRef/3.2:/c5/shared/modeller/9v8/bin/:/c5/shared/icm/3.7-2a:/c5/shared/apbs/1.2.1/bin/:/usr/share/pvm3/bin/LINUX64:/usr/share/pvm3/lib/LINUX64:/usr/share/pvm3/lib:/c5/shared/bin:/usr/local/bin:/usr/bin:/bin:/usr/X11R6/bin:/usr/NX/bin:/Bis/home/rpellari/bin:/usr/NX/bin', 'OMPI_MCA_orte_ess_jobid': '1246953473', 'SSH_AGENT_PID': '18623', 'TERM': 'xterm', 'OPAL_OUTPUT_STDERR_FD': '28', 'LDFLAGS': '-L/c5/shared/chimera/1.11/lib -L/c5/shared/openmpi/1.6.3/sge/6.2u4/gcc-4.6.2-gmp-4.3.2-mpfr-3.1.0-mpc-0.8.2--disable-dlopen/lib -L/c5/shared/hdf5/1.8.10/lib -L/c5/shared/git/1.8.2.1/lib -L/c5/shared/gcc/4.6.2-gmp-4.3.2-mpfr-3.1.0-mpc-0.8.2/lib -L/c5/shared/Python/2.7.5-shared/lib -L/c5/shared/boost/1.54.0/python-2.7.5-shared/lib -L/c5/shared/openbabel/2.3.2/python-2.7.3-shared/lib -L/c5/shared/Oracle_java/jre/8/lib -L/usr/share/pvm3/lib/LINUX64 -lpvm3', 'BIS': '/c5/shared', 'OMPI_MCA_orte_cpu_type': 'GenuineIntel', 'SSH_AUTH_SOCK': '/tmp/ssh-vpLNi18584/agent.18584', '__GL_FSAA_MODE': '0', 'GNOME_KEYRING_SOCKET': '/tmp/keyring-2eczAj/socket', 'LOADEDMODULES': 'use.own:null:c5/shared/bin:manpath:pvm:apbs/default:icm/3.7-2a:modeller/9v8:Oracle_java/jre/8:jabref/3.2:matlab/R2012b:mathematica/7.0.1:ncbi_tools/20090809/gnu:openbabel/2.3.2/without-python:povray/3.6.1:R/3.1.3:seamonkey/latest-is-2.r:xournal/0.4.5:vmd/latest:BIS:boost/1.54.0-python-2.7.5-shared:python/2.7.5-shared:gcc/4.6.2-gmp-4.3.2-mpfr-3.1.0-mpc-0.8.2:swig/2.0.4:cmake/3.0.2:ninja/1.3.4:git/1.8.2.1:hdf5/1.8.10:openmpi/1.6.3/gcc-4.6.2-gmp-4.3.2-mpfr-3.1.0-mpc-0.8.2--disable-dlopen:chimera/1.b', 'PWD': '/Bis/home/rpellari/imp-projects/imp-050517/imp_tutorial/rnapolii/modeling', 'DESKTOP_STARTUP_ID': '', 'CFLAGS': '-I/c5/shared/chimera/1.11/include -I/c5/shared/openmpi/1.6.3/sge/6.2u4/gcc-4.6.2-gmp-4.3.2-mpfr-3.1.0-mpc-0.8.2--disable-dlopen/include -I/c5/shared/hdf5/1.8.10/include -I/c5/shared/git/1.8.2.1/include -I/c5/shared/cmake/3.0.2/include -I/c5/shared/gcc/4.6.2-gmp-4.3.2-mpfr-3.1.0-mpc-0.8.2/include -I/c5/shared/Python/2.7.5-shared/include -I/c5/shared/boost/1.54.0/python-2.7.5-shared/include -I/c5/shared/openbabel/2.3.2/python-2.7.3-shared/include -I/c5/shared/Oracle_java/jre/8/include -I/usr/share/pvm3/include'}"} 
{0: 0.0, 1: '16.9882641927', 2: '14.5747067732', 3: '0.125', 4: 0, 5: 0.0, 6: '16.5460252238', 7: '16.5460252238', 8: '1.0', 9: '63.8675102493', 10: '0.075398843125', 11: '1.29926323891', 12: '0.125', 13: '0.05', 14: '1.71527632257', 15: '0.0', 16: '11.1289354604', 17: '0.0166840040757', 18: '0.977777777778', 19: '0.000905339703659', 20: '0.0', 21: '0.875', 22: '0.0', 23: '44.8373420419', 24: '8', 25: '0.922222222222', 26: '58.8087379481', 27: 'output_test/rmfs//1.rmf3', 28: '1.29926323891', 29: '1.60874687296', 30: '18.0154601062', 31: "['Rpb4.0->Rpb4.0', 'Rpb7.0->Rpb7.0']", 32: '0.419603991592', 33: '1.0', 34: '2.0', 35: '0.966666666667'} 
{0: 0.0, 1: '16.9882641927', 2: '14.5747067732', 3: '0.0909090909091', 4: 1, 5: 0.0, 6: '14.5497202197', 7: '14.5497202197', 8: '0.17', 9: '44.8285116589', 10: '0.0684687829437', 11: '1.92416739464', 12: '0.0909090909091', 13: '0.05', 14: '1.9865874482', 15: '0.0', 16: '11.1289354604', 17: '0.0136159476703', 18: '0.966666666667', 19: '0.000631219763698', 20: '0.0', 21: '0.909090909091', 22: '0.0', 23: '45.4549623584', 24: '11', 25: '0.925', 26: '37.8402787169', 27: 'output_test/rmfs//1.rmf3', 28: '1.92416739464', 29: '1.77565130978', 30: '7.89389859592', 31: "['Rpb4.0->Rpb4.0', 'Rpb7.0->Rpb7.0']", 32: '0.214674238836', 33: '1.0', 34: '2.0', 35: '0.966666666667'} 
{0: 0.0, 1: '16.9882641927', 2: '14.5747067732', 3: '0.0833333333333', 4: 2, 5: 0.0, 6: '17.0995118858', 7: '17.0995118858', 8: '0.03', 9: '62.7485501391', 10: '0.0985122448313', 11: '2.19326663017', 12: '0.0833333333333', 13: '0.05', 14: '2.84834565664', 15: '0.0', 16: '11.1289354604', 17: '0.0210824629208', 18: '0.961538461538', 19: '0.00110479112776', 20: '0.0', 21: '0.916666666667', 22: '0.0', 23: '46.263609252', 24: '12', 25: '0.923076923077', 26: '53.3507595883', 27: 'output_test/rmfs//1.rmf3', 28: '2.19326663017', 29: '2.62155983629', 30: '12.0220065446', 31: "['Rpb4.0->Rpb4.0', 'Rpb7.0->Rpb7.0']", 32: '0.131860733019', 33: '1.0', 34: '2.0', 35: '0.961538461538'} 
{0: 0.0, 1: '16.9882641927', 2: '14.5747067732', 3: '0.03125', 4: 3, 5: 0.0, 6: '10.4884963618', 7: '10.4884963618', 8: '2.83', 9: '28.3724291676', 10: '0.0805527077706', 11: '1.92416739464', 12: '0.21875', 13: '0.05', 14: '1.40274596559', 15: '0.0', 16: '11.1289354604', 17: '0.0166553015097', 18: '0.930303030303', 19: '0.000822129815224', 20: '0.0', 21: '0.75', 22: '0.0', 23: '53.9821842979', 24: '32', 25: '0.930303030303', 26: '31.708628087', 27: 'output_test/rmfs//1.rmf3', 28: '1.92416739464', 29: '1.61055448491', 30: '9.28206931554', 31: "['Rpb4.0->Rpb4.0', 'Rpb7.0->Rpb7.0']", 32: '0.175119443786', 33: '0.963636363636', 34: '2.0', 35: '0.906060606061'} 
{0: 0.0, 1: '16.9882641927', 2: '14.5747067732', 3: '0.030303030303', 4: 4, 5: 0.0, 6: '9.68529743507', 7: '9.68529743507', 8: '0.07', 9: '21.4024090042', 10: '0.123949140308', 11: '1.68808495998', 12: '0.212121212121', 13: '0.05', 14: '0.722445562571', 15: '0.0', 16: '11.1289354604', 17: '0.0270343368087', 18: '0.932352941176', 19: '0.00146773629305', 20: '0.0', 21: '0.757575757576', 22: '0.0', 23: '49.3021793033', 24: '33', 25: '0.929411764706', 26: '30.3796534982', 27: 'output_test/rmfs//1.rmf3', 28: '1.68808495998', 29: '2.06802734729', 30: '22.8341899203', 31: "['Rpb4.0->Rpb4.0', 'Rpb7.0->Rpb7.0']", 32: '0.113826925256', 33: '0.961764705882', 34: '2.0', 35: '0.902941176471'} 
{0: 0.0, 1: '16.9882641927', 2: '14.5747067732', 3: '0.0294117647059', 4: 5, 5: 0.0, 6: '7.14532769391', 7: '7.14532769391', 8: '0.05', 9: '15.3322066539', 10: '0.116977010667', 11: '1.48096811771', 12: '0.205882352941', 13: '0.05', 14: '0.0393641533692', 15: '0.0', 16: '11.1289354604', 17: '0.025579509826', 18: '0.934285714286', 19: '0.00138950781051', 20: '0.0', 21: '0.764705882353', 22: '0.0', 23: '51.9563582339', 24: '34', 25: '0.931428571429', 26: '23.0015255371', 27: 'output_test/rmfs//1.rmf3', 28: '1.48096811771', 29: '1.01231047384', 30: '22.6446276709', 31: "['Rpb4.0->Rpb4.0', 'Rpb7.0->Rpb7.0']", 32: '0.159473628939', 33: '0.957142857143', 34: '2.0', 35: '0.9'} 
{0: 0.0, 1: '16.9882641927', 2: '14.5747067732', 3: '0.0285714285714', 4: 6, 5: 0.0, 6: '7.03786210317', 7: '7.03786210317', 8: '0.41', 9: '14.8730203332', 10: '0.0919090014288', 11: '1.29926323891', 12: '0.2', 13: '0.05', 14: '0.0228898659478', 15: '0.0', 16: '11.1289354604', 17: '0.0201745227723', 18: '0.936111111111', 19: '0.00109066399', 20: '0.0', 21: '0.771428571429', 22: '0.0', 23: '51.3721085513', 24: '35', 25: '0.922222222222', 26: '21.1682696919', 27: 'output_test/rmfs//1.rmf3', 28: '1.29926323891', 29: '0.465479695378', 30: '16.9893135571', 31: "['Rpb4.0->Rpb4.0', 'Rpb7.0->Rpb7.0']", 32: '0.28733262177', 33: '0.958333333333', 34: '2.0', 35: '0.891666666667'} 
{0: 0.0, 1: '16.9882641927', 2: '14.5747067732', 3: '0.0277777777778', 4: 7, 5: 0.0, 6: '6.36828878512', 7: '6.36828878512', 8: '0.44', 9: '8.52587232047', 10: '0.0633121257606', 11: '1.13985228539', 12: '0.194444444444', 13: '0.05', 14: '1.4780036081e-05', 15: '0.0', 16: '11.1289354604', 17: '0.0129532361834', 18: '0.932432432432', 19: '0.000624211580152', 20: '0.0', 21: '0.777777777778', 22: '0.0', 23: '50.180484193', 24: '36', 25: '0.916216216216', 26: '12.043285558', 27: 'output_test/rmfs//1.rmf3', 28: '1.13985228539', 29: '0.00121775120159', 30: '8.57501085009', 31: "['Rpb4.0->Rpb4.0', 'Rpb7.0->Rpb7.0']", 32: '0.314495198528', 33: '0.959459459459', 34: '2.0', 35: '0.889189189189'} 
{0: 0.0, 1: '16.9882641927', 2: '14.5747067732', 3: '0.027027027027', 4: 8, 5: 0.0, 6: '7.96698000633', 7: '7.96698000633', 8: '0.07', 9: '14.7087762582', 10: '0.013860897999', 11: '1.0', 12: '0.189189189189', 13: '0.05', 14: '0.0012792550787', 15: '0.0', 16: '11.1289354604', 17: '0.00128693343412', 18: '0.934210526316', 19: '2.96660373758e-05', 20: '0.0', 21: '0.783783783784', 22: '0.0', 23: '54.0070293902', 24: '37', 25: '0.910526315789', 26: '22.6452513956', 27: 'output_test/rmfs//1.rmf3', 28: '1.0', 29: '0.392457635511', 30: '2.22920296775', 31: "['Rpb4.0->Rpb4.0', 'Rpb7.0->Rpb7.0']", 32: '0.456288052586', 33: '0.955263157895', 34: '2.0', 35: '0.871052631579'} 
{0: 0.0, 1: '16.9882641927', 2: '14.5747067732', 3: '0.0526315789474', 4: 9, 5: 0.0, 6: '7.17615794868', 7: '7.17615794868', 8: '0.86', 9: '20.5151708956', 10: '0.0136241733099', 11: '1.0', 12: '0.184210526316', 13: '0.05', 14: '0.189096161948', 15: '0.0', 16: '11.1289354604', 17: '0.000711567966128', 18: '0.933333333333', 19: '2.16155145784e-06', 20: '0.0', 21: '0.763157894737', 22: '0.0', 23: '55.2488163725', 24: '38', 25: '0.907692307692', 26: '22.1410822172', 27: 'output_test/rmfs//1.rmf3', 28: '1.0', 29: '0.42936818888', 30: '0.996525056474', 31: "['Rpb4.0->Rpb4.0', 'Rpb7.0->Rpb7.0']", 32: '0.304396396415', 33: '0.951282051282', 34: '2.0', 35: '0.866666666667'} 
{0: 0.0, 1: '16.9882641927', 2: '14.5747067732', 3: '0.0769230769231', 4: 10, 5: 0.0, 6: '5.96115514702', 7: '6.56256329076', 8: '0.3', 9: '20.3494804451', 10: '0.0245605581977', 11: '1.13985228539', 12: '0.179487179487', 13: '0.05', 14: '0.235479721866', 15: '0.601408143734', 16: '11.1289354604', 17: '0.00255696609524', 18: '0.9325', 19: '6.62982984081e-05', 20: '0.0', 21: '0.769230769231', 22: '0.0', 23: '53.9950210626', 24: '39', 25: '0.8975', 26: '20.1264081608', 27: 'output_test/rmfs//1.rmf3', 28: '1.13985228539', 29: '0.208136119288', 30: '2.41961087725', 31: "['Rpb4.0->Rpb4.0', 'Rpb7.0->Rpb7.0']", 32: '0.125303235877', 33: '0.95', 34: '2.0', 35: '0.8625'} 
{0: 0.0, 1: '16.9882641927', 2: '14.5747067732', 3: '0.075', 4: 11, 5: 0.0, 6: '6.47340125502', 7: '8.94642450069', 8: '1.05', 9: '10.4569850946', 10: '0.0130841980504', 11: '1.29926323891', 12: '0.175', 13: '0.05', 14: '2.18337564105e-07', 15: '2.47302324567', 16: '11.1289354604', 17: '0.00068354049088', 18: '0.934146341463', 19: '2.07644055824e-06', 20: '0.0', 21: '0.775', 22: '0.0', 23: '51.0273747187', 24: '40', 25: '0.882926829268', 26: '19.0568939253', 27: 'output_test/rmfs//1.rmf3', 28: '1.29926323891', 29: '0.0711989479841', 30: '0.804520177451', 31: "['Rpb4.0->Rpb4.0', 'Rpb7.0->Rpb7.0']", 32: '0.331785699026', 33: '0.943902439024', 34: '2.0', 35: '0.858536585366'} 
{0: 0.0, 1: '16.9882641927', 2: '14.5747067732', 3: '0.0731707317073', 4: 12, 5: 0.0, 6: '6.97858017684', 7: '6.97858017684', 8: '0.97', 9: '14.9532589176', 10: '0.0408923046202', 11: '1.48096811771', 12: '0.170731707317', 13: '0.05', 14: '0.00905278801559', 15: '0.0', 16: '11.1289354604', 17: '0.0072666394796', 18: '0.935714285714', 19: '0.000270888584986', 20: '0.0', 21: '0.780487804878', 22: '0.0', 23: '51.6009580612', 24: '41', 25: '0.87619047619', 26: '18.1063829196', 27: 'output_test/rmfs//1.rmf3', 28: '1.48096811771', 29: '0.0724735690186', 30: '5.66434975078', 31: "['Rpb4.0->Rpb4.0', 'Rpb7.0->Rpb7.0']", 32: '0.403350385391', 33: '0.945238095238', 34: '2.0', 35: '0.85'} 
{0: 0.0, 1: '16.9882641927', 2: '14.5747067732', 3: '0.0714285714286', 4: 13, 5: 0.0, 6: '6.90669432359', 7: '10.0307095906', 8: '0.28', 9: '19.2393937278', 10: '0.0116600080362', 11: '1.68808495998', 12: '0.166666666667', 13: '0.05', 14: '0.0719959056057', 15: '3.12401526705', 16: '11.1289354604', 17: '0.000609548886638', 18: '0.937209302326', 19: '1.85173918183e-06', 20: '0.0', 21: '0.785714285714', 22: '0.0', 23: '48.1373661961', 24: '42', 25: '0.874418604651', 26: '13.5266302086', 27: 'output_test/rmfs//1.rmf3', 28: '1.68808495998', 29: '9.14045966664e-05', 30: '0.667735838898', 31: "['Rpb4.0->Rpb4.0', 'Rpb7.0->Rpb7.0']", 32: '0.40409623714', 33: '0.944186046512', 34: '2.0', 35: '0.846511627907'} 
{0: 0.0, 1: '16.9882641927', 2: '14.5747067732', 3: '0.0697674418605', 4: 14, 5: 0.0, 6: '6.89290137688', 7: '6.89290137688', 8: '0.42', 9: '17.6910772658', 10: '0.0199546708644', 11: '1.92416739464', 12: '0.162790697674', 13: '0.05', 14: '0.0309038562106', 15: '0.0', 16: '11.1289354604', 17: '0.00243977572749', 18: '0.938636363636', 19: '7.14329888221e-05', 20: '0.0', 21: '0.790697674419', 22: '0.0', 23: '50.621762297', 24: '43', 25: '0.868181818182', 26: '18.8774020855', 27: 'output_test/rmfs//1.rmf3', 28: '1.92416739464', 29: '0.0704302194961', 30: '2.7931281646', 31: "['Rpb4.0->Rpb4.0', 'Rpb7.0->Rpb7.0']", 32: '0.391788377546', 33: '0.940909090909', 34: '2.0', 35: '0.840909090909'} 
{0: 0.0, 1: '16.9882641927', 2: '14.5747067732', 3: '0.0508474576271', 4: 15, 5: 0.0, 6: '6.68084135606', 7: '7.71434815992', 8: '4.93', 9: '15.9094680201', 10: '0.0694901798613', 11: '1.68808495998', 12: '0.118644067797', 13: '0.05', 14: '0.0339905889101', 15: '1.03350680386', 16: '11.1289354604', 17: '0.014378037769', 18: '0.92', 19: '0.000706393056137', 20: '0.0', 21: '0.762711864407', 22: '0.0', 23: '53.167713163', 24: '59', 25: '0.886666666667', 26: '20.5251134611', 27: 'output_test/rmfs//1.rmf3', 28: '1.68808495998', 29: '0.308752213116', 30: '9.07902817426', 31: "['Rpb4.0->Rpb4.0', 'Rpb7.0->Rpb7.0']", 32: '0.276365946155', 33: '0.94', 34: '2.0', 35: '0.848333333333'} 
{0: 0.0, 1: '16.9882641927', 2: '14.5747067732', 3: '0.0491803278689', 4: 16, 5: 0.0, 6: '7.34737229317', 7: '7.34737229317', 8: '0.31', 9: '22.115404844', 10: '0.0651504586609', 11: '1.29926323891', 12: '0.114754098361', 13: '0.05', 14: '0.620648605546', 15: '0.0', 16: '11.1289354604', 17: '0.0115596857476', 18: '0.922580645161', 19: '0.000437681384965', 20: '0.0', 21: '0.770491803279', 22: '0.0', 23: '53.3418254383', 24: '61', 25: '0.883870967742', 26: '24.6872815352', 27: 'output_test/rmfs//1.rmf3', 28: '1.29926323891', 29: '1.18198453639', 30: '5.77968582119', 31: "['Rpb4.0->Rpb4.0', 'Rpb7.0->Rpb7.0']", 32: '0.0729858013332', 33: '0.938709677419', 34: '2.0', 35: '0.841935483871'} 
